Component: ARM Compiler 5.06 update 6 (build 750) Tool: armlink [4d35ed]

==============================================================================

Section Cross References

    startup_stm32l052xx.o(RESET) refers to startup_stm32l052xx.o(STACK) for __initial_sp
    startup_stm32l052xx.o(RESET) refers to startup_stm32l052xx.o(.text) for Reset_Handler
    startup_stm32l052xx.o(RESET) refers to stm32l0xx_it.o(i.NMI_Handler) for NMI_Handler
    startup_stm32l052xx.o(RESET) refers to stm32l0xx_it.o(i.HardFault_Handler) for HardFault_Handler
    startup_stm32l052xx.o(RESET) refers to stm32l0xx_it.o(i.SVC_Handler) for SVC_Handler
    startup_stm32l052xx.o(RESET) refers to stm32l0xx_it.o(i.PendSV_Handler) for PendSV_Handler
    startup_stm32l052xx.o(RESET) refers to stm32l0xx_it.o(i.SysTick_Handler) for SysTick_Handler
    startup_stm32l052xx.o(RESET) refers to stm32l0xx_it.o(i.TIM6_DAC_IRQHandler) for TIM6_DAC_IRQHandler
    startup_stm32l052xx.o(.text) refers to system_stm32l0xx.o(i.SystemInit) for SystemInit
    startup_stm32l052xx.o(.text) refers to entry.o(.ARM.Collect$$$$00000000) for __main
    helpers.o(i.build_packet_stat) refers to helpers.o(i.get_uuid) for get_uuid
    helpers.o(i.build_packet_trig) refers to helpers.o(i.get_uuid) for get_uuid
    helpers.o(i.send_packet) refers to nrf24.o(i.nrf24_send) for nrf24_send
    helpers.o(i.send_packet) refers to nrf24.o(i.nrf24_isSending) for nrf24_isSending
    helpers.o(i.send_packet) refers to nrf24.o(i.nrf24_lastMessageStatus) for nrf24_lastMessageStatus
    helpers.o(i.send_packet) refers to printf5.o(i.__0printf$5) for __2printf
    vl53l1x.o(i.VL53L1X_get_ID) refers to vl53l1x.o(i.readReg16Bit) for readReg16Bit
    vl53l1x.o(i.VL53L1X_get_ID) refers to printf5.o(i.__0printf$5) for __2printf
    vl53l1x.o(i.VL53L1X_init) refers to vl53l1x.o(i.readReg16Bit) for readReg16Bit
    vl53l1x.o(i.VL53L1X_init) refers to vl53l1x.o(i.writeReg) for writeReg
    vl53l1x.o(i.VL53L1X_init) refers to stm32l0xx_hal.o(i.HAL_Delay) for HAL_Delay
    vl53l1x.o(i.VL53L1X_init) refers to vl53l1x.o(i.startTimeout) for startTimeout
    vl53l1x.o(i.VL53L1X_init) refers to vl53l1x.o(i.checkTimeoutExpired) for checkTimeoutExpired
    vl53l1x.o(i.VL53L1X_init) refers to vl53l1x.o(i.readReg) for readReg
    vl53l1x.o(i.VL53L1X_init) refers to vl53l1x.o(i.writeReg16Bit) for writeReg16Bit
    vl53l1x.o(i.VL53L1X_init) refers to vl53l1x.o(i.setDistanceMode) for setDistanceMode
    vl53l1x.o(i.VL53L1X_init) refers to vl53l1x.o(i.setMeasurementTimingBudget) for setMeasurementTimingBudget
    vl53l1x.o(i.VL53L1X_init) refers to vl53l1x.o(.data) for .data
    vl53l1x.o(i.VL53L1X_readCont) refers to vl53l1x.o(i.startTimeout) for startTimeout
    vl53l1x.o(i.VL53L1X_readCont) refers to vl53l1x.o(i.checkTimeoutExpired) for checkTimeoutExpired
    vl53l1x.o(i.VL53L1X_readCont) refers to vl53l1x.o(i.dataReady) for dataReady
    vl53l1x.o(i.VL53L1X_readCont) refers to vl53l1x.o(i.readResults) for readResults
    vl53l1x.o(i.VL53L1X_readCont) refers to vl53l1x.o(i.setupManualCalibration) for setupManualCalibration
    vl53l1x.o(i.VL53L1X_readCont) refers to vl53l1x.o(i.updateDSS) for updateDSS
    vl53l1x.o(i.VL53L1X_readCont) refers to vl53l1x.o(i.getRangingData) for getRangingData
    vl53l1x.o(i.VL53L1X_readCont) refers to vl53l1x.o(i.writeReg) for writeReg
    vl53l1x.o(i.VL53L1X_readCont) refers to vl53l1x.o(.data) for .data
    vl53l1x.o(i.VL53L1X_readCont) refers to vl53l1x.o(.bss) for .bss
    vl53l1x.o(i.VL53L1X_readSingle) refers to vl53l1x.o(i.writeReg) for writeReg
    vl53l1x.o(i.VL53L1X_readSingle) refers to vl53l1x.o(i.VL53L1X_readCont) for VL53L1X_readCont
    vl53l1x.o(i.calcMacroPeriod) refers to uidiv.o(.text) for __aeabi_uidivmod
    vl53l1x.o(i.calcMacroPeriod) refers to vl53l1x.o(.data) for .data
    vl53l1x.o(i.checkTimeoutExpired) refers to stm32l0xx_hal.o(i.HAL_GetTick) for HAL_GetTick
    vl53l1x.o(i.checkTimeoutExpired) refers to vl53l1x.o(.data) for .data
    vl53l1x.o(i.countRateFixedToFloat) refers to ffltui.o(.text) for __aeabi_ui2f
    vl53l1x.o(i.countRateFixedToFloat) refers to fscalb.o(.text) for __ARM_scalbnf
    vl53l1x.o(i.dataReady) refers to vl53l1x.o(i.readReg) for readReg
    vl53l1x.o(i.getAddress) refers to vl53l1x.o(.data) for .data
    vl53l1x.o(i.getDistanceMode) refers to vl53l1x.o(.data) for .data
    vl53l1x.o(i.getMeasurementTimingBudget) refers to vl53l1x.o(i.readReg) for readReg
    vl53l1x.o(i.getMeasurementTimingBudget) refers to vl53l1x.o(i.calcMacroPeriod) for calcMacroPeriod
    vl53l1x.o(i.getMeasurementTimingBudget) refers to vl53l1x.o(i.readReg16Bit) for readReg16Bit
    vl53l1x.o(i.getMeasurementTimingBudget) refers to vl53l1x.o(i.__ARM_common_ll_muluu) for __ARM_common_ll_muluu
    vl53l1x.o(i.getRangingData) refers to vl53l1x.o(i.__ARM_common_switch8) for __ARM_common_switch8
    vl53l1x.o(i.getRangingData) refers to vl53l1x.o(i.countRateFixedToFloat) for countRateFixedToFloat
[...]
    Removing stm32l0xx_hal_dma.o(.revsh_text), (4 bytes).
    Removing stm32l0xx_hal_dma.o(i.DMA_SetConfig), (30 bytes).
    Removing stm32l0xx_hal_dma.o(i.HAL_DMA_Abort), (76 bytes).
    Removing stm32l0xx_hal_dma.o(i.HAL_DMA_Abort_IT), (152 bytes).
    Removing stm32l0xx_hal_dma.o(i.HAL_DMA_DeInit), (468 bytes).
    Removing stm32l0xx_hal_dma.o(i.HAL_DMA_GetError), (4 bytes).
    Removing stm32l0xx_hal_dma.o(i.HAL_DMA_GetState), (6 bytes).
    Removing stm32l0xx_hal_dma.o(i.HAL_DMA_IRQHandler), (640 bytes).
    Removing stm32l0xx_hal_dma.o(i.HAL_DMA_Init), (264 bytes).
    Removing stm32l0xx_hal_dma.o(i.HAL_DMA_PollForTransfer), (616 bytes).
    Removing stm32l0xx_hal_dma.o(i.HAL_DMA_Start), (50 bytes).
    Removing stm32l0xx_hal_dma.o(i.HAL_DMA_Start_IT), (78 bytes).
    Removing stm32l0xx_hal_pwr.o(.rev16_text), (4 bytes).
    Removing stm32l0xx_hal_pwr.o(.revsh_text), (4 bytes).
    Removing stm32l0xx_hal_pwr.o(i.HAL_PWR_ConfigPVD), (104 bytes).
    Removing stm32l0xx_hal_pwr.o(i.HAL_PWR_DeInit), (24 bytes).
    Removing stm32l0xx_hal_pwr.o(i.HAL_PWR_DisableBkUpAccess), (16 bytes).
    Removing stm32l0xx_hal_pwr.o(i.HAL_PWR_DisablePVD), (16 bytes).
    Removing stm32l0xx_hal_pwr.o(i.HAL_PWR_DisableSEVOnPend), (16 bytes).
    Removing stm32l0xx_hal_pwr.o(i.HAL_PWR_DisableSleepOnExit), (16 bytes).
    Removing stm32l0xx_hal_pwr.o(i.HAL_PWR_DisableWakeUpPin), (16 bytes).
    Removing stm32l0xx_hal_pwr.o(i.HAL_PWR_EnableBkUpAccess), (16 bytes).
    Removing stm32l0xx_hal_pwr.o(i.HAL_PWR_EnablePVD), (16 bytes).
    Removing stm32l0xx_hal_pwr.o(i.HAL_PWR_EnableSEVOnPend), (16 bytes).
    Removing stm32l0xx_hal_pwr.o(i.HAL_PWR_EnableSleepOnExit), (16 bytes).
    Removing stm32l0xx_hal_pwr.o(i.HAL_PWR_EnableWakeUpPin), (16 bytes).
    Removing stm32l0xx_hal_pwr.o(i.HAL_PWR_EnterSLEEPMode), (48 bytes).
    Removing stm32l0xx_hal_pwr.o(i.HAL_PWR_EnterSTANDBYMode), (32 bytes).
    Removing stm32l0xx_hal_pwr.o(i.HAL_PWR_EnterSTOPMode), (52 bytes).
    Removing stm32l0xx_hal_pwr.o(i.HAL_PWR_PVDCallback), (2 bytes).
    Removing stm32l0xx_hal_pwr.o(i.HAL_PWR_PVD_IRQHandler), (28 bytes).
    Removing stm32l0xx_hal_pwr_ex.o(.rev16_text), (4 bytes).
    Removing stm32l0xx_hal_pwr_ex.o(.revsh_text), (4 bytes).
    Removing stm32l0xx_hal_pwr_ex.o(i.HAL_PWREx_DisableFastWakeUp), (16 bytes).
    Removing stm32l0xx_hal_pwr_ex.o(i.HAL_PWREx_DisableLowPowerRunMode), (76 bytes).
    Removing stm32l0xx_hal_pwr_ex.o(i.HAL_PWREx_DisableUltraLowPower), (16 bytes).
    Removing stm32l0xx_hal_pwr_ex.o(i.HAL_PWREx_EnableFastWakeUp), (16 bytes).
    Removing stm32l0xx_hal_pwr_ex.o(i.HAL_PWREx_EnableLowPowerRunMode), (24 bytes).
    Removing stm32l0xx_hal_pwr_ex.o(i.HAL_PWREx_EnableUltraLowPower), (16 bytes).
    Removing stm32l0xx_hal_pwr_ex.o(i.HAL_PWREx_GetVoltageRange), (16 bytes).
    Removing stm32l0xx_hal_cortex.o(.rev16_text), (4 bytes).
    Removing stm32l0xx_hal_cortex.o(.revsh_text), (4 bytes).
    Removing stm32l0xx_hal_cortex.o(i.HAL_MPU_ConfigRegion), (80 bytes).
    Removing stm32l0xx_hal_cortex.o(i.HAL_NVIC_ClearPendingIRQ), (20 bytes).
    Removing stm32l0xx_hal_cortex.o(i.HAL_NVIC_DisableIRQ), (20 bytes).
    Removing stm32l0xx_hal_cortex.o(i.HAL_NVIC_GetPendingIRQ), (28 bytes).
    Removing stm32l0xx_hal_cortex.o(i.HAL_NVIC_GetPriority), (52 bytes).
    Removing stm32l0xx_hal_cortex.o(i.HAL_NVIC_SetPendingIRQ), (20 bytes).
    Removing stm32l0xx_hal_cortex.o(i.HAL_NVIC_SystemReset), (28 bytes).
    Removing system_stm32l0xx.o(.rev16_text), (4 bytes).
    Removing system_stm32l0xx.o(.revsh_text), (4 bytes).
    Removing system_stm32l0xx.o(i.SystemCoreClockUpdate), (136 bytes).
    Removing dadd.o(.text), (356 bytes).
    Removing dmul.o(.text), (208 bytes).
    Removing ddiv.o(.text), (240 bytes).
    Removing dfixul.o(.text), (64 bytes).
    Removing cdrcmple.o(.text), (40 bytes).
    Removing depilogue.o(.text), (190 bytes).
    Removing depilogue.o(i.__ARM_clz), (46 bytes).

542 unused section(s) (total 36384 bytes) removed from the image.

==============================================================================

Image Symbol Table

    Local Symbols

    Symbol Name                              Value     Ov Type        Size  Object(Section)

    ..//Src/system_stm32l0xx.c               0x00000000   Number         0  system_stm32l0xx.o ABSOLUTE
    ../Drivers/STM32L0xx_HAL_Driver/Src/stm32l0xx_hal.c 0x00000000   Number         0  stm32l0xx_hal.o ABSOLUTE
    ../Drivers/STM32L0xx_HAL_Driver/Src/stm32l0xx_hal_adc.c 0x00000000   Number         0  stm32l0xx_hal_adc.o ABSOLUTE
    ../Drivers/STM32L0xx_HAL_Driver/Src/stm32l0xx_hal_adc_ex.c 0x00000000   Number         0  stm32l0xx_hal_adc_ex.o ABSOLUTE
    ../Drivers/STM32L0xx_HAL_Driver/Src/stm32l0xx_hal_cortex.c 0x00000000   Number         0  stm32l0xx_hal_cortex.o ABSOLUTE
    ../Drivers/STM32L0xx_HAL_Driver/Src/stm32l0xx_hal_dma.c 0x00000000   Number         0  stm32l0xx_hal_dma.o ABSOLUTE
    ../Drivers/STM32L0xx_HAL_Driver/Src/stm32l0xx_hal_flash.c 0x00000000   Number         0  stm32l0xx_hal_flash.o ABSOLUTE
    ../Drivers/STM32L0xx_HAL_Driver/Src/stm32l0xx_hal_flash_ex.c 0x00000000   Number         0  stm32l0xx_hal_flash_ex.o ABSOLUTE
    ../Drivers/STM32L0xx_HAL_Driver/Src/stm32l0xx_hal_flash_ramfunc.c 0x00000000   Number         0  stm32l0xx_hal_flash_ramfunc.o ABSOLUTE
    ../Drivers/STM32L0xx_HAL_Driver/Src/stm32l0xx_hal_gpio.c 0x00000000   Number         0  stm32l0xx_hal_gpio.o ABSOLUTE
    ../Drivers/STM32L0xx_HAL_Driver/Src/stm32l0xx_hal_i2c.c 0x00000000   Number         0  stm32l0xx_hal_i2c.o ABSOLUTE
    ../Drivers/STM32L0xx_HAL_Driver/Src/stm32l0xx_hal_i2c_ex.c 0x00000000   Number         0  stm32l0xx_hal_i2c_ex.o ABSOLUTE
    ../Drivers/STM32L0xx_HAL_Driver/Src/stm32l0xx_hal_pcd.c 0x00000000   Number         0  stm32l0xx_hal_pcd.o ABSOLUTE
    ../Drivers/STM32L0xx_HAL_Driver/Src/stm32l0xx_hal_pcd_ex.c 0x00000000   Number         0  stm32l0xx_hal_pcd_ex.o ABSOLUTE
    ../Drivers/STM32L0xx_HAL_Driver/Src/stm32l0xx_hal_pwr.c 0x00000000   Number         0  stm32l0xx_hal_pwr.o ABSOLUTE
    ../Drivers/STM32L0xx_HAL_Driver/Src/stm32l0xx_hal_pwr_ex.c 0x00000000   Number         0  stm32l0xx_hal_pwr_ex.o ABSOLUTE
    ../Drivers/STM32L0xx_HAL_Driver/Src/stm32l0xx_hal_rcc.c 0x00000000   Number         0  stm32l0xx_hal_rcc.o ABSOLUTE
    ../Drivers/STM32L0xx_HAL_Driver/Src/stm32l0xx_hal_rcc_ex.c 0x00000000   Number         0  stm32l0xx_hal_rcc_ex.o ABSOLUTE
    ../Drivers/STM32L0xx_HAL_Driver/Src/stm32l0xx_hal_spi.c 0x00000000   Number         0  stm32l0xx_hal_spi.o ABSOLUTE
    ../Drivers/STM32L0xx_HAL_Driver/Src/stm32l0xx_hal_tim.c 0x00000000   Number         0  stm32l0xx_hal_tim.o ABSOLUTE
    ../Drivers/STM32L0xx_HAL_Driver/Src/stm32l0xx_hal_tim_ex.c 0x00000000   Number         0  stm32l0xx_hal_tim_ex.o ABSOLUTE
    ../Drivers/STM32L0xx_HAL_Driver/Src/stm32l0xx_hal_uart.c 0x00000000   Number         0  stm32l0xx_hal_uart.o ABSOLUTE
    ../Drivers/STM32L0xx_HAL_Driver/Src/stm32l0xx_hal_uart_ex.c 0x00000000   Number         0  stm32l0xx_hal_uart_ex.o ABSOLUTE
    ../Src/main.c                            0x00000000   Number         0  main.o ABSOLUTE
    ../Src/stm32l0xx_hal_msp.c               0x00000000   Number         0  stm32l0xx_hal_msp.o ABSOLUTE
    ../Src/stm32l0xx_it.c                    0x00000000   Number         0  stm32l0xx_it.o ABSOLUTE
    ../clib/microlib/division.c              0x00000000   Number         0  uidiv.o ABSOLUTE
    ../clib/microlib/division.c              0x00000000   Number         0  uldiv.o ABSOLUTE
    ../clib/microlib/init/entry.s            0x00000000   Number         0  entry11b.o ABSOLUTE
    ../clib/microlib/init/entry.s            0x00000000   Number         0  entry11a.o ABSOLUTE
    ../clib/microlib/init/entry.s            0x00000000   Number         0  entry9a.o ABSOLUTE
    ../clib/microlib/init/entry.s            0x00000000   Number         0  entry10b.o ABSOLUTE
    ../clib/microlib/init/entry.s            0x00000000   Number         0  entry9b.o ABSOLUTE
    ../clib/microlib/init/entry.s            0x00000000   Number         0  entry8b.o ABSOLUTE
    ../clib/microlib/init/entry.s            0x00000000   Number         0  entry.o ABSOLUTE
    ../clib/microlib/init/entry.s            0x00000000   Number         0  entry8a.o ABSOLUTE
    ../clib/microlib/init/entry.s            0x00000000   Number         0  entry10a.o ABSOLUTE
    ../clib/microlib/init/entry.s            0x00000000   Number         0  entry7b.o ABSOLUTE
    ../clib/microlib/init/entry.s            0x00000000   Number         0  entry7a.o ABSOLUTE
    ../clib/microlib/init/entry.s            0x00000000   Number         0  entry5.o ABSOLUTE
    ../clib/microlib/init/entry.s            0x00000000   Number         0  entry2.o ABSOLUTE
    ../clib/microlib/longlong.c              0x00000000   Number         0  llushr.o ABSOLUTE
    ../clib/microlib/longlong.c              0x00000000   Number         0  llshl.o ABSOLUTE
    ../clib/microlib/longlong.c              0x00000000   Number         0  llsshr.o ABSOLUTE
    ../clib/microlib/printf/printf.c         0x00000000   Number         0  printf6.o ABSOLUTE
    ../clib/microlib/printf/printf.c         0x00000000   Number         0  printf7.o ABSOLUTE
    ../clib/microlib/printf/printf.c         0x00000000   Number         0  printf0.o ABSOLUTE
    ../clib/microlib/printf/printf.c         0x00000000   Number         0  printf8.o ABSOLUTE
    ../clib/microlib/printf/printf.c         0x00000000   Number         0  printfa.o ABSOLUTE
    ../clib/microlib/printf/printf.c         0x00000000   Number         0  printf1.o ABSOLUTE
    ../clib/microlib/printf/printf.c         0x00000000   Number         0  printf4.o ABSOLUTE
    ../clib/microlib/printf/printf.c         0x00000000   Number         0  printf5.o ABSOLUTE
    ../clib/microlib/printf/printf.c         0x00000000   Number         0  printf2.o ABSOLUTE
    ../clib/microlib/printf/printf.c         0x00000000   Number         0  printf3.o ABSOLUTE
    ../clib/microlib/printf/printf.c         0x00000000   Number         0  printfb.o ABSOLUTE
    ../clib/microlib/printf/stubs.s          0x00000000   Number         0  stubs.o ABSOLUTE
    ../clib/microlib/stdio/streams.c         0x00000000   Number         0  stdout.o ABSOLUTE
    ../clib/microlib/string/memset.c         0x00000000   Number         0  memseta.o ABSOLUTE
    ../clib/microlib/stubs.s                 0x00000000   Number         0  iusefp.o ABSOLUTE
    ../fplib/microlib/fpadd.c                0x00000000   Number         0  dadd.o ABSOLUTE
    ../fplib/microlib/fpdiv.c                0x00000000   Number         0  ddiv.o ABSOLUTE
    ../fplib/microlib/fpepilogue.c           0x00000000   Number         0  depilogue.o ABSOLUTE
    ../fplib/microlib/fpepilogue.c           0x00000000   Number         0  fepilogue.o ABSOLUTE
    ../fplib/microlib/fpfix.c                0x00000000   Number         0  dfixul.o ABSOLUTE
    ../fplib/microlib/fpflt.c                0x00000000   Number         0  ffltui.o ABSOLUTE
    ../fplib/microlib/fpmul.c                0x00000000   Number         0  dmul.o ABSOLUTE
    ../fplib/microlib/fpscalb.c              0x00000000   Number         0  fscalb.o ABSOLUTE
    ..\Drivers\STM32L0xx_HAL_Driver\Src\stm32l0xx_hal.c 0x00000000   Number         0  stm32l0xx_hal.o ABSOLUTE
    ..\Drivers\STM32L0xx_HAL_Driver\Src\stm32l0xx_hal_adc.c 0x00000000   Number         0  stm32l0xx_hal_adc.o ABSOLUTE
    ..\Drivers\STM32L0xx_HAL_Driver\Src\stm32l0xx_hal_adc_ex.c 0x00000000   Number         0  stm32l0xx_hal_adc_ex.o ABSOLUTE
    ..\Drivers\STM32L0xx_HAL_Driver\Src\stm32l0xx_hal_cortex.c 0x00000000   Number         0  stm32l0xx_hal_cortex.o ABSOLUTE
    ..\Drivers\STM32L0xx_HAL_Driver\Src\stm32l0xx_hal_dma.c 0x00000000   Number         0  stm32l0xx_hal_dma.o ABSOLUTE
    ..\Drivers\STM32L0xx_HAL_Driver\Src\stm32l0xx_hal_flash.c 0x00000000   Number         0  stm32l0xx_hal_flash.o ABSOLUTE
    ..\Drivers\STM32L0xx_HAL_Driver\Src\stm32l0xx_hal_flash_ex.c 0x00000000   Number         0  stm32l0xx_hal_flash_ex.o ABSOLUTE
    ..\Drivers\STM32L0xx_HAL_Driver\Src\stm32l0xx_hal_flash_ramfunc.c 0x00000000   Number         0  stm32l0xx_hal_flash_ramfunc.o ABSOLUTE
    ..\Drivers\STM32L0xx_HAL_Driver\Src\stm32l0xx_hal_gpio.c 0x00000000   Number         0  stm32l0xx_hal_gpio.o ABSOLUTE
    ..\Drivers\STM32L0xx_HAL_Driver\Src\stm32l0xx_hal_i2c.c 0x00000000   Number         0  stm32l0xx_hal_i2c.o ABSOLUTE
    ..\Drivers\STM32L0xx_HAL_Driver\Src\stm32l0xx_hal_i2c_ex.c 0x00000000   Number         0  stm32l0xx_hal_i2c_ex.o ABSOLUTE
    ..\Drivers\STM32L0xx_HAL_Driver\Src\stm32l0xx_hal_pcd.c 0x00000000   Number         0  stm32l0xx_hal_pcd.o ABSOLUTE
    ..\Drivers\STM32L0xx_HAL_Driver\Src\stm32l0xx_hal_pcd_ex.c 0x00000000   Number         0  stm32l0xx_hal_pcd_ex.o ABSOLUTE
    ..\Drivers\STM32L0xx_HAL_Driver\Src\stm32l0xx_hal_pwr.c 0x00000000   Number         0  stm32l0xx_hal_pwr.o ABSOLUTE
    ..\Drivers\STM32L0xx_HAL_Driver\Src\stm32l0xx_hal_pwr_ex.c 0x00000000   Number         0  stm32l0xx_hal_pwr_ex.o ABSOLUTE
    ..\Drivers\STM32L0xx_HAL_Driver\Src\stm32l0xx_hal_rcc.c 0x00000000   Number         0  stm32l0xx_hal_rcc.o ABSOLUTE
    ..\Drivers\STM32L0xx_HAL_Driver\Src\stm32l0xx_hal_rcc_ex.c 0x00000000   Number         0  stm32l0xx_hal_rcc_ex.o ABSOLUTE
    ..\Drivers\STM32L0xx_HAL_Driver\Src\stm32l0xx_hal_spi.c 0x00000000   Number         0  stm32l0xx_hal_spi.o ABSOLUTE
    ..\Drivers\STM32L0xx_HAL_Driver\Src\stm32l0xx_hal_tim.c 0x00000000   Number         0  stm32l0xx_hal_tim.o ABSOLUTE
    ..\Drivers\STM32L0xx_HAL_Driver\Src\stm32l0xx_hal_tim_ex.c 0x00000000   Number         0  stm32l0xx_hal_tim_ex.o ABSOLUTE
    ..\Drivers\STM32L0xx_HAL_Driver\Src\stm32l0xx_hal_uart.c 0x00000000   Number         0  stm32l0xx_hal_uart.o ABSOLUTE
    ..\Drivers\STM32L0xx_HAL_Driver\Src\stm32l0xx_hal_uart_ex.c 0x00000000   Number         0  stm32l0xx_hal_uart_ex.o ABSOLUTE
    ..\Src\VL53L1X.c                         0x00000000   Number         0  vl53l1x.o ABSOLUTE
    ..\Src\animation.c                       0x00000000   Number         0  animation.o ABSOLUTE
    ..\Src\helpers.c                         0x00000000   Number         0  helpers.o ABSOLUTE
    ..\Src\main.c                            0x00000000   Number         0  main.o ABSOLUTE
    ..\Src\nrf24.c                           0x00000000   Number         0  nrf24.o ABSOLUTE
    ..\Src\stm32l0xx_hal_msp.c               0x00000000   Number         0  stm32l0xx_hal_msp.o ABSOLUTE
    ..\Src\stm32l0xx_it.c                    0x00000000   Number         0  stm32l0xx_it.o ABSOLUTE
    ..\\Src\\VL53L1X.c                       0x00000000   Number         0  vl53l1x.o ABSOLUTE
    ..\\Src\\animation.c                     0x00000000   Number         0  animation.o ABSOLUTE
    ..\\Src\\helpers.c                       0x00000000   Number         0  helpers.o ABSOLUTE
    ..\\Src\\nrf24.c                         0x00000000   Number         0  nrf24.o ABSOLUTE
    ..\\Src\system_stm32l0xx.c               0x00000000   Number         0  system_stm32l0xx.o ABSOLUTE
    cdrcmple.s                               0x00000000   Number         0  cdrcmple.o ABSOLUTE
    dc.s                                     0x00000000   Number         0  dc.o ABSOLUTE
    handlers.s                               0x00000000   Number         0  handlers.o ABSOLUTE
    init.s                                   0x00000000   Number         0  init.o ABSOLUTE
    startup_stm32l052xx.s                    0x00000000   Number         0  startup_stm32l052xx.o ABSOLUTE
    RESET                                    0x08000000   Section      192  startup_stm32l052xx.o(RESET)
    .ARM.Collect$$$$00000000                 0x080000c0   Section        0  entry.o(.ARM.Collect$$$$00000000)
    .ARM.Collect$$$$00000001                 0x080000c0   Section        4  entry2.o(.ARM.Collect$$$$00000001)
    .ARM.Collect$$$$00000004                 0x080000c4   Section        4  entry5.o(.ARM.Collect$$$$00000004)
    .ARM.Collect$$$$00000008                 0x080000c8   Section        0  entry7b.o(.ARM.Collect$$$$00000008)
    .ARM.Collect$$$$0000000A                 0x080000c8   Section        0  entry8b.o(.ARM.Collect$$$$0000000A)
    .ARM.Collect$$$$0000000B                 0x080000c8   Section        8  entry9a.o(.ARM.Collect$$$$0000000B)
    .ARM.Collect$$$$0000000D                 0x080000d0   Section        0  entry10a.o(.ARM.Collect$$$$0000000D)
    .ARM.Collect$$$$0000000F                 0x080000d0   Section        0  entry11a.o(.ARM.Collect$$$$0000000F)
    .ARM.Collect$$$$00002712                 0x080000d0   Section        4  entry2.o(.ARM.Collect$$$$00002712)
    __lit__00000000                          0x080000d0   Data           4  entry2.o(.ARM.Collect$$$$00002712)
    .text                                    0x080000d4   Section       28  startup_stm32l052xx.o(.text)
    .text                                    0x080000f0   Section        0  uidiv.o(.text)
    .text                                    0x0800011c   Section        0  uldiv.o(.text)
    .text                                    0x0800017c   Section        0  memseta.o(.text)
    .text                                    0x080001a0   Section        0  fscalb.o(.text)
    .text                                    0x080001b8   Section        0  ffltui.o(.text)
    .text                                    0x080001c6   Section        0  llshl.o(.text)
    .text                                    0x080001e6   Section        0  llushr.o(.text)
    .text                                    0x08000208   Section        0  fepilogue.o(.text)
    .text                                    0x08000208   Section        0  iusefp.o(.text)
    .text                                    0x0800028c   Section       36  init.o(.text)
    i.ADC_DelayMicroSecond                   0x080002b0   Section        0  stm32l0xx_hal_adc.o(i.ADC_DelayMicroSecond)
    ADC_DelayMicroSecond                     0x080002b1   Thumb Code    28  stm32l0xx_hal_adc.o(i.ADC_DelayMicroSecond)
    i.HAL_ADC_ConfigChannel                  0x080002d4   Section        0  stm32l0xx_hal_adc.o(i.HAL_ADC_ConfigChannel)
    i.HAL_ADC_Init                           0x08000368   Section        0  stm32l0xx_hal_adc.o(i.HAL_ADC_Init)
    i.HAL_ADC_MspInit                        0x0800052c   Section        0  stm32l0xx_hal_msp.o(i.HAL_ADC_MspInit)
    i.HAL_Delay                              0x08000568   Section        0  stm32l0xx_hal.o(i.HAL_Delay)
    i.HAL_GPIO_Init                          0x08000580   Section        0  stm32l0xx_hal_gpio.o(i.HAL_GPIO_Init)
    i.HAL_GPIO_WritePin                      0x080006f8   Section        0  stm32l0xx_hal_gpio.o(i.HAL_GPIO_WritePin)
    i.HAL_GetTick                            0x08000704   Section        0  stm32l0xx_hal.o(i.HAL_GetTick)
    i.HAL_I2CEx_ConfigAnalogFilter           0x08000710   Section        0  stm32l0xx_hal_i2c_ex.o(i.HAL_I2CEx_ConfigAnalogFilter)
    i.HAL_I2CEx_ConfigDigitalFilter          0x0800075a   Section        0  stm32l0xx_hal_i2c_ex.o(i.HAL_I2CEx_ConfigDigitalFilter)
    i.HAL_I2C_Init                           0x080007a4   Section        0  stm32l0xx_hal_i2c.o(i.HAL_I2C_Init)
    i.HAL_I2C_Mem_Read                       0x08000858   Section        0  stm32l0xx_hal_i2c.o(i.HAL_I2C_Mem_Read)
    i.HAL_I2C_Mem_Write                      0x080009b4   Section        0  stm32l0xx_hal_i2c.o(i.HAL_I2C_Mem_Write)
    i.HAL_I2C_MspInit                        0x08000b08   Section        0  stm32l0xx_hal_msp.o(i.HAL_I2C_MspInit)
    i.HAL_IncTick                            0x08000b5c   Section        0  stm32l0xx_hal.o(i.HAL_IncTick)
    i.HAL_Init                               0x08000b6c   Section        0  stm32l0xx_hal.o(i.HAL_Init)
    i.HAL_InitTick                           0x08000b8c   Section        0  stm32l0xx_hal.o(i.HAL_InitTick)
    i.HAL_MspInit                            0x08000bb4   Section        0  stm32l0xx_hal_msp.o(i.HAL_MspInit)
    i.HAL_NVIC_EnableIRQ                     0x08000bec   Section        0  stm32l0xx_hal_cortex.o(i.HAL_NVIC_EnableIRQ)
    i.HAL_NVIC_SetPriority                   0x08000c00   Section        0  stm32l0xx_hal_cortex.o(i.HAL_NVIC_SetPriority)
    i.HAL_PCDEx_ActivateBCD                  0x08000c08   Section        0  stm32l0xx_hal_pcd_ex.o(i.HAL_PCDEx_ActivateBCD)
    i.HAL_PCDEx_ActivateLPM                  0x08000c28   Section        0  stm32l0xx_hal_pcd_ex.o(i.HAL_PCDEx_ActivateLPM)
    i.HAL_PCD_Init                           0x08000c4c   Section        0  stm32l0xx_hal_pcd.o(i.HAL_PCD_Init)
    i.HAL_PCD_MspInit                        0x08000d00   Section        0  stm32l0xx_hal_msp.o(i.HAL_PCD_MspInit)
    i.HAL_RCCEx_GetPeriphCLKFreq             0x08000d20   Section        0  stm32l0xx_hal_rcc_ex.o(i.HAL_RCCEx_GetPeriphCLKFreq)
    i.HAL_RCCEx_PeriphCLKConfig              0x08000ec0   Section        0  stm32l0xx_hal_rcc_ex.o(i.HAL_RCCEx_PeriphCLKConfig)
    i.HAL_RCC_ClockConfig                    0x08001038   Section        0  stm32l0xx_hal_rcc.o(i.HAL_RCC_ClockConfig)
    i.HAL_RCC_GetHCLKFreq                    0x080011a0   Section        0  stm32l0xx_hal_rcc.o(i.HAL_RCC_GetHCLKFreq)
    i.HAL_RCC_GetPCLK1Freq                   0x080011ac   Section        0  stm32l0xx_hal_rcc.o(i.HAL_RCC_GetPCLK1Freq)
    i.HAL_RCC_GetPCLK2Freq                   0x080011cc   Section        0  stm32l0xx_hal_rcc.o(i.HAL_RCC_GetPCLK2Freq)
    i.HAL_RCC_GetSysClockFreq                0x080011ec   Section        0  stm32l0xx_hal_rcc.o(i.HAL_RCC_GetSysClockFreq)
    i.HAL_RCC_OscConfig                      0x08001264   Section        0  stm32l0xx_hal_rcc.o(i.HAL_RCC_OscConfig)
    i.HAL_SPI_Init                           0x080016b6   Section        0  stm32l0xx_hal_spi.o(i.HAL_SPI_Init)
    i.HAL_SPI_MspInit                        0x0800173c   Section        0  stm32l0xx_hal_msp.o(i.HAL_SPI_MspInit)
    i.HAL_SPI_TransmitReceive                0x0800177c   Section        0  stm32l0xx_hal_spi.o(i.HAL_SPI_TransmitReceive)
    i.HAL_SYSTICK_CLKSourceConfig            0x08001a34   Section        0  stm32l0xx_hal_cortex.o(i.HAL_SYSTICK_CLKSourceConfig)
    i.HAL_SYSTICK_Callback                   0x08001a4c   Section        0  stm32l0xx_hal_cortex.o(i.HAL_SYSTICK_Callback)
    i.HAL_SYSTICK_Config                     0x08001a50   Section        0  stm32l0xx_hal_cortex.o(i.HAL_SYSTICK_Config)
    i.HAL_SYSTICK_IRQHandler                 0x08001a80   Section        0  stm32l0xx_hal_cortex.o(i.HAL_SYSTICK_IRQHandler)
    i.HAL_TIMEx_MasterConfigSynchronization  0x08001a88   Section        0  stm32l0xx_hal_tim_ex.o(i.HAL_TIMEx_MasterConfigSynchronization)
    i.HAL_TIM_Base_Init                      0x08001ad0   Section        0  stm32l0xx_hal_tim.o(i.HAL_TIM_Base_Init)
    i.HAL_TIM_Base_MspInit                   0x08001b04   Section        0  stm32l0xx_hal_msp.o(i.HAL_TIM_Base_MspInit)
    i.HAL_TIM_Base_Start                     0x08001b44   Section        0  stm32l0xx_hal_tim.o(i.HAL_TIM_Base_Start)
    i.HAL_TIM_Base_Start_IT                  0x08001b5c   Section        0  stm32l0xx_hal_tim.o(i.HAL_TIM_Base_Start_IT)
    i.HAL_TIM_ConfigClockSource              0x08001b72   Section        0  stm32l0xx_hal_tim.o(i.HAL_TIM_ConfigClockSource)
    i.HAL_TIM_IC_CaptureCallback             0x08001c60   Section        0  stm32l0xx_hal_tim.o(i.HAL_TIM_IC_CaptureCallback)
    i.HAL_TIM_IRQHandler                     0x08001c62   Section        0  stm32l0xx_hal_tim.o(i.HAL_TIM_IRQHandler)
    i.HAL_TIM_MspPostInit                    0x08001d88   Section        0  stm32l0xx_hal_msp.o(i.HAL_TIM_MspPostInit)
    i.HAL_TIM_OC_DelayElapsedCallback        0x08001db4   Section        0  stm32l0xx_hal_tim.o(i.HAL_TIM_OC_DelayElapsedCallback)
    i.HAL_TIM_PWM_ConfigChannel              0x08001db6   Section        0  stm32l0xx_hal_tim.o(i.HAL_TIM_PWM_ConfigChannel)
    i.HAL_TIM_PWM_Init                       0x08001e86   Section        0  stm32l0xx_hal_tim.o(i.HAL_TIM_PWM_Init)
    i.HAL_TIM_PWM_MspInit                    0x08001eba   Section        0  stm32l0xx_hal_tim.o(i.HAL_TIM_PWM_MspInit)
    i.HAL_TIM_PWM_PulseFinishedCallback      0x08001ebc   Section        0  stm32l0xx_hal_tim.o(i.HAL_TIM_PWM_PulseFinishedCallback)
    i.HAL_TIM_PWM_Start                      0x08001ebe   Section        0  stm32l0xx_hal_tim.o(i.HAL_TIM_PWM_Start)
    i.HAL_TIM_PeriodElapsedCallback          0x08001ed8   Section        0  main.o(i.HAL_TIM_PeriodElapsedCallback)
    i.HAL_TIM_TriggerCallback                0x08001eec   Section        0  stm32l0xx_hal_tim.o(i.HAL_TIM_TriggerCallback)
    i.HAL_UART_Init                          0x08001eee   Section        0  stm32l0xx_hal_uart.o(i.HAL_UART_Init)
    i.HAL_UART_MspInit                       0x08001f5c   Section        0  stm32l0xx_hal_msp.o(i.HAL_UART_MspInit)
    i.HAL_UART_Transmit                      0x08001fa0   Section        0  stm32l0xx_hal_uart.o(i.HAL_UART_Transmit)
    i.HardFault_Handler                      0x08002068   Section        0  stm32l0xx_it.o(i.HardFault_Handler)
    i.I2C_Flush_TXDR                         0x0800206a   Section        0  stm32l0xx_hal_i2c.o(i.I2C_Flush_TXDR)
    I2C_Flush_TXDR                           0x0800206b   Thumb Code    34  stm32l0xx_hal_i2c.o(i.I2C_Flush_TXDR)
    i.I2C_IsAcknowledgeFailed                0x0800208c   Section        0  stm32l0xx_hal_i2c.o(i.I2C_IsAcknowledgeFailed)
    I2C_IsAcknowledgeFailed                  0x0800208d   Thumb Code   110  stm32l0xx_hal_i2c.o(i.I2C_IsAcknowledgeFailed)
    i.I2C_RequestMemoryRead                  0x08002100   Section        0  stm32l0xx_hal_i2c.o(i.I2C_RequestMemoryRead)
    I2C_RequestMemoryRead                    0x08002101   Thumb Code   104  stm32l0xx_hal_i2c.o(i.I2C_RequestMemoryRead)
    i.I2C_RequestMemoryWrite                 0x0800216c   Section        0  stm32l0xx_hal_i2c.o(i.I2C_RequestMemoryWrite)
    I2C_RequestMemoryWrite                   0x0800216d   Thumb Code   104  stm32l0xx_hal_i2c.o(i.I2C_RequestMemoryWrite)
    i.I2C_TransferConfig                     0x080021d8   Section        0  stm32l0xx_hal_i2c.o(i.I2C_TransferConfig)
    I2C_TransferConfig                       0x080021d9   Thumb Code    34  stm32l0xx_hal_i2c.o(i.I2C_TransferConfig)
    i.I2C_WaitOnFlagUntilTimeout             0x08002200   Section        0  stm32l0xx_hal_i2c.o(i.I2C_WaitOnFlagUntilTimeout)
    I2C_WaitOnFlagUntilTimeout               0x08002201   Thumb Code    72  stm32l0xx_hal_i2c.o(i.I2C_WaitOnFlagUntilTimeout)
    i.I2C_WaitOnSTOPFlagUntilTimeout         0x08002248   Section        0  stm32l0xx_hal_i2c.o(i.I2C_WaitOnSTOPFlagUntilTimeout)
    I2C_WaitOnSTOPFlagUntilTimeout           0x08002249   Thumb Code    78  stm32l0xx_hal_i2c.o(i.I2C_WaitOnSTOPFlagUntilTimeout)
    i.I2C_WaitOnTXISFlagUntilTimeout         0x08002296   Section        0  stm32l0xx_hal_i2c.o(i.I2C_WaitOnTXISFlagUntilTimeout)
    I2C_WaitOnTXISFlagUntilTimeout           0x08002297   Thumb Code    82  stm32l0xx_hal_i2c.o(i.I2C_WaitOnTXISFlagUntilTimeout)
    i.MX_ADC_Init                            0x080022e8   Section        0  main.o(i.MX_ADC_Init)
    MX_ADC_Init                              0x080022e9   Thumb Code    94  main.o(i.MX_ADC_Init)
    i.MX_GPIO_Init                           0x08002354   Section        0  main.o(i.MX_GPIO_Init)
    MX_GPIO_Init                             0x08002355   Thumb Code   146  main.o(i.MX_GPIO_Init)
    i.MX_I2C1_Init                           0x080023f4   Section        0  main.o(i.MX_I2C1_Init)
    MX_I2C1_Init                             0x080023f5   Thumb Code    70  main.o(i.MX_I2C1_Init)
    i.MX_SPI1_Init                           0x08002448   Section        0  main.o(i.MX_SPI1_Init)
    MX_SPI1_Init                             0x08002449   Thumb Code    56  main.o(i.MX_SPI1_Init)
    i.MX_TIM2_Init                           0x08002488   Section        0  main.o(i.MX_TIM2_Init)
    MX_TIM2_Init                             0x08002489   Thumb Code   122  main.o(i.MX_TIM2_Init)
    i.MX_USART1_UART_Init                    0x0800250c   Section        0  main.o(i.MX_USART1_UART_Init)
    MX_USART1_UART_Init                      0x0800250d   Thumb Code    46  main.o(i.MX_USART1_UART_Init)
    i.NMI_Handler                            0x08002544   Section        0  stm32l0xx_it.o(i.NMI_Handler)
    i.NVIC_SetPriority                       0x08002548   Section        0  stm32l0xx_hal_cortex.o(i.NVIC_SetPriority)
    NVIC_SetPriority                         0x08002549   Thumb Code    60  stm32l0xx_hal_cortex.o(i.NVIC_SetPriority)
    i.PendSV_Handler                         0x0800258c   Section        0  stm32l0xx_it.o(i.PendSV_Handler)
    i.RCC_SetFlashLatencyFromMSIRange        0x08002590   Section        0  stm32l0xx_hal_rcc.o(i.RCC_SetFlashLatencyFromMSIRange)
    RCC_SetFlashLatencyFromMSIRange          0x08002591   Thumb Code    94  stm32l0xx_hal_rcc.o(i.RCC_SetFlashLatencyFromMSIRange)
    i.SPI_WaitOnFlagUntilTimeout             0x08002600   Section        0  stm32l0xx_hal_spi.o(i.SPI_WaitOnFlagUntilTimeout)
    SPI_WaitOnFlagUntilTimeout               0x08002601   Thumb Code   178  stm32l0xx_hal_spi.o(i.SPI_WaitOnFlagUntilTimeout)
    i.SVC_Handler                            0x080026b2   Section        0  stm32l0xx_it.o(i.SVC_Handler)
    i.SysTick_Handler                        0x080026b4   Section        0  stm32l0xx_it.o(i.SysTick_Handler)
    i.SystemClock_Config                     0x080026c0   Section        0  main.o(i.SystemClock_Config)
    i.SystemInit                             0x08002750   Section        0  system_stm32l0xx.o(i.SystemInit)
    i.TIM6_DAC_IRQHandler                    0x080027a4   Section        0  stm32l0xx_it.o(i.TIM6_DAC_IRQHandler)
    i.TIM_Base_SetConfig                     0x080027b4   Section        0  stm32l0xx_hal_tim.o(i.TIM_Base_SetConfig)
    TIM_Base_SetConfig                       0x080027b5   Thumb Code    70  stm32l0xx_hal_tim.o(i.TIM_Base_SetConfig)
    i.TIM_CCxChannelCmd                      0x08002804   Section        0  stm32l0xx_hal_tim.o(i.TIM_CCxChannelCmd)
    TIM_CCxChannelCmd                        0x08002805   Thumb Code    22  stm32l0xx_hal_tim.o(i.TIM_CCxChannelCmd)
    i.TIM_ETR_SetConfig                      0x0800281a   Section        0  stm32l0xx_hal_tim.o(i.TIM_ETR_SetConfig)
    TIM_ETR_SetConfig                        0x0800281b   Thumb Code    22  stm32l0xx_hal_tim.o(i.TIM_ETR_SetConfig)
    i.TIM_ITRx_SetConfig                     0x08002830   Section        0  stm32l0xx_hal_tim.o(i.TIM_ITRx_SetConfig)
    TIM_ITRx_SetConfig                       0x08002831   Thumb Code    16  stm32l0xx_hal_tim.o(i.TIM_ITRx_SetConfig)
    i.TIM_OC1_SetConfig                      0x08002840   Section        0  stm32l0xx_hal_tim.o(i.TIM_OC1_SetConfig)
    TIM_OC1_SetConfig                        0x08002841   Thumb Code    48  stm32l0xx_hal_tim.o(i.TIM_OC1_SetConfig)
    i.TIM_OC2_SetConfig                      0x08002870   Section        0  stm32l0xx_hal_tim.o(i.TIM_OC2_SetConfig)
    TIM_OC2_SetConfig                        0x08002871   Thumb Code    50  stm32l0xx_hal_tim.o(i.TIM_OC2_SetConfig)
    i.TIM_OC3_SetConfig                      0x080028a2   Section        0  stm32l0xx_hal_tim.o(i.TIM_OC3_SetConfig)
    TIM_OC3_SetConfig                        0x080028a3   Thumb Code    54  stm32l0xx_hal_tim.o(i.TIM_OC3_SetConfig)
    i.TIM_OC4_SetConfig                      0x080028d8   Section        0  stm32l0xx_hal_tim.o(i.TIM_OC4_SetConfig)
    TIM_OC4_SetConfig                        0x080028d9   Thumb Code    54  stm32l0xx_hal_tim.o(i.TIM_OC4_SetConfig)
    i.TIM_TI1_ConfigInputStage               0x0800290e   Section        0  stm32l0xx_hal_tim.o(i.TIM_TI1_ConfigInputStage)
    TIM_TI1_ConfigInputStage                 0x0800290f   Thumb Code    34  stm32l0xx_hal_tim.o(i.TIM_TI1_ConfigInputStage)
    i.TIM_TI2_ConfigInputStage               0x08002930   Section        0  stm32l0xx_hal_tim.o(i.TIM_TI2_ConfigInputStage)
    TIM_TI2_ConfigInputStage                 0x08002931   Thumb Code    38  stm32l0xx_hal_tim.o(i.TIM_TI2_ConfigInputStage)
    i.UART_AdvFeatureConfig                  0x08002956   Section        0  stm32l0xx_hal_uart.o(i.UART_AdvFeatureConfig)
    i.UART_CheckIdleState                    0x08002a20   Section        0  stm32l0xx_hal_uart.o(i.UART_CheckIdleState)
    i.UART_SetConfig                         0x08002a80   Section        0  stm32l0xx_hal_uart.o(i.UART_SetConfig)
    i.UART_WaitOnFlagUntilTimeout            0x08002c9c   Section        0  stm32l0xx_hal_uart.o(i.UART_WaitOnFlagUntilTimeout)
    i.VL53L1X_init                           0x08002d00   Section        0  vl53l1x.o(i.VL53L1X_init)
    i.VL53L1X_readCont                       0x08002e54   Section        0  vl53l1x.o(i.VL53L1X_readCont)
    i.VL53L1X_readSingle                     0x08002ea8   Section        0  vl53l1x.o(i.VL53L1X_readSingle)
    i.__0printf$5                            0x08002ec4   Section        0  printf5.o(i.__0printf$5)
    i.__ARM_common_ll_muluu                  0x08002ee4   Section        0  vl53l1x.o(i.__ARM_common_ll_muluu)
    i.__ARM_common_switch8                   0x08002f14   Section        0  vl53l1x.o(i.__ARM_common_switch8)
    i.__scatterload_copy                     0x08002f2e   Section       14  handlers.o(i.__scatterload_copy)
    i.__scatterload_null                     0x08002f3c   Section        2  handlers.o(i.__scatterload_null)
    i.__scatterload_zeroinit                 0x08002f3e   Section       14  handlers.o(i.__scatterload_zeroinit)
    i._printf_core                           0x08002f4c   Section        0  printf5.o(i._printf_core)
    _printf_core                             0x08002f4d   Thumb Code   688  printf5.o(i._printf_core)
    i.animation_init                         0x08003228   Section        0  animation.o(i.animation_init)
    i.animation_update                       0x08003258   Section        0  animation.o(i.animation_update)
    i.build_packet_stat                      0x08003294   Section        0  helpers.o(i.build_packet_stat)
    i.calcMacroPeriod                        0x080032b4   Section        0  vl53l1x.o(i.calcMacroPeriod)
    i.checkTimeoutExpired                    0x080032dc   Section        0  vl53l1x.o(i.checkTimeoutExpired)
    i.countRateFixedToFloat                  0x08003304   Section        0  vl53l1x.o(i.countRateFixedToFloat)
    i.dataReady                              0x08003314   Section        0  vl53l1x.o(i.dataReady)
    i.encodeTimeout                          0x08003324   Section        0  vl53l1x.o(i.encodeTimeout)
    encodeTimeout                            0x08003325   Thumb Code    30  vl53l1x.o(i.encodeTimeout)
    i.fputc                                  0x08003344   Section        0  main.o(i.fputc)
    i.getMeasurementTimingBudget             0x0800335c   Section        0  vl53l1x.o(i.getMeasurementTimingBudget)
    i.getRangingData                         0x0800339c   Section        0  vl53l1x.o(i.getRangingData)
    i.get_uuid                               0x08003424   Section        0  helpers.o(i.get_uuid)
    i.main                                   0x08003444   Section        0  main.o(i.main)
    i.nrf24_ce_digitalWrite                  0x08003564   Section        0  nrf24.o(i.nrf24_ce_digitalWrite)
    i.nrf24_config                           0x08003584   Section        0  nrf24.o(i.nrf24_config)
    i.nrf24_configRegister                   0x080035fc   Section        0  nrf24.o(i.nrf24_configRegister)
    i.nrf24_csn_digitalWrite                 0x08003620   Section        0  nrf24.o(i.nrf24_csn_digitalWrite)
    i.nrf24_getStatus                        0x0800363c   Section        0  nrf24.o(i.nrf24_getStatus)
    i.nrf24_init                             0x08003656   Section        0  nrf24.o(i.nrf24_init)
    i.nrf24_isSending                        0x08003666   Section        0  nrf24.o(i.nrf24_isSending)
    i.nrf24_lastMessageStatus                0x0800367a   Section        0  nrf24.o(i.nrf24_lastMessageStatus)
    i.nrf24_powerUpRx                        0x08003694   Section        0  nrf24.o(i.nrf24_powerUpRx)
    i.nrf24_powerUpTx                        0x080036c6   Section        0  nrf24.o(i.nrf24_powerUpTx)
    i.nrf24_rx_address                       0x080036da   Section        0  nrf24.o(i.nrf24_rx_address)
    i.nrf24_send                             0x080036f8   Section        0  nrf24.o(i.nrf24_send)
    i.nrf24_transmitSync                     0x08003740   Section        0  nrf24.o(i.nrf24_transmitSync)
    i.nrf24_tx_address                       0x0800375a   Section        0  nrf24.o(i.nrf24_tx_address)
    i.nrf24_writeRegister                    0x08003774   Section        0  nrf24.o(i.nrf24_writeRegister)
    i.readReg                                0x0800379c   Section        0  vl53l1x.o(i.readReg)
    i.readReg16Bit                           0x080037c8   Section        0  vl53l1x.o(i.readReg16Bit)
    i.readResults                            0x080037fc   Section        0  vl53l1x.o(i.readResults)
    i.send_packet                            0x08003860   Section        0  helpers.o(i.send_packet)
    i.setDistanceMode                        0x080038a0   Section        0  vl53l1x.o(i.setDistanceMode)
    i.setMeasurementTimingBudget             0x0800396c   Section        0  vl53l1x.o(i.setMeasurementTimingBudget)
    i.setupManualCalibration                 0x08003a10   Section        0  vl53l1x.o(i.setupManualCalibration)
    i.spi_transfer                           0x08003a5c   Section        0  nrf24.o(i.spi_transfer)
    i.startTimeout                           0x08003a80   Section        0  vl53l1x.o(i.startTimeout)
    i.start_animation                        0x08003a90   Section        0  animation.o(i.start_animation)
    i.timeoutMicrosecondsToMclks             0x08003abc   Section        0  vl53l1x.o(i.timeoutMicrosecondsToMclks)
    timeoutMicrosecondsToMclks               0x08003abd   Thumb Code    14  vl53l1x.o(i.timeoutMicrosecondsToMclks)
    i.updateDSS                              0x08003acc   Section        0  vl53l1x.o(i.updateDSS)
    i.writeReg                               0x08003b14   Section        0  vl53l1x.o(i.writeReg)
    i.writeReg16Bit                          0x08003b40   Section        0  vl53l1x.o(i.writeReg16Bit)
    .constdata                               0x08003b70   Section       61  animation.o(.constdata)
    breathing_lookup                         0x08003b70   Data          51  animation.o(.constdata)
    faskblink_lookup                         0x08003ba3   Data          10  animation.o(.constdata)
    .constdata                               0x08003bad   Section       25  system_stm32l0xx.o(.constdata)
    .constdata                               0x08003bc6   Section        8  system_stm32l0xx.o(.constdata)
    .data                                    0x20000000   Section       16  vl53l1x.o(.data)
    .data                                    0x20000010   Section        1  nrf24.o(.data)
    .data                                    0x20000011   Section       16  main.o(.data)
    .data                                    0x20000024   Section       16  animation.o(.data)
    .data                                    0x20000034   Section        4  stm32l0xx_hal.o(.data)
    .data                                    0x20000038   Section        4  system_stm32l0xx.o(.data)
    .data                                    0x2000003c   Section        4  stdout.o(.data)
    .bss                                     0x20000040   Section       41  vl53l1x.o(.bss)
    .bss                                     0x2000006c   Section     1044  main.o(.bss)
    STACK                                    0x20000480   Section     1024  startup_stm32l052xx.o(STACK)

    Global Symbols

    Symbol Name                              Value     Ov Type        Size  Object(Section)

    BuildAttributes$$THM_ISAv3M$S$PE$A:L22$X:L11$S22$IEEE1$IW$USESV6$~STKCKD$USESV7$~SHL$OTIME$ROPI$EBA8$MICROLIB$REQ8$PRES8$EABIv2 0x00000000   Number         0  anon$$obj.o ABSOLUTE
    __ARM_use_no_argv                        0x00000000   Number         0  main.o ABSOLUTE
    _printf_a                                0x00000000   Number         0  stubs.o ABSOLUTE
    _printf_c                                0x00000000   Number         0  stubs.o ABSOLUTE
    _printf_charcount                        0x00000000   Number         0  stubs.o ABSOLUTE
    _printf_d                                0x00000000   Number         0  stubs.o ABSOLUTE
    _printf_e                                0x00000000   Number         0  stubs.o ABSOLUTE
    _printf_f                                0x00000000   Number         0  stubs.o ABSOLUTE
    _printf_flags                            0x00000000   Number         0  stubs.o ABSOLUTE
    _printf_fp_dec                           0x00000000   Number         0  stubs.o ABSOLUTE
    _printf_fp_hex                           0x00000000   Number         0  stubs.o ABSOLUTE
    _printf_g                                0x00000000   Number         0  stubs.o ABSOLUTE
    _printf_i                                0x00000000   Number         0  stubs.o ABSOLUTE
    _printf_int_dec                          0x00000000   Number         0  stubs.o ABSOLUTE
    _printf_l                                0x00000000   Number         0  stubs.o ABSOLUTE
    _printf_lc                               0x00000000   Number         0  stubs.o ABSOLUTE
    _printf_ll                               0x00000000   Number         0  stubs.o ABSOLUTE
    _printf_lld                              0x00000000   Number         0  stubs.o ABSOLUTE
    _printf_lli                              0x00000000   Number         0  stubs.o ABSOLUTE
    _printf_llo                              0x00000000   Number         0  stubs.o ABSOLUTE
    _printf_llu                              0x00000000   Number         0  stubs.o ABSOLUTE
    _printf_llx                              0x00000000   Number         0  stubs.o ABSOLUTE
    _printf_longlong_dec                     0x00000000   Number         0  stubs.o ABSOLUTE
    _printf_longlong_hex                     0x00000000   Number         0  stubs.o ABSOLUTE
    _printf_longlong_oct                     0x00000000   Number         0  stubs.o ABSOLUTE
    _printf_ls                               0x00000000   Number         0  stubs.o ABSOLUTE
    _printf_mbtowc                           0x00000000   Number         0  stubs.o ABSOLUTE
    _printf_n                                0x00000000   Number         0  stubs.o ABSOLUTE
    _printf_o                                0x00000000   Number         0  stubs.o ABSOLUTE
    _printf_p                                0x00000000   Number         0  stubs.o ABSOLUTE
    _printf_percent                          0x00000000   Number         0  stubs.o ABSOLUTE
    _printf_pre_padding                      0x00000000   Number         0  stubs.o ABSOLUTE
    _printf_return_value                     0x00000000   Number         0  stubs.o ABSOLUTE
    _printf_s                                0x00000000   Number         0  stubs.o ABSOLUTE
    _printf_sizespec                         0x00000000   Number         0  stubs.o ABSOLUTE
    _printf_str                              0x00000000   Number         0  stubs.o ABSOLUTE
    _printf_truncate_signed                  0x00000000   Number         0  stubs.o ABSOLUTE
    _printf_truncate_unsigned                0x00000000   Number         0  stubs.o ABSOLUTE
    _printf_u                                0x00000000   Number         0  stubs.o ABSOLUTE
    _printf_wc                               0x00000000   Number         0  stubs.o ABSOLUTE
    _printf_wctomb                           0x00000000   Number         0  stubs.o ABSOLUTE
    _printf_widthprec                        0x00000000   Number         0  stubs.o ABSOLUTE
    _printf_x                                0x00000000   Number         0  stubs.o ABSOLUTE
    __cpp_initialize__aeabi_                  - Undefined Weak Reference
    __cxa_finalize                            - Undefined Weak Reference
    __decompress                              - Undefined Weak Reference
    _clock_init                               - Undefined Weak Reference
    _microlib_exit                            - Undefined Weak Reference
    __Vectors_Size                           0x000000c0   Number         0  startup_stm32l052xx.o ABSOLUTE
    __Vectors                                0x08000000   Data           4  startup_stm32l052xx.o(RESET)
    __Vectors_End                            0x080000c0   Data           0  startup_stm32l052xx.o(RESET)
    __main                                   0x080000c1   Thumb Code     0  entry.o(.ARM.Collect$$$$00000000)
    _main_stk                                0x080000c1   Thumb Code     0  entry2.o(.ARM.Collect$$$$00000001)
    _main_scatterload                        0x080000c5   Thumb Code     0  entry5.o(.ARM.Collect$$$$00000004)
    __main_after_scatterload                 0x080000c9   Thumb Code     0  entry5.o(.ARM.Collect$$$$00000004)
    _main_clock                              0x080000c9   Thumb Code     0  entry7b.o(.ARM.Collect$$$$00000008)
    _main_cpp_init                           0x080000c9   Thumb Code     0  entry8b.o(.ARM.Collect$$$$0000000A)
    _main_init                               0x080000c9   Thumb Code     0  entry9a.o(.ARM.Collect$$$$0000000B)
    __rt_final_cpp                           0x080000d1   Thumb Code     0  entry10a.o(.ARM.Collect$$$$0000000D)
    __rt_final_exit                          0x080000d1   Thumb Code     0  entry11a.o(.ARM.Collect$$$$0000000F)
    Reset_Handler                            0x080000d5   Thumb Code     8  startup_stm32l052xx.o(.text)
    ADC1_COMP_IRQHandler                     0x080000e7   Thumb Code     0  startup_stm32l052xx.o(.text)
    DMA1_Channel1_IRQHandler                 0x080000e7   Thumb Code     0  startup_stm32l052xx.o(.text)
    DMA1_Channel2_3_IRQHandler               0x080000e7   Thumb Code     0  startup_stm32l052xx.o(.text)
    DMA1_Channel4_5_6_7_IRQHandler           0x080000e7   Thumb Code     0  startup_stm32l052xx.o(.text)
    EXTI0_1_IRQHandler                       0x080000e7   Thumb Code     0  startup_stm32l052xx.o(.text)
    EXTI2_3_IRQHandler                       0x080000e7   Thumb Code     0  startup_stm32l052xx.o(.text)
    EXTI4_15_IRQHandler                      0x080000e7   Thumb Code     0  startup_stm32l052xx.o(.text)
    FLASH_IRQHandler                         0x080000e7   Thumb Code     0  startup_stm32l052xx.o(.text)
    I2C1_IRQHandler                          0x080000e7   Thumb Code     0  startup_stm32l052xx.o(.text)
    I2C2_IRQHandler                          0x080000e7   Thumb Code     0  startup_stm32l052xx.o(.text)
    LPTIM1_IRQHandler                        0x080000e7   Thumb Code     0  startup_stm32l052xx.o(.text)
    PVD_IRQHandler                           0x080000e7   Thumb Code     0  startup_stm32l052xx.o(.text)
    RCC_CRS_IRQHandler                       0x080000e7   Thumb Code     0  startup_stm32l052xx.o(.text)
    RNG_LPUART1_IRQHandler                   0x080000e7   Thumb Code     0  startup_stm32l052xx.o(.text)
    RTC_IRQHandler                           0x080000e7   Thumb Code     0  startup_stm32l052xx.o(.text)
    SPI1_IRQHandler                          0x080000e7   Thumb Code     0  startup_stm32l052xx.o(.text)
    SPI2_IRQHandler                          0x080000e7   Thumb Code     0  startup_stm32l052xx.o(.text)
    TIM21_IRQHandler                         0x080000e7   Thumb Code     0  startup_stm32l052xx.o(.text)
    TIM22_IRQHandler                         0x080000e7   Thumb Code     0  startup_stm32l052xx.o(.text)
    TIM2_IRQHandler                          0x080000e7   Thumb Code     0  startup_stm32l052xx.o(.text)
    TSC_IRQHandler                           0x080000e7   Thumb Code     0  startup_stm32l052xx.o(.text)
    USART1_IRQHandler                        0x080000e7   Thumb Code     0  startup_stm32l052xx.o(.text)
    USART2_IRQHandler                        0x080000e7   Thumb Code     0  startup_stm32l052xx.o(.text)
    USB_IRQHandler                           0x080000e7   Thumb Code     0  startup_stm32l052xx.o(.text)
    WWDG_IRQHandler                          0x080000e7   Thumb Code     0  startup_stm32l052xx.o(.text)
    __aeabi_uidiv                            0x080000f1   Thumb Code     0  uidiv.o(.text)
    __aeabi_uidivmod                         0x080000f1   Thumb Code    44  uidiv.o(.text)
    __aeabi_uldivmod                         0x0800011d   Thumb Code    96  uldiv.o(.text)
    __aeabi_memset                           0x0800017d   Thumb Code    14  memseta.o(.text)
    __aeabi_memset4                          0x0800017d   Thumb Code     0  memseta.o(.text)
    __aeabi_memset8                          0x0800017d   Thumb Code     0  memseta.o(.text)
    __aeabi_memclr                           0x0800018b   Thumb Code     4  memseta.o(.text)
    __aeabi_memclr4                          0x0800018b   Thumb Code     0  memseta.o(.text)
    __aeabi_memclr8                          0x0800018b   Thumb Code     0  memseta.o(.text)
    _memset$wrapper                          0x0800018f   Thumb Code    18  memseta.o(.text)
    __ARM_scalbnf                            0x080001a1   Thumb Code    24  fscalb.o(.text)
    scalbnf                                  0x080001a1   Thumb Code     0  fscalb.o(.text)
    __aeabi_ui2f                             0x080001b9   Thumb Code    14  ffltui.o(.text)
    __aeabi_llsl                             0x080001c7   Thumb Code    32  llshl.o(.text)
    _ll_shift_l                              0x080001c7   Thumb Code     0  llshl.o(.text)
    __aeabi_llsr                             0x080001e7   Thumb Code    34  llushr.o(.text)
    _ll_ushift_r                             0x080001e7   Thumb Code     0  llushr.o(.text)
    __I$use$fp                               0x08000209   Thumb Code     0  iusefp.o(.text)
    _float_round                             0x08000209   Thumb Code    16  fepilogue.o(.text)
    _float_epilogue                          0x08000219   Thumb Code   114  fepilogue.o(.text)
    __scatterload                            0x0800028d   Thumb Code    28  init.o(.text)
    __scatterload_rt2                        0x0800028d   Thumb Code     0  init.o(.text)
    HAL_ADC_ConfigChannel                    0x080002d5   Thumb Code   140  stm32l0xx_hal_adc.o(i.HAL_ADC_ConfigChannel)
    HAL_ADC_Init                             0x08000369   Thumb Code   442  stm32l0xx_hal_adc.o(i.HAL_ADC_Init)
    HAL_ADC_MspInit                          0x0800052d   Thumb Code    46  stm32l0xx_hal_msp.o(i.HAL_ADC_MspInit)
    HAL_Delay                                0x08000569   Thumb Code    22  stm32l0xx_hal.o(i.HAL_Delay)
    HAL_GPIO_Init                            0x08000581   Thumb Code   346  stm32l0xx_hal_gpio.o(i.HAL_GPIO_Init)
    HAL_GPIO_WritePin                        0x080006f9   Thumb Code    12  stm32l0xx_hal_gpio.o(i.HAL_GPIO_WritePin)
    HAL_GetTick                              0x08000705   Thumb Code     6  stm32l0xx_hal.o(i.HAL_GetTick)
    HAL_I2CEx_ConfigAnalogFilter             0x08000711   Thumb Code    74  stm32l0xx_hal_i2c_ex.o(i.HAL_I2CEx_ConfigAnalogFilter)
    HAL_I2CEx_ConfigDigitalFilter            0x0800075b   Thumb Code    72  stm32l0xx_hal_i2c_ex.o(i.HAL_I2CEx_ConfigDigitalFilter)
    HAL_I2C_Init                             0x080007a5   Thumb Code   176  stm32l0xx_hal_i2c.o(i.HAL_I2C_Init)
    HAL_I2C_Mem_Read                         0x08000859   Thumb Code   338  stm32l0xx_hal_i2c.o(i.HAL_I2C_Mem_Read)
    HAL_I2C_Mem_Write                        0x080009b5   Thumb Code   334  stm32l0xx_hal_i2c.o(i.HAL_I2C_Mem_Write)
    HAL_I2C_MspInit                          0x08000b09   Thumb Code    70  stm32l0xx_hal_msp.o(i.HAL_I2C_MspInit)
    HAL_IncTick                              0x08000b5d   Thumb Code    10  stm32l0xx_hal.o(i.HAL_IncTick)
    HAL_Init                                 0x08000b6d   Thumb Code    26  stm32l0xx_hal.o(i.HAL_Init)
    HAL_InitTick                             0x08000b8d   Thumb Code    34  stm32l0xx_hal.o(i.HAL_InitTick)
    HAL_MspInit                              0x08000bb5   Thumb Code    52  stm32l0xx_hal_msp.o(i.HAL_MspInit)
    HAL_NVIC_EnableIRQ                       0x08000bed   Thumb Code    14  stm32l0xx_hal_cortex.o(i.HAL_NVIC_EnableIRQ)
    HAL_NVIC_SetPriority                     0x08000c01   Thumb Code     8  stm32l0xx_hal_cortex.o(i.HAL_NVIC_SetPriority)
    HAL_PCDEx_ActivateBCD                    0x08000c09   Thumb Code    32  stm32l0xx_hal_pcd_ex.o(i.HAL_PCDEx_ActivateBCD)
    HAL_PCDEx_ActivateLPM                    0x08000c29   Thumb Code    36  stm32l0xx_hal_pcd_ex.o(i.HAL_PCDEx_ActivateLPM)
    HAL_PCD_Init                             0x08000c4d   Thumb Code   178  stm32l0xx_hal_pcd.o(i.HAL_PCD_Init)
    HAL_PCD_MspInit                          0x08000d01   Thumb Code    22  stm32l0xx_hal_msp.o(i.HAL_PCD_MspInit)
    HAL_RCCEx_GetPeriphCLKFreq               0x08000d21   Thumb Code   376  stm32l0xx_hal_rcc_ex.o(i.HAL_RCCEx_GetPeriphCLKFreq)
    HAL_RCCEx_PeriphCLKConfig                0x08000ec1   Thumb Code   362  stm32l0xx_hal_rcc_ex.o(i.HAL_RCCEx_PeriphCLKConfig)
    HAL_RCC_ClockConfig                      0x08001039   Thumb Code   340  stm32l0xx_hal_rcc.o(i.HAL_RCC_ClockConfig)
    HAL_RCC_GetHCLKFreq                      0x080011a1   Thumb Code     6  stm32l0xx_hal_rcc.o(i.HAL_RCC_GetHCLKFreq)
    HAL_RCC_GetPCLK1Freq                     0x080011ad   Thumb Code    20  stm32l0xx_hal_rcc.o(i.HAL_RCC_GetPCLK1Freq)
    HAL_RCC_GetPCLK2Freq                     0x080011cd   Thumb Code    20  stm32l0xx_hal_rcc.o(i.HAL_RCC_GetPCLK2Freq)
    HAL_RCC_GetSysClockFreq                  0x080011ed   Thumb Code   100  stm32l0xx_hal_rcc.o(i.HAL_RCC_GetSysClockFreq)
    HAL_RCC_OscConfig                        0x08001265   Thumb Code  1106  stm32l0xx_hal_rcc.o(i.HAL_RCC_OscConfig)
    HAL_SPI_Init                             0x080016b7   Thumb Code   132  stm32l0xx_hal_spi.o(i.HAL_SPI_Init)
    HAL_SPI_MspInit                          0x0800173d   Thumb Code    52  stm32l0xx_hal_msp.o(i.HAL_SPI_MspInit)
    HAL_SPI_TransmitReceive                  0x0800177d   Thumb Code   696  stm32l0xx_hal_spi.o(i.HAL_SPI_TransmitReceive)
    HAL_SYSTICK_CLKSourceConfig              0x08001a35   Thumb Code    20  stm32l0xx_hal_cortex.o(i.HAL_SYSTICK_CLKSourceConfig)
    HAL_SYSTICK_Callback                     0x08001a4d   Thumb Code     2  stm32l0xx_hal_cortex.o(i.HAL_SYSTICK_Callback)
    HAL_SYSTICK_Config                       0x08001a51   Thumb Code    38  stm32l0xx_hal_cortex.o(i.HAL_SYSTICK_Config)
    HAL_SYSTICK_IRQHandler                   0x08001a81   Thumb Code     8  stm32l0xx_hal_cortex.o(i.HAL_SYSTICK_IRQHandler)
    HAL_TIMEx_MasterConfigSynchronization    0x08001a89   Thumb Code    72  stm32l0xx_hal_tim_ex.o(i.HAL_TIMEx_MasterConfigSynchronization)
    HAL_TIM_Base_Init                        0x08001ad1   Thumb Code    52  stm32l0xx_hal_tim.o(i.HAL_TIM_Base_Init)
    HAL_TIM_Base_MspInit                     0x08001b05   Thumb Code    56  stm32l0xx_hal_msp.o(i.HAL_TIM_Base_MspInit)
    HAL_TIM_Base_Start                       0x08001b45   Thumb Code    24  stm32l0xx_hal_tim.o(i.HAL_TIM_Base_Start)
    HAL_TIM_Base_Start_IT                    0x08001b5d   Thumb Code    22  stm32l0xx_hal_tim.o(i.HAL_TIM_Base_Start_IT)
    HAL_TIM_ConfigClockSource                0x08001b73   Thumb Code   238  stm32l0xx_hal_tim.o(i.HAL_TIM_ConfigClockSource)
    HAL_TIM_IC_CaptureCallback               0x08001c61   Thumb Code     2  stm32l0xx_hal_tim.o(i.HAL_TIM_IC_CaptureCallback)
    HAL_TIM_IRQHandler                       0x08001c63   Thumb Code   294  stm32l0xx_hal_tim.o(i.HAL_TIM_IRQHandler)
    HAL_TIM_MspPostInit                      0x08001d89   Thumb Code    44  stm32l0xx_hal_msp.o(i.HAL_TIM_MspPostInit)
    HAL_TIM_OC_DelayElapsedCallback          0x08001db5   Thumb Code     2  stm32l0xx_hal_tim.o(i.HAL_TIM_OC_DelayElapsedCallback)
    HAL_TIM_PWM_ConfigChannel                0x08001db7   Thumb Code   208  stm32l0xx_hal_tim.o(i.HAL_TIM_PWM_ConfigChannel)
    HAL_TIM_PWM_Init                         0x08001e87   Thumb Code    52  stm32l0xx_hal_tim.o(i.HAL_TIM_PWM_Init)
    HAL_TIM_PWM_MspInit                      0x08001ebb   Thumb Code     2  stm32l0xx_hal_tim.o(i.HAL_TIM_PWM_MspInit)
    HAL_TIM_PWM_PulseFinishedCallback        0x08001ebd   Thumb Code     2  stm32l0xx_hal_tim.o(i.HAL_TIM_PWM_PulseFinishedCallback)
    HAL_TIM_PWM_Start                        0x08001ebf   Thumb Code    26  stm32l0xx_hal_tim.o(i.HAL_TIM_PWM_Start)
    HAL_TIM_PeriodElapsedCallback            0x08001ed9   Thumb Code    16  main.o(i.HAL_TIM_PeriodElapsedCallback)
    HAL_TIM_TriggerCallback                  0x08001eed   Thumb Code     2  stm32l0xx_hal_tim.o(i.HAL_TIM_TriggerCallback)
    HAL_UART_Init                            0x08001eef   Thumb Code   108  stm32l0xx_hal_uart.o(i.HAL_UART_Init)
    HAL_UART_MspInit                         0x08001f5d   Thumb Code    60  stm32l0xx_hal_msp.o(i.HAL_UART_MspInit)
    HAL_UART_Transmit                        0x08001fa1   Thumb Code   200  stm32l0xx_hal_uart.o(i.HAL_UART_Transmit)
    HardFault_Handler                        0x08002069   Thumb Code     2  stm32l0xx_it.o(i.HardFault_Handler)
    NMI_Handler                              0x08002545   Thumb Code     2  stm32l0xx_it.o(i.NMI_Handler)
    PendSV_Handler                           0x0800258d   Thumb Code     2  stm32l0xx_it.o(i.PendSV_Handler)
    SVC_Handler                              0x080026b3   Thumb Code     2  stm32l0xx_it.o(i.SVC_Handler)
    SysTick_Handler                          0x080026b5   Thumb Code    12  stm32l0xx_it.o(i.SysTick_Handler)
    SystemClock_Config                       0x080026c1   Thumb Code   140  main.o(i.SystemClock_Config)
    SystemInit                               0x08002751   Thumb Code    66  system_stm32l0xx.o(i.SystemInit)
    TIM6_DAC_IRQHandler                      0x080027a5   Thumb Code    10  stm32l0xx_it.o(i.TIM6_DAC_IRQHandler)
    UART_AdvFeatureConfig                    0x08002957   Thumb Code   202  stm32l0xx_hal_uart.o(i.UART_AdvFeatureConfig)
    UART_CheckIdleState                      0x08002a21   Thumb Code    90  stm32l0xx_hal_uart.o(i.UART_CheckIdleState)
    UART_SetConfig                           0x08002a81   Thumb Code   498  stm32l0xx_hal_uart.o(i.UART_SetConfig)
    UART_WaitOnFlagUntilTimeout              0x08002c9d   Thumb Code    98  stm32l0xx_hal_uart.o(i.UART_WaitOnFlagUntilTimeout)
    VL53L1X_init                             0x08002d01   Thumb Code   326  vl53l1x.o(i.VL53L1X_init)
    VL53L1X_readCont                         0x08002e55   Thumb Code    76  vl53l1x.o(i.VL53L1X_readCont)
    VL53L1X_readSingle                       0x08002ea9   Thumb Code    26  vl53l1x.o(i.VL53L1X_readSingle)
    __0printf$5                              0x08002ec5   Thumb Code    24  printf5.o(i.__0printf$5)
    __1printf$5                              0x08002ec5   Thumb Code     0  printf5.o(i.__0printf$5)
    __2printf                                0x08002ec5   Thumb Code     0  printf5.o(i.__0printf$5)
    __ARM_common_ll_muluu                    0x08002ee5   Thumb Code    48  vl53l1x.o(i.__ARM_common_ll_muluu)
    __ARM_common_switch8                     0x08002f15   Thumb Code    26  vl53l1x.o(i.__ARM_common_switch8)
    __scatterload_copy                       0x08002f2f   Thumb Code    14  handlers.o(i.__scatterload_copy)
    __scatterload_null                       0x08002f3d   Thumb Code     2  handlers.o(i.__scatterload_null)
    __scatterload_zeroinit                   0x08002f3f   Thumb Code    14  handlers.o(i.__scatterload_zeroinit)
    animation_init                           0x08003229   Thumb Code    42  animation.o(i.animation_init)
    animation_update                         0x08003259   Thumb Code    52  animation.o(i.animation_update)
    build_packet_stat                        0x08003295   Thumb Code    32  helpers.o(i.build_packet_stat)
    calcMacroPeriod                          0x080032b5   Thumb Code    36  vl53l1x.o(i.calcMacroPeriod)
    checkTimeoutExpired                      0x080032dd   Thumb Code    34  vl53l1x.o(i.checkTimeoutExpired)
    countRateFixedToFloat                    0x08003305   Thumb Code    16  vl53l1x.o(i.countRateFixedToFloat)
    dataReady                                0x08003315   Thumb Code    16  vl53l1x.o(i.dataReady)
    fputc                                    0x08003345   Thumb Code    18  main.o(i.fputc)
    getMeasurementTimingBudget               0x0800335d   Thumb Code    58  vl53l1x.o(i.getMeasurementTimingBudget)
    getRangingData                           0x0800339d   Thumb Code   128  vl53l1x.o(i.getRangingData)
    get_uuid                                 0x08003425   Thumb Code    28  helpers.o(i.get_uuid)
    main                                     0x08003445   Thumb Code   244  main.o(i.main)
    nrf24_ce_digitalWrite                    0x08003565   Thumb Code    26  nrf24.o(i.nrf24_ce_digitalWrite)
    nrf24_config                             0x08003585   Thumb Code   116  nrf24.o(i.nrf24_config)
    nrf24_configRegister                     0x080035fd   Thumb Code    36  nrf24.o(i.nrf24_configRegister)
    nrf24_csn_digitalWrite                   0x08003621   Thumb Code    24  nrf24.o(i.nrf24_csn_digitalWrite)
    nrf24_getStatus                          0x0800363d   Thumb Code    26  nrf24.o(i.nrf24_getStatus)
    nrf24_init                               0x08003657   Thumb Code    16  nrf24.o(i.nrf24_init)
    nrf24_isSending                          0x08003667   Thumb Code    20  nrf24.o(i.nrf24_isSending)
    nrf24_lastMessageStatus                  0x0800367b   Thumb Code    26  nrf24.o(i.nrf24_lastMessageStatus)
    nrf24_powerUpRx                          0x08003695   Thumb Code    50  nrf24.o(i.nrf24_powerUpRx)
    nrf24_powerUpTx                          0x080036c7   Thumb Code    20  nrf24.o(i.nrf24_powerUpTx)
    nrf24_rx_address                         0x080036db   Thumb Code    28  nrf24.o(i.nrf24_rx_address)
    nrf24_send                               0x080036f9   Thumb Code    68  nrf24.o(i.nrf24_send)
    nrf24_transmitSync                       0x08003741   Thumb Code    26  nrf24.o(i.nrf24_transmitSync)
    nrf24_tx_address                         0x0800375b   Thumb Code    26  nrf24.o(i.nrf24_tx_address)
    nrf24_writeRegister                      0x08003775   Thumb Code    40  nrf24.o(i.nrf24_writeRegister)
    readReg                                  0x0800379d   Thumb Code    36  vl53l1x.o(i.readReg)
    readReg16Bit                             0x080037c9   Thumb Code    44  vl53l1x.o(i.readReg16Bit)
    readResults                              0x080037fd   Thumb Code    88  vl53l1x.o(i.readResults)
    send_packet                              0x08003861   Thumb Code    42  helpers.o(i.send_packet)
    setDistanceMode                          0x080038a1   Thumb Code   200  vl53l1x.o(i.setDistanceMode)
    setMeasurementTimingBudget               0x0800396d   Thumb Code   156  vl53l1x.o(i.setMeasurementTimingBudget)
    setupManualCalibration                   0x08003a11   Thumb Code    70  vl53l1x.o(i.setupManualCalibration)
    spi_transfer                             0x08003a5d   Thumb Code    32  nrf24.o(i.spi_transfer)
    startTimeout                             0x08003a81   Thumb Code    12  vl53l1x.o(i.startTimeout)
    start_animation                          0x08003a91   Thumb Code    38  animation.o(i.start_animation)
    updateDSS                                0x08003acd   Thumb Code    64  vl53l1x.o(i.updateDSS)
    writeReg                                 0x08003b15   Thumb Code    34  vl53l1x.o(i.writeReg)
    writeReg16Bit                            0x08003b41   Thumb Code    38  vl53l1x.o(i.writeReg16Bit)
    AHBPrescTable                            0x08003bad   Data          16  system_stm32l0xx.o(.constdata)
    PLLMulTable                              0x08003bbd   Data           9  system_stm32l0xx.o(.constdata)
    APBPrescTable                            0x08003bc6   Data           8  system_stm32l0xx.o(.constdata)
    Region$$Table$$Base                      0x08003bd0   Number         0  anon$$obj.o(Region$$Table)
    Region$$Table$$Limit                     0x08003bf0   Number         0  anon$$obj.o(Region$$Table)
    address                                  0x20000000   Data           1  vl53l1x.o(.data)
    distance_mode                            0x20000001   Data           1  vl53l1x.o(.data)
    did_timeout                              0x20000002   Data           1  vl53l1x.o(.data)
    calibrated                               0x20000003   Data           1  vl53l1x.o(.data)
    saved_vhv_init                           0x20000004   Data           1  vl53l1x.o(.data)
    saved_vhv_timeout                        0x20000005   Data           1  vl53l1x.o(.data)
    last_status                              0x20000006   Data           1  vl53l1x.o(.data)
    io_timeout                               0x20000008   Data           2  vl53l1x.o(.data)
    timeout_start_ms                         0x2000000a   Data           2  vl53l1x.o(.data)
    fast_osc_frequency                       0x2000000c   Data           2  vl53l1x.o(.data)
    osc_calibrate_val                        0x2000000e   Data           2  vl53l1x.o(.data)
    payload_len                              0x20000010   Data           1  nrf24.o(.data)
    rx_address                               0x20000011   Data           5  main.o(.data)
    tx_address                               0x20000016   Data           5  main.o(.data)
    data_array                               0x2000001b   Data           6  main.o(.data)
    current_animation                        0x20000024   Data           1  animation.o(.data)
    frame_timer                              0x20000028   Data           4  animation.o(.data)
    pwm_timer                                0x2000002c   Data           4  animation.o(.data)
    curr_frame                               0x20000030   Data           4  animation.o(.data)
    uwTick                                   0x20000034   Data           4  stm32l0xx_hal.o(.data)
    SystemCoreClock                          0x20000038   Data           4  system_stm32l0xx.o(.data)
    __stdout                                 0x2000003c   Data           4  stdout.o(.data)
    results                                  0x20000040   Data          10  vl53l1x.o(.bss)
    ranging_data                             0x2000004c   Data          12  vl53l1x.o(.bss)
    result_buf                               0x20000058   Data          17  vl53l1x.o(.bss)
    hadc                                     0x2000006c   Data          96  main.o(.bss)
    hi2c1                                    0x200000cc   Data          76  main.o(.bss)
    hspi1                                    0x20000118   Data          88  main.o(.bss)
    htim2                                    0x20000170   Data          56  main.o(.bss)
    htim6                                    0x200001a8   Data          56  main.o(.bss)
    huart1                                   0x200001e0   Data         112  main.o(.bss)
    hpcd_USB_FS                              0x20000250   Data         560  main.o(.bss)
    __initial_sp                             0x20000880   Data           0  startup_stm32l052xx.o(STACK)



==============================================================================

Memory Map of the image

  Image Entry point : 0x080000c1

  Load Region LR_IROM1 (Base: 0x08000000, Size: 0x00003c30, Max: 0x00010000, ABSOLUTE)

    Execution Region ER_IROM1 (Exec base: 0x08000000, Load base: 0x08000000, Size: 0x00003bf0, Max: 0x00010000, ABSOLUTE)

    Exec Addr    Load Addr    Size         Type   Attr      Idx    E Section Name        Object

    0x08000000   0x08000000   0x000000c0   Data   RO            3    RESET               startup_stm32l052xx.o
    0x080000c0   0x080000c0   0x00000000   Code   RO         4191  * .ARM.Collect$$$$00000000  mc_p.l(entry.o)
    0x080000c0   0x080000c0   0x00000004   Code   RO         4465    .ARM.Collect$$$$00000001  mc_p.l(entry2.o)
    0x080000c4   0x080000c4   0x00000004   Code   RO         4468    .ARM.Collect$$$$00000004  mc_p.l(entry5.o)
    0x080000c8   0x080000c8   0x00000000   Code   RO         4470    .ARM.Collect$$$$00000008  mc_p.l(entry7b.o)
    0x080000c8   0x080000c8   0x00000000   Code   RO         4472    .ARM.Collect$$$$0000000A  mc_p.l(entry8b.o)
    0x080000c8   0x080000c8   0x00000008   Code   RO         4473    .ARM.Collect$$$$0000000B  mc_p.l(entry9a.o)
    0x080000d0   0x080000d0   0x00000000   Code   RO         4475    .ARM.Collect$$$$0000000D  mc_p.l(entry10a.o)
    0x080000d0   0x080000d0   0x00000000   Code   RO         4477    .ARM.Collect$$$$0000000F  mc_p.l(entry11a.o)
    0x080000d0   0x080000d0   0x00000004   Code   RO         4466    .ARM.Collect$$$$00002712  mc_p.l(entry2.o)
    0x080000d4   0x080000d4   0x0000001c   Code   RO            4    .text               startup_stm32l052xx.o
    0x080000f0   0x080000f0   0x0000002c   Code   RO         4194    .text               mc_p.l(uidiv.o)
    0x0800011c   0x0800011c   0x00000060   Code   RO         4196    .text               mc_p.l(uldiv.o)
    0x0800017c   0x0800017c   0x00000024   Code   RO         4198    .text               mc_p.l(memseta.o)
    0x080001a0   0x080001a0   0x00000018   Code   RO         4461    .text               mf_p.l(fscalb.o)
    0x080001b8   0x080001b8   0x0000000e   Code   RO         4463    .text               mf_p.l(ffltui.o)
    0x080001c6   0x080001c6   0x00000020   Code   RO         4480    .text               mc_p.l(llshl.o)
    0x080001e6   0x080001e6   0x00000022   Code   RO         4482    .text               mc_p.l(llushr.o)
    0x08000208   0x08000208   0x00000000   Code   RO         4484    .text               mc_p.l(iusefp.o)
    0x08000208   0x08000208   0x00000082   Code   RO         4485    .text               mf_p.l(fepilogue.o)
    0x0800028a   0x0800028a   0x00000002   PAD
    0x0800028c   0x0800028c   0x00000024   Code   RO         4497    .text               mc_p.l(init.o)
    0x080002b0   0x080002b0   0x00000024   Code   RO          825    i.ADC_DelayMicroSecond  stm32l0xx_hal_adc.o
    0x080002d4   0x080002d4   0x00000094   Code   RO          829    i.HAL_ADC_ConfigChannel  stm32l0xx_hal_adc.o
    0x08000368   0x08000368   0x000001c4   Code   RO          838    i.HAL_ADC_Init      stm32l0xx_hal_adc.o
    0x0800052c   0x0800052c   0x0000003c   Code   RO          688    i.HAL_ADC_MspInit   stm32l0xx_hal_msp.o
    0x08000568   0x08000568   0x00000016   Code   RO         3111    i.HAL_Delay         stm32l0xx_hal.o
    0x0800057e   0x0800057e   0x00000002   PAD
    0x08000580   0x08000580   0x00000178   Code   RO         3749    i.HAL_GPIO_Init     stm32l0xx_hal_gpio.o
    0x080006f8   0x080006f8   0x0000000c   Code   RO         3753    i.HAL_GPIO_WritePin  stm32l0xx_hal_gpio.o
    0x08000704   0x08000704   0x0000000c   Code   RO         3115    i.HAL_GetTick       stm32l0xx_hal.o
    0x08000710   0x08000710   0x0000004a   Code   RO         1482    i.HAL_I2CEx_ConfigAnalogFilter  stm32l0xx_hal_i2c_ex.o
    0x0800075a   0x0800075a   0x00000048   Code   RO         1483    i.HAL_I2CEx_ConfigDigitalFilter  stm32l0xx_hal_i2c_ex.o
    0x080007a2   0x080007a2   0x00000002   PAD
    0x080007a4   0x080007a4   0x000000b4   Code   RO         1069    i.HAL_I2C_Init      stm32l0xx_hal_i2c.o
    0x08000858   0x08000858   0x0000015c   Code   RO         1085    i.HAL_I2C_Mem_Read  stm32l0xx_hal_i2c.o
    0x080009b4   0x080009b4   0x00000154   Code   RO         1088    i.HAL_I2C_Mem_Write  stm32l0xx_hal_i2c.o
    0x08000b08   0x08000b08   0x00000054   Code   RO          690    i.HAL_I2C_MspInit   stm32l0xx_hal_msp.o
    0x08000b5c   0x08000b5c   0x00000010   Code   RO         3116    i.HAL_IncTick       stm32l0xx_hal.o
    0x08000b6c   0x08000b6c   0x00000020   Code   RO         3117    i.HAL_Init          stm32l0xx_hal.o
    0x08000b8c   0x08000b8c   0x00000028   Code   RO         3118    i.HAL_InitTick      stm32l0xx_hal.o
    0x08000bb4   0x08000bb4   0x00000038   Code   RO          691    i.HAL_MspInit       stm32l0xx_hal_msp.o
    0x08000bec   0x08000bec   0x00000014   Code   RO         4062    i.HAL_NVIC_EnableIRQ  stm32l0xx_hal_cortex.o
    0x08000c00   0x08000c00   0x00000008   Code   RO         4066    i.HAL_NVIC_SetPriority  stm32l0xx_hal_cortex.o
    0x08000c08   0x08000c08   0x00000020   Code   RO         3040    i.HAL_PCDEx_ActivateBCD  stm32l0xx_hal_pcd_ex.o
    0x08000c28   0x08000c28   0x00000024   Code   RO         3041    i.HAL_PCDEx_ActivateLPM  stm32l0xx_hal_pcd_ex.o
    0x08000c4c   0x08000c4c   0x000000b2   Code   RO         2841    i.HAL_PCD_Init      stm32l0xx_hal_pcd.o
    0x08000cfe   0x08000cfe   0x00000002   PAD
    0x08000d00   0x08000d00   0x00000020   Code   RO          693    i.HAL_PCD_MspInit   stm32l0xx_hal_msp.o
    0x08000d20   0x08000d20   0x000001a0   Code   RO         3381    i.HAL_RCCEx_GetPeriphCLKFreq  stm32l0xx_hal_rcc_ex.o
    0x08000ec0   0x08000ec0   0x00000178   Code   RO         3384    i.HAL_RCCEx_PeriphCLKConfig  stm32l0xx_hal_rcc_ex.o
    0x08001038   0x08001038   0x00000168   Code   RO         3270    i.HAL_RCC_ClockConfig  stm32l0xx_hal_rcc.o
    0x080011a0   0x080011a0   0x0000000c   Code   RO         3274    i.HAL_RCC_GetHCLKFreq  stm32l0xx_hal_rcc.o
    0x080011ac   0x080011ac   0x00000020   Code   RO         3276    i.HAL_RCC_GetPCLK1Freq  stm32l0xx_hal_rcc.o
    0x080011cc   0x080011cc   0x00000020   Code   RO         3277    i.HAL_RCC_GetPCLK2Freq  stm32l0xx_hal_rcc.o
    0x080011ec   0x080011ec   0x00000078   Code   RO         3278    i.HAL_RCC_GetSysClockFreq  stm32l0xx_hal_rcc.o
    0x08001264   0x08001264   0x00000452   Code   RO         3281    i.HAL_RCC_OscConfig  stm32l0xx_hal_rcc.o
    0x080016b6   0x080016b6   0x00000084   Code   RO         1540    i.HAL_SPI_Init      stm32l0xx_hal_spi.o
    0x0800173a   0x0800173a   0x00000002   PAD
    0x0800173c   0x0800173c   0x00000040   Code   RO          695    i.HAL_SPI_MspInit   stm32l0xx_hal_msp.o
    0x0800177c   0x0800177c   0x000002b8   Code   RO         1549    i.HAL_SPI_TransmitReceive  stm32l0xx_hal_spi.o
    0x08001a34   0x08001a34   0x00000018   Code   RO         4068    i.HAL_SYSTICK_CLKSourceConfig  stm32l0xx_hal_cortex.o
    0x08001a4c   0x08001a4c   0x00000002   Code   RO         4069    i.HAL_SYSTICK_Callback  stm32l0xx_hal_cortex.o
    0x08001a4e   0x08001a4e   0x00000002   PAD
    0x08001a50   0x08001a50   0x00000030   Code   RO         4070    i.HAL_SYSTICK_Config  stm32l0xx_hal_cortex.o
    0x08001a80   0x08001a80   0x00000008   Code   RO         4071    i.HAL_SYSTICK_IRQHandler  stm32l0xx_hal_cortex.o
    0x08001a88   0x08001a88   0x00000048   Code   RO         2390    i.HAL_TIMEx_MasterConfigSynchronization  stm32l0xx_hal_tim_ex.o
    0x08001ad0   0x08001ad0   0x00000034   Code   RO         1769    i.HAL_TIM_Base_Init  stm32l0xx_hal_tim.o
    0x08001b04   0x08001b04   0x00000040   Code   RO          697    i.HAL_TIM_Base_MspInit  stm32l0xx_hal_msp.o
    0x08001b44   0x08001b44   0x00000018   Code   RO         1772    i.HAL_TIM_Base_Start  stm32l0xx_hal_tim.o
    0x08001b5c   0x08001b5c   0x00000016   Code   RO         1774    i.HAL_TIM_Base_Start_IT  stm32l0xx_hal_tim.o
    0x08001b72   0x08001b72   0x000000ee   Code   RO         1778    i.HAL_TIM_ConfigClockSource  stm32l0xx_hal_tim.o
    0x08001c60   0x08001c60   0x00000002   Code   RO         1798    i.HAL_TIM_IC_CaptureCallback  stm32l0xx_hal_tim.o
    0x08001c62   0x08001c62   0x00000126   Code   RO         1811    i.HAL_TIM_IRQHandler  stm32l0xx_hal_tim.o
    0x08001d88   0x08001d88   0x0000002c   Code   RO          698    i.HAL_TIM_MspPostInit  stm32l0xx_hal_msp.o
    0x08001db4   0x08001db4   0x00000002   Code   RO         1814    i.HAL_TIM_OC_DelayElapsedCallback  stm32l0xx_hal_tim.o
    0x08001db6   0x08001db6   0x000000d0   Code   RO         1835    i.HAL_TIM_PWM_ConfigChannel  stm32l0xx_hal_tim.o
    0x08001e86   0x08001e86   0x00000034   Code   RO         1838    i.HAL_TIM_PWM_Init  stm32l0xx_hal_tim.o
    0x08001eba   0x08001eba   0x00000002   Code   RO         1840    i.HAL_TIM_PWM_MspInit  stm32l0xx_hal_tim.o
    0x08001ebc   0x08001ebc   0x00000002   Code   RO         1841    i.HAL_TIM_PWM_PulseFinishedCallback  stm32l0xx_hal_tim.o
    0x08001ebe   0x08001ebe   0x0000001a   Code   RO         1842    i.HAL_TIM_PWM_Start  stm32l0xx_hal_tim.o
    0x08001ed8   0x08001ed8   0x00000014   Code   RO          549    i.HAL_TIM_PeriodElapsedCallback  main.o
    0x08001eec   0x08001eec   0x00000002   Code   RO         1852    i.HAL_TIM_TriggerCallback  stm32l0xx_hal_tim.o
    0x08001eee   0x08001eee   0x0000006c   Code   RO         2442    i.HAL_UART_Init     stm32l0xx_hal_uart.o
    0x08001f5a   0x08001f5a   0x00000002   PAD
    0x08001f5c   0x08001f5c   0x00000044   Code   RO          700    i.HAL_UART_MspInit  stm32l0xx_hal_msp.o
    0x08001fa0   0x08001fa0   0x000000c8   Code   RO         2450    i.HAL_UART_Transmit  stm32l0xx_hal_uart.o
    0x08002068   0x08002068   0x00000002   Code   RO          633    i.HardFault_Handler  stm32l0xx_it.o
    0x0800206a   0x0800206a   0x00000022   Code   RO         1111    i.I2C_Flush_TXDR    stm32l0xx_hal_i2c.o
    0x0800208c   0x0800208c   0x00000074   Code   RO         1119    i.I2C_IsAcknowledgeFailed  stm32l0xx_hal_i2c.o
    0x08002100   0x08002100   0x0000006c   Code   RO         1122    i.I2C_RequestMemoryRead  stm32l0xx_hal_i2c.o
    0x0800216c   0x0800216c   0x0000006c   Code   RO         1123    i.I2C_RequestMemoryWrite  stm32l0xx_hal_i2c.o
    0x080021d8   0x080021d8   0x00000028   Code   RO         1126    i.I2C_TransferConfig  stm32l0xx_hal_i2c.o
    0x08002200   0x08002200   0x00000048   Code   RO         1127    i.I2C_WaitOnFlagUntilTimeout  stm32l0xx_hal_i2c.o
    0x08002248   0x08002248   0x0000004e   Code   RO         1129    i.I2C_WaitOnSTOPFlagUntilTimeout  stm32l0xx_hal_i2c.o
    0x08002296   0x08002296   0x00000052   Code   RO         1130    i.I2C_WaitOnTXISFlagUntilTimeout  stm32l0xx_hal_i2c.o
    0x080022e8   0x080022e8   0x0000006c   Code   RO          550    i.MX_ADC_Init       main.o
    0x08002354   0x08002354   0x000000a0   Code   RO          551    i.MX_GPIO_Init      main.o
    0x080023f4   0x080023f4   0x00000054   Code   RO          552    i.MX_I2C1_Init      main.o
    0x08002448   0x08002448   0x00000040   Code   RO          553    i.MX_SPI1_Init      main.o
    0x08002488   0x08002488   0x00000084   Code   RO          554    i.MX_TIM2_Init      main.o
    0x0800250c   0x0800250c   0x00000038   Code   RO          555    i.MX_USART1_UART_Init  main.o
    0x08002544   0x08002544   0x00000002   Code   RO          634    i.NMI_Handler       stm32l0xx_it.o
    0x08002546   0x08002546   0x00000002   PAD
    0x08002548   0x08002548   0x00000044   Code   RO         4072    i.NVIC_SetPriority  stm32l0xx_hal_cortex.o
    0x0800258c   0x0800258c   0x00000002   Code   RO          635    i.PendSV_Handler    stm32l0xx_it.o
    0x0800258e   0x0800258e   0x00000002   PAD
    0x08002590   0x08002590   0x00000070   Code   RO         3282    i.RCC_SetFlashLatencyFromMSIRange  stm32l0xx_hal_rcc.o
    0x08002600   0x08002600   0x000000b2   Code   RO         1570    i.SPI_WaitOnFlagUntilTimeout  stm32l0xx_hal_spi.o
    0x080026b2   0x080026b2   0x00000002   Code   RO          636    i.SVC_Handler       stm32l0xx_it.o
    0x080026b4   0x080026b4   0x0000000c   Code   RO          637    i.SysTick_Handler   stm32l0xx_it.o
    0x080026c0   0x080026c0   0x00000090   Code   RO          556    i.SystemClock_Config  main.o
    0x08002750   0x08002750   0x00000054   Code   RO         4160    i.SystemInit        system_stm32l0xx.o
    0x080027a4   0x080027a4   0x00000010   Code   RO          638    i.TIM6_DAC_IRQHandler  stm32l0xx_it.o
    0x080027b4   0x080027b4   0x00000050   Code   RO         1853    i.TIM_Base_SetConfig  stm32l0xx_hal_tim.o
    0x08002804   0x08002804   0x00000016   Code   RO         1854    i.TIM_CCxChannelCmd  stm32l0xx_hal_tim.o
    0x0800281a   0x0800281a   0x00000016   Code   RO         1860    i.TIM_ETR_SetConfig  stm32l0xx_hal_tim.o
    0x08002830   0x08002830   0x00000010   Code   RO         1861    i.TIM_ITRx_SetConfig  stm32l0xx_hal_tim.o
    0x08002840   0x08002840   0x00000030   Code   RO         1862    i.TIM_OC1_SetConfig  stm32l0xx_hal_tim.o
    0x08002870   0x08002870   0x00000032   Code   RO         1863    i.TIM_OC2_SetConfig  stm32l0xx_hal_tim.o
    0x080028a2   0x080028a2   0x00000036   Code   RO         1864    i.TIM_OC3_SetConfig  stm32l0xx_hal_tim.o
    0x080028d8   0x080028d8   0x00000036   Code   RO         1865    i.TIM_OC4_SetConfig  stm32l0xx_hal_tim.o
    0x0800290e   0x0800290e   0x00000022   Code   RO         1867    i.TIM_TI1_ConfigInputStage  stm32l0xx_hal_tim.o
    0x08002930   0x08002930   0x00000026   Code   RO         1869    i.TIM_TI2_ConfigInputStage  stm32l0xx_hal_tim.o
    0x08002956   0x08002956   0x000000ca   Code   RO         2455    i.UART_AdvFeatureConfig  stm32l0xx_hal_uart.o
    0x08002a20   0x08002a20   0x00000060   Code   RO         2456    i.UART_CheckIdleState  stm32l0xx_hal_uart.o
    0x08002a80   0x08002a80   0x0000021c   Code   RO         2470    i.UART_SetConfig    stm32l0xx_hal_uart.o
    0x08002c9c   0x08002c9c   0x00000062   Code   RO         2472    i.UART_WaitOnFlagUntilTimeout  stm32l0xx_hal_uart.o
    0x08002cfe   0x08002cfe   0x00000002   PAD
    0x08002d00   0x08002d00   0x00000154   Code   RO          181    i.VL53L1X_init      vl53l1x.o
    0x08002e54   0x08002e54   0x00000054   Code   RO          182    i.VL53L1X_readCont  vl53l1x.o
    0x08002ea8   0x08002ea8   0x0000001a   Code   RO          183    i.VL53L1X_readSingle  vl53l1x.o
    0x08002ec2   0x08002ec2   0x00000002   PAD
    0x08002ec4   0x08002ec4   0x00000020   Code   RO         4333    i.__0printf$5       mc_p.l(printf5.o)
    0x08002ee4   0x08002ee4   0x00000030   Code   RO          382    i.__ARM_common_ll_muluu  vl53l1x.o
    0x08002f14   0x08002f14   0x0000001a   Code   RO          384    i.__ARM_common_switch8  vl53l1x.o
    0x08002f2e   0x08002f2e   0x0000000e   Code   RO         4507    i.__scatterload_copy  mc_p.l(handlers.o)
    0x08002f3c   0x08002f3c   0x00000002   Code   RO         4508    i.__scatterload_null  mc_p.l(handlers.o)
    0x08002f3e   0x08002f3e   0x0000000e   Code   RO         4509    i.__scatterload_zeroinit  mc_p.l(handlers.o)
    0x08002f4c   0x08002f4c   0x000002dc   Code   RO         4340    i._printf_core      mc_p.l(printf5.o)
    0x08003228   0x08003228   0x00000030   Code   RO          785    i.animation_init    animation.o
    0x08003258   0x08003258   0x0000003c   Code   RO          786    i.animation_update  animation.o
    0x08003294   0x08003294   0x00000020   Code   RO           12    i.build_packet_stat  helpers.o
    0x080032b4   0x080032b4   0x00000028   Code   RO          184    i.calcMacroPeriod   vl53l1x.o
    0x080032dc   0x080032dc   0x00000028   Code   RO          185    i.checkTimeoutExpired  vl53l1x.o
    0x08003304   0x08003304   0x00000010   Code   RO          186    i.countRateFixedToFloat  vl53l1x.o
    0x08003314   0x08003314   0x00000010   Code   RO          187    i.dataReady         vl53l1x.o
    0x08003324   0x08003324   0x0000001e   Code   RO          188    i.encodeTimeout     vl53l1x.o
    0x08003342   0x08003342   0x00000002   PAD
    0x08003344   0x08003344   0x00000018   Code   RO          558    i.fputc             main.o
    0x0800335c   0x0800335c   0x00000040   Code   RO          191    i.getMeasurementTimingBudget  vl53l1x.o
    0x0800339c   0x0800339c   0x00000088   Code   RO          192    i.getRangingData    vl53l1x.o
    0x08003424   0x08003424   0x00000020   Code   RO           14    i.get_uuid          helpers.o
    0x08003444   0x08003444   0x00000120   Code   RO          559    i.main              main.o
    0x08003564   0x08003564   0x00000020   Code   RO          392    i.nrf24_ce_digitalWrite  nrf24.o
    0x08003584   0x08003584   0x00000078   Code   RO          393    i.nrf24_config      nrf24.o
    0x080035fc   0x080035fc   0x00000024   Code   RO          394    i.nrf24_configRegister  nrf24.o
    0x08003620   0x08003620   0x0000001c   Code   RO          395    i.nrf24_csn_digitalWrite  nrf24.o
    0x0800363c   0x0800363c   0x0000001a   Code   RO          398    i.nrf24_getStatus   nrf24.o
    0x08003656   0x08003656   0x00000010   Code   RO          399    i.nrf24_init        nrf24.o
    0x08003666   0x08003666   0x00000014   Code   RO          400    i.nrf24_isSending   nrf24.o
    0x0800367a   0x0800367a   0x0000001a   Code   RO          401    i.nrf24_lastMessageStatus  nrf24.o
    0x08003694   0x08003694   0x00000032   Code   RO          405    i.nrf24_powerUpRx   nrf24.o
    0x080036c6   0x080036c6   0x00000014   Code   RO          406    i.nrf24_powerUpTx   nrf24.o
    0x080036da   0x080036da   0x0000001c   Code   RO          410    i.nrf24_rx_address  nrf24.o
    0x080036f6   0x080036f6   0x00000002   PAD
    0x080036f8   0x080036f8   0x00000048   Code   RO          411    i.nrf24_send        nrf24.o
    0x08003740   0x08003740   0x0000001a   Code   RO          413    i.nrf24_transmitSync  nrf24.o
    0x0800375a   0x0800375a   0x0000001a   Code   RO          414    i.nrf24_tx_address  nrf24.o
    0x08003774   0x08003774   0x00000028   Code   RO          415    i.nrf24_writeRegister  nrf24.o
    0x0800379c   0x0800379c   0x0000002c   Code   RO          195    i.readReg           vl53l1x.o
    0x080037c8   0x080037c8   0x00000034   Code   RO          196    i.readReg16Bit      vl53l1x.o
    0x080037fc   0x080037fc   0x00000064   Code   RO          198    i.readResults       vl53l1x.o
    0x08003860   0x08003860   0x00000040   Code   RO           15    i.send_packet       helpers.o
    0x080038a0   0x080038a0   0x000000cc   Code   RO          200    i.setDistanceMode   vl53l1x.o
    0x0800396c   0x0800396c   0x000000a4   Code   RO          201    i.setMeasurementTimingBudget  vl53l1x.o
    0x08003a10   0x08003a10   0x0000004c   Code   RO          203    i.setupManualCalibration  vl53l1x.o
    0x08003a5c   0x08003a5c   0x00000024   Code   RO          416    i.spi_transfer      nrf24.o
    0x08003a80   0x08003a80   0x00000010   Code   RO          205    i.startTimeout      vl53l1x.o
    0x08003a90   0x08003a90   0x0000002c   Code   RO          787    i.start_animation   animation.o
    0x08003abc   0x08003abc   0x0000000e   Code   RO          207    i.timeoutMicrosecondsToMclks  vl53l1x.o
    0x08003aca   0x08003aca   0x00000002   PAD
    0x08003acc   0x08003acc   0x00000048   Code   RO          209    i.updateDSS         vl53l1x.o
    0x08003b14   0x08003b14   0x0000002c   Code   RO          210    i.writeReg          vl53l1x.o
    0x08003b40   0x08003b40   0x00000030   Code   RO          211    i.writeReg16Bit     vl53l1x.o
    0x08003b70   0x08003b70   0x0000003d   Data   RO          788    .constdata          animation.o
    0x08003bad   0x08003bad   0x00000019   Data   RO         4161    .constdata          system_stm32l0xx.o
    0x08003bc6   0x08003bc6   0x00000008   Data   RO         4162    .constdata          system_stm32l0xx.o
    0x08003bce   0x08003bce   0x00000002   PAD
    0x08003bd0   0x08003bd0   0x00000020   Data   RO         4505    Region$$Table       anon$$obj.o


    Execution Region RW_IRAM1 (Exec base: 0x20000000, Load base: 0x08003bf0, Size: 0x00000880, Max: 0x00002000, ABSOLUTE)

    Exec Addr    Load Addr    Size         Type   Attr      Idx    E Section Name        Object

    0x20000000   0x08003bf0   0x00000010   Data   RW          214    .data               vl53l1x.o
    0x20000010   0x08003c00   0x00000001   Data   RW          417    .data               nrf24.o
    0x20000011   0x08003c01   0x00000010   Data   RW          561    .data               main.o
    0x20000021   0x08003c11   0x00000003   PAD
    0x20000024   0x08003c14   0x00000010   Data   RW          789    .data               animation.o
    0x20000034   0x08003c24   0x00000004   Data   RW         3127    .data               stm32l0xx_hal.o
    0x20000038   0x08003c28   0x00000004   Data   RW         4163    .data               system_stm32l0xx.o
    0x2000003c   0x08003c2c   0x00000004   Data   RW         4479    .data               mc_p.l(stdout.o)
    0x20000040        -       0x00000029   Zero   RW          213    .bss                vl53l1x.o
    0x20000069   0x08003c30   0x00000003   PAD
    0x2000006c        -       0x00000414   Zero   RW          560    .bss                main.o
    0x20000480        -       0x00000400   Zero   RW            1    STACK               startup_stm32l052xx.o


==============================================================================

Image component sizes


      Code (inc. data)   RO Data    RW Data    ZI Data      Debug   Object Name

       152         20         61         16          0       2267   animation.o
       128         26          0          0          0     445289   helpers.o
      1080        128          0         16       1044       7040   main.o
       602         22          0          1          0       9011   nrf24.o
        28          8        192          0       1024        636   startup_stm32l052xx.o
       122         24          0          4          0       3655   stm32l0xx_hal.o
       636         26          0          0          0       2931   stm32l0xx_hal_adc.o
       178         28          0          0          0      12295   stm32l0xx_hal_cortex.o
       388         30          0          0          0       2380   stm32l0xx_hal_gpio.o
      1506         40          0          0          0      11770   stm32l0xx_hal_i2c.o
       146          0          0          0          0       1911   stm32l0xx_hal_i2c_ex.o
       472         70          0          0          0       4854   stm32l0xx_hal_msp.o
       178          0          0          0          0       1730   stm32l0xx_hal_pcd.o
        68          0          0          0          0       1640   stm32l0xx_hal_pcd_ex.o
      1774        126          0          0          0       6968   stm32l0xx_hal_rcc.o
       792         54          0          0          0       3261   stm32l0xx_hal_rcc_ex.o
      1006          0          0          0          0       3701   stm32l0xx_hal_spi.o
      1344         10          0          0          0      15628   stm32l0xx_hal_tim.o
        72          0          0          0          0       1164   stm32l0xx_hal_tim_ex.o
      1244         72          0          0          0       6457   stm32l0xx_hal_uart.o
        36          6          0          0          0       2577   stm32l0xx_it.o
        84         18         33          4          0       1223   system_stm32l0xx.o
      1700        146          0         16         41      13411   vl53l1x.o

    ----------------------------------------------------------------------
     13762        854        320         60       2112     561799   Object Totals
         0          0         32          0          0          0   (incl. Generated)
        26          0          2          3          3          0   (incl. Padding)

    ----------------------------------------------------------------------

      Code (inc. data)   RO Data    RW Data    ZI Data      Debug   Library Member Name

         0          0          0          0          0          0   entry.o
         0          0          0          0          0          0   entry10a.o
         0          0          0          0          0          0   entry11a.o
         8          4          0          0          0          0   entry2.o
         4          0          0          0          0          0   entry5.o
         0          0          0          0          0          0   entry7b.o
         0          0          0          0          0          0   entry8b.o
         8          4          0          0          0          0   entry9a.o
        30          0          0          0          0          0   handlers.o
        36          8          0          0          0         68   init.o
         0          0          0          0          0          0   iusefp.o
        32          0          0          0          0         68   llshl.o
        34          0          0          0          0         68   llushr.o
        36          0          0          0          0        100   memseta.o
       764         52          0          0          0        168   printf5.o
         0          0          0          4          0          0   stdout.o
        44          0          0          0          0         72   uidiv.o
        96          0          0          0          0         84   uldiv.o
       130          0          0          0          0        144   fepilogue.o
        14          0          0          0          0         68   ffltui.o
        24          0          0          0          0         60   fscalb.o

    ----------------------------------------------------------------------
      1262         68          0          4          0        900   Library Totals
         2          0          0          0          0          0   (incl. Padding)

    ----------------------------------------------------------------------

      Code (inc. data)   RO Data    RW Data    ZI Data      Debug   Library Name

      1092         68          0          4          0        628   mc_p.l
       168          0          0          0          0        272   mf_p.l

    ----------------------------------------------------------------------
      1262         68          0          4          0        900   Library Totals

    ----------------------------------------------------------------------

==============================================================================


      Code (inc. data)   RO Data    RW Data    ZI Data      Debug   

     15024        922        320         64       2112     556251   Grand Totals
     15024        922        320         64       2112     556251   ELF Image Totals
     15024        922        320         64          0          0   ROM Totals

==============================================================================

    Total RO  Size (Code + RO Data)                15344 (  14.98kB)
    Total RW  Size (RW Data + ZI Data)              2176 (   2.13kB)
    Total ROM Size (Code + RO Data + RW Data)      15408 (  15.05kB)

==============================================================================

