Component: ARM Compiler 5.06 update 6 (build 750) Tool: armlink [4d35ed]

==============================================================================

Section Cross References

    startup_stm32f042x6.o(RESET) refers to startup_stm32f042x6.o(STACK) for __initial_sp
    startup_stm32f042x6.o(RESET) refers to startup_stm32f042x6.o(.text) for Reset_Handler
    startup_stm32f042x6.o(RESET) refers to stm32f0xx_it.o(i.NMI_Handler) for NMI_Handler
    startup_stm32f042x6.o(RESET) refers to stm32f0xx_it.o(i.HardFault_Handler) for HardFault_Handler
    startup_stm32f042x6.o(RESET) refers to stm32f0xx_it.o(i.SVC_Handler) for SVC_Handler
    startup_stm32f042x6.o(RESET) refers to stm32f0xx_it.o(i.PendSV_Handler) for PendSV_Handler
    startup_stm32f042x6.o(RESET) refers to stm32f0xx_it.o(i.SysTick_Handler) for SysTick_Handler
    startup_stm32f042x6.o(RESET) refers to stm32f0xx_it.o(i.RTC_IRQHandler) for RTC_IRQHandler
    startup_stm32f042x6.o(RESET) refers to stm32f0xx_it.o(i.TIM17_IRQHandler) for TIM17_IRQHandler
    startup_stm32f042x6.o(.text) refers to startup_stm32f042x6.o(STACK) for __initial_sp
    startup_stm32f042x6.o(.text) refers to system_stm32f0xx.o(i.SystemInit) for SystemInit
    startup_stm32f042x6.o(.text) refers to entry.o(.ARM.Collect$$$$00000000) for __main
    vl53l0x.o(i.VL53L0X_init) refers to vl53l0x.o(i.readReg) for readReg
    vl53l0x.o(i.VL53L0X_init) refers to vl53l0x.o(i.writeReg) for writeReg
    vl53l0x.o(i.VL53L0X_init) refers to vl53l0x.o(i.setSignalRateLimit) for setSignalRateLimit
    vl53l0x.o(i.VL53L0X_init) refers to vl53l0x.o(i.getSpadInfo) for getSpadInfo
    vl53l0x.o(i.VL53L0X_init) refers to vl53l0x.o(i.readMulti) for readMulti
    vl53l0x.o(i.VL53L0X_init) refers to vl53l0x.o(i.writeMulti) for writeMulti
    vl53l0x.o(i.VL53L0X_init) refers to vl53l0x.o(i.getMeasurementTimingBudget) for getMeasurementTimingBudget
    vl53l0x.o(i.VL53L0X_init) refers to vl53l0x.o(i.setMeasurementTimingBudget) for setMeasurementTimingBudget
    vl53l0x.o(i.VL53L0X_init) refers to vl53l0x.o(i.performSingleRefCalibration) for performSingleRefCalibration
    vl53l0x.o(i.VL53L0X_init) refers to vl53l0x.o(.data) for .data
    vl53l0x.o(i.getMeasurementTimingBudget) refers to vl53l0x.o(i.getSequenceStepEnables) for getSequenceStepEnables
    vl53l0x.o(i.getMeasurementTimingBudget) refers to vl53l0x.o(i.getSequenceStepTimeouts) for getSequenceStepTimeouts
    vl53l0x.o(i.getMeasurementTimingBudget) refers to vl53l0x.o(.data) for .data
    vl53l0x.o(i.getSequenceStepEnables) refers to vl53l0x.o(i.readReg) for readReg
    vl53l0x.o(i.getSequenceStepTimeouts) refers to vl53l0x.o(i.getVcselPulsePeriod) for getVcselPulsePeriod
    vl53l0x.o(i.getSequenceStepTimeouts) refers to vl53l0x.o(i.readReg) for readReg
    vl53l0x.o(i.getSequenceStepTimeouts) refers to vl53l0x.o(i.timeoutMclksToMicroseconds) for timeoutMclksToMicroseconds
    vl53l0x.o(i.getSequenceStepTimeouts) refers to vl53l0x.o(i.readReg16Bit) for readReg16Bit
    vl53l0x.o(i.getSequenceStepTimeouts) refers to vl53l0x.o(i.decodeTimeout) for decodeTimeout
    vl53l0x.o(i.getSignalRateLimit) refers to vl53l0x.o(i.readReg16Bit) for readReg16Bit
    vl53l0x.o(i.getSignalRateLimit) refers to ffltui.o(.text) for __aeabi_ui2f
    vl53l0x.o(i.getSignalRateLimit) refers to fscalb.o(.text) for __ARM_scalbnf
    vl53l0x.o(i.getSpadInfo) refers to vl53l0x.o(i.writeReg) for writeReg
    vl53l0x.o(i.getSpadInfo) refers to vl53l0x.o(i.readReg) for readReg
    vl53l0x.o(i.getSpadInfo) refers to stm32f0xx_hal.o(i.HAL_GetTick) for HAL_GetTick
    vl53l0x.o(i.getSpadInfo) refers to vl53l0x.o(.data) for .data
    vl53l0x.o(i.getVcselPulsePeriod) refers to vl53l0x.o(i.readReg) for readReg
    vl53l0x.o(i.performSingleRefCalibration) refers to vl53l0x.o(i.writeReg) for writeReg
    vl53l0x.o(i.performSingleRefCalibration) refers to stm32f0xx_hal.o(i.HAL_GetTick) for HAL_GetTick
    vl53l0x.o(i.performSingleRefCalibration) refers to vl53l0x.o(i.readReg) for readReg
    vl53l0x.o(i.performSingleRefCalibration) refers to vl53l0x.o(.data) for .data
    vl53l0x.o(i.readMulti) refers to stm32f0xx_hal_i2c.o(i.HAL_I2C_Mem_Read) for HAL_I2C_Mem_Read
    vl53l0x.o(i.readMulti) refers to vl53l0x.o(.data) for .data
    vl53l0x.o(i.readMulti) refers to main.o(.bss) for hi2c1
    vl53l0x.o(i.readRangeContinuousMillimeters) refers to stm32f0xx_hal.o(i.HAL_GetTick) for HAL_GetTick
    vl53l0x.o(i.readRangeContinuousMillimeters) refers to vl53l0x.o(i.readReg) for readReg
    vl53l0x.o(i.readRangeContinuousMillimeters) refers to vl53l0x.o(i.readReg16Bit) for readReg16Bit
    vl53l0x.o(i.readRangeContinuousMillimeters) refers to vl53l0x.o(i.writeReg) for writeReg
    vl53l0x.o(i.readRangeContinuousMillimeters) refers to vl53l0x.o(.data) for .data
    vl53l0x.o(i.readRangeSingleMillimeters) refers to vl53l0x.o(i.writeReg) for writeReg
    vl53l0x.o(i.readRangeSingleMillimeters) refers to stm32f0xx_hal.o(i.HAL_GetTick) for HAL_GetTick
[...]
    ..\Drivers\STM32F0xx_HAL_Driver\Src\stm32f0xx_hal_flash_ex.c 0x00000000   Number         0  stm32f0xx_hal_flash_ex.o ABSOLUTE
    ..\Drivers\STM32F0xx_HAL_Driver\Src\stm32f0xx_hal_gpio.c 0x00000000   Number         0  stm32f0xx_hal_gpio.o ABSOLUTE
    ..\Drivers\STM32F0xx_HAL_Driver\Src\stm32f0xx_hal_i2c.c 0x00000000   Number         0  stm32f0xx_hal_i2c.o ABSOLUTE
    ..\Drivers\STM32F0xx_HAL_Driver\Src\stm32f0xx_hal_i2c_ex.c 0x00000000   Number         0  stm32f0xx_hal_i2c_ex.o ABSOLUTE
    ..\Drivers\STM32F0xx_HAL_Driver\Src\stm32f0xx_hal_iwdg.c 0x00000000   Number         0  stm32f0xx_hal_iwdg.o ABSOLUTE
    ..\Drivers\STM32F0xx_HAL_Driver\Src\stm32f0xx_hal_pwr.c 0x00000000   Number         0  stm32f0xx_hal_pwr.o ABSOLUTE
    ..\Drivers\STM32F0xx_HAL_Driver\Src\stm32f0xx_hal_pwr_ex.c 0x00000000   Number         0  stm32f0xx_hal_pwr_ex.o ABSOLUTE
    ..\Drivers\STM32F0xx_HAL_Driver\Src\stm32f0xx_hal_rcc.c 0x00000000   Number         0  stm32f0xx_hal_rcc.o ABSOLUTE
    ..\Drivers\STM32F0xx_HAL_Driver\Src\stm32f0xx_hal_rcc_ex.c 0x00000000   Number         0  stm32f0xx_hal_rcc_ex.o ABSOLUTE
    ..\Drivers\STM32F0xx_HAL_Driver\Src\stm32f0xx_hal_rtc.c 0x00000000   Number         0  stm32f0xx_hal_rtc.o ABSOLUTE
    ..\Drivers\STM32F0xx_HAL_Driver\Src\stm32f0xx_hal_rtc_ex.c 0x00000000   Number         0  stm32f0xx_hal_rtc_ex.o ABSOLUTE
    ..\Drivers\STM32F0xx_HAL_Driver\Src\stm32f0xx_hal_spi.c 0x00000000   Number         0  stm32f0xx_hal_spi.o ABSOLUTE
    ..\Drivers\STM32F0xx_HAL_Driver\Src\stm32f0xx_hal_spi_ex.c 0x00000000   Number         0  stm32f0xx_hal_spi_ex.o ABSOLUTE
    ..\Drivers\STM32F0xx_HAL_Driver\Src\stm32f0xx_hal_tim.c 0x00000000   Number         0  stm32f0xx_hal_tim.o ABSOLUTE
    ..\Drivers\STM32F0xx_HAL_Driver\Src\stm32f0xx_hal_tim_ex.c 0x00000000   Number         0  stm32f0xx_hal_tim_ex.o ABSOLUTE
    ..\Drivers\STM32F0xx_HAL_Driver\Src\stm32f0xx_hal_uart.c 0x00000000   Number         0  stm32f0xx_hal_uart.o ABSOLUTE
    ..\Drivers\STM32F0xx_HAL_Driver\Src\stm32f0xx_hal_uart_ex.c 0x00000000   Number         0  stm32f0xx_hal_uart_ex.o ABSOLUTE
    ..\Src\VL53L0X.c                         0x00000000   Number         0  vl53l0x.o ABSOLUTE
    ..\Src\animation.c                       0x00000000   Number         0  animation.o ABSOLUTE
    ..\Src\helpers.c                         0x00000000   Number         0  helpers.o ABSOLUTE
    ..\Src\main.c                            0x00000000   Number         0  main.o ABSOLUTE
    ..\Src\nrf24.c                           0x00000000   Number         0  nrf24.o ABSOLUTE
    ..\Src\radioPinFunctions.c               0x00000000   Number         0  radiopinfunctions.o ABSOLUTE
    ..\Src\sleepybutton.c                    0x00000000   Number         0  sleepybutton.o ABSOLUTE
    ..\Src\stm32f0xx_hal_msp.c               0x00000000   Number         0  stm32f0xx_hal_msp.o ABSOLUTE
    ..\Src\stm32f0xx_it.c                    0x00000000   Number         0  stm32f0xx_it.o ABSOLUTE
    ..\\Src\\VL53L0X.c                       0x00000000   Number         0  vl53l0x.o ABSOLUTE
    ..\\Src\\animation.c                     0x00000000   Number         0  animation.o ABSOLUTE
    ..\\Src\\helpers.c                       0x00000000   Number         0  helpers.o ABSOLUTE
    ..\\Src\\nrf24.c                         0x00000000   Number         0  nrf24.o ABSOLUTE
    ..\\Src\\radioPinFunctions.c             0x00000000   Number         0  radiopinfunctions.o ABSOLUTE
    ..\\Src\\sleepybutton.c                  0x00000000   Number         0  sleepybutton.o ABSOLUTE
    ..\\Src\system_stm32f0xx.c               0x00000000   Number         0  system_stm32f0xx.o ABSOLUTE
    cdrcmple.s                               0x00000000   Number         0  cdrcmple.o ABSOLUTE
    dc.s                                     0x00000000   Number         0  dc.o ABSOLUTE
    handlers.s                               0x00000000   Number         0  handlers.o ABSOLUTE
    init.s                                   0x00000000   Number         0  init.o ABSOLUTE
    startup_stm32f042x6.s                    0x00000000   Number         0  startup_stm32f042x6.o ABSOLUTE
    RESET                                    0x08000000   Section      192  startup_stm32f042x6.o(RESET)
    .ARM.Collect$$$$00000000                 0x080000c0   Section        0  entry.o(.ARM.Collect$$$$00000000)
    .ARM.Collect$$$$00000001                 0x080000c0   Section        4  entry2.o(.ARM.Collect$$$$00000001)
    .ARM.Collect$$$$00000004                 0x080000c4   Section        4  entry5.o(.ARM.Collect$$$$00000004)
    .ARM.Collect$$$$00000008                 0x080000c8   Section        0  entry7b.o(.ARM.Collect$$$$00000008)
    .ARM.Collect$$$$0000000A                 0x080000c8   Section        0  entry8b.o(.ARM.Collect$$$$0000000A)
    .ARM.Collect$$$$0000000B                 0x080000c8   Section        8  entry9a.o(.ARM.Collect$$$$0000000B)
    .ARM.Collect$$$$0000000D                 0x080000d0   Section        0  entry10a.o(.ARM.Collect$$$$0000000D)
    .ARM.Collect$$$$0000000F                 0x080000d0   Section        0  entry11a.o(.ARM.Collect$$$$0000000F)
    .ARM.Collect$$$$00002712                 0x080000d0   Section        4  entry2.o(.ARM.Collect$$$$00002712)
    __lit__00000000                          0x080000d0   Data           4  entry2.o(.ARM.Collect$$$$00002712)
    .text                                    0x080000d4   Section       88  startup_stm32f042x6.o(.text)
    .text                                    0x0800012c   Section        0  uidiv.o(.text)
    .text                                    0x08000158   Section        0  llushr.o(.text)
    .text                                    0x0800017a   Section        0  memseta.o(.text)
    .text                                    0x0800019e   Section        0  fscalb.o(.text)
    .text                                    0x080001b8   Section        0  dmul.o(.text)
    .text                                    0x08000288   Section        0  dfltui.o(.text)
    .text                                    0x080002a4   Section        0  ffixui.o(.text)
    .text                                    0x080002cc   Section        0  dfixui.o(.text)
    .text                                    0x08000308   Section        0  iusefp.o(.text)
    .text                                    0x08000308   Section        0  depilogue.o(.text)
    .text                                    0x080003c8   Section       36  init.o(.text)
    .text                                    0x080003ec   Section        0  llshl.o(.text)
    i.ADC_ConversionStop                     0x0800040c   Section        0  stm32f0xx_hal_adc.o(i.ADC_ConversionStop)
    ADC_ConversionStop                       0x0800040d   Thumb Code    82  stm32f0xx_hal_adc.o(i.ADC_ConversionStop)
    i.ADC_Disable                            0x0800045e   Section        0  stm32f0xx_hal_adc.o(i.ADC_Disable)
    ADC_Disable                              0x0800045f   Thumb Code   102  stm32f0xx_hal_adc.o(i.ADC_Disable)
    i.ADC_Enable                             0x080004c4   Section        0  stm32f0xx_hal_adc.o(i.ADC_Enable)
    ADC_Enable                               0x080004c5   Thumb Code   120  stm32f0xx_hal_adc.o(i.ADC_Enable)
    i.HAL_ADC_ConfigChannel                  0x08000548   Section        0  stm32f0xx_hal_adc.o(i.HAL_ADC_ConfigChannel)
    i.HAL_ADC_GetValue                       0x08000674   Section        0  stm32f0xx_hal_adc.o(i.HAL_ADC_GetValue)
    i.HAL_ADC_Init                           0x0800067c   Section        0  stm32f0xx_hal_adc.o(i.HAL_ADC_Init)
    i.HAL_ADC_MspDeInit                      0x080007f0   Section        0  stm32f0xx_hal_msp.o(i.HAL_ADC_MspDeInit)
    i.HAL_ADC_MspInit                        0x08000818   Section        0  stm32f0xx_hal_msp.o(i.HAL_ADC_MspInit)
    i.HAL_ADC_PollForConversion              0x08000858   Section        0  stm32f0xx_hal_adc.o(i.HAL_ADC_PollForConversion)
    i.HAL_ADC_Start                          0x08000918   Section        0  stm32f0xx_hal_adc.o(i.HAL_ADC_Start)
    i.HAL_ADC_Stop                           0x08000974   Section        0  stm32f0xx_hal_adc.o(i.HAL_ADC_Stop)
    i.HAL_Delay                              0x080009b2   Section        0  stm32f0xx_hal.o(i.HAL_Delay)
    i.HAL_GPIO_DeInit                        0x080009d0   Section        0  stm32f0xx_hal_gpio.o(i.HAL_GPIO_DeInit)
    i.HAL_GPIO_Init                          0x08000a98   Section        0  stm32f0xx_hal_gpio.o(i.HAL_GPIO_Init)
    i.HAL_GPIO_ReadPin                       0x08000bd4   Section        0  stm32f0xx_hal_gpio.o(i.HAL_GPIO_ReadPin)
    i.HAL_GPIO_WritePin                      0x08000bde   Section        0  stm32f0xx_hal_gpio.o(i.HAL_GPIO_WritePin)
    i.HAL_GetTick                            0x08000bec   Section        0  stm32f0xx_hal.o(i.HAL_GetTick)
    i.HAL_HalfDuplex_Init                    0x08000bf8   Section        0  stm32f0xx_hal_uart.o(i.HAL_HalfDuplex_Init)
    i.HAL_I2CEx_ConfigAnalogFilter           0x08000c6e   Section        0  stm32f0xx_hal_i2c_ex.o(i.HAL_I2CEx_ConfigAnalogFilter)
    i.HAL_I2CEx_ConfigDigitalFilter          0x08000cb8   Section        0  stm32f0xx_hal_i2c_ex.o(i.HAL_I2CEx_ConfigDigitalFilter)
    i.HAL_I2C_Init                           0x08000d00   Section        0  stm32f0xx_hal_i2c.o(i.HAL_I2C_Init)
    i.HAL_I2C_Mem_Read                       0x08000db4   Section        0  stm32f0xx_hal_i2c.o(i.HAL_I2C_Mem_Read)
    i.HAL_I2C_Mem_Write                      0x08000f0c   Section        0  stm32f0xx_hal_i2c.o(i.HAL_I2C_Mem_Write)
    i.HAL_I2C_MspInit                        0x08001060   Section        0  stm32f0xx_hal_msp.o(i.HAL_I2C_MspInit)
    i.HAL_IncTick                            0x080010a8   Section        0  stm32f0xx_hal.o(i.HAL_IncTick)
    i.HAL_Init                               0x080010b8   Section        0  stm32f0xx_hal.o(i.HAL_Init)
    i.HAL_InitTick                           0x080010d8   Section        0  stm32f0xx_hal.o(i.HAL_InitTick)
    i.HAL_MspInit                            0x080010fc   Section        0  stm32f0xx_hal_msp.o(i.HAL_MspInit)
    i.HAL_NVIC_EnableIRQ                     0x08001140   Section        0  stm32f0xx_hal_cortex.o(i.HAL_NVIC_EnableIRQ)
    i.HAL_NVIC_SetPriority                   0x08001154   Section        0  stm32f0xx_hal_cortex.o(i.HAL_NVIC_SetPriority)
    i.HAL_PWR_EnterSTOPMode                  0x0800115c   Section        0  stm32f0xx_hal_pwr.o(i.HAL_PWR_EnterSTOPMode)
    i.HAL_RCCEx_PeriphCLKConfig              0x08001190   Section        0  stm32f0xx_hal_rcc_ex.o(i.HAL_RCCEx_PeriphCLKConfig)
    i.HAL_RCC_ClockConfig                    0x0800129c   Section        0  stm32f0xx_hal_rcc.o(i.HAL_RCC_ClockConfig)
    i.HAL_RCC_GetHCLKFreq                    0x080013f0   Section        0  stm32f0xx_hal_rcc.o(i.HAL_RCC_GetHCLKFreq)
    i.HAL_RCC_GetPCLK1Freq                   0x080013fc   Section        0  stm32f0xx_hal_rcc.o(i.HAL_RCC_GetPCLK1Freq)
    i.HAL_RCC_GetSysClockFreq                0x0800141c   Section        0  stm32f0xx_hal_rcc.o(i.HAL_RCC_GetSysClockFreq)
    i.HAL_RCC_OscConfig                      0x080014a4   Section        0  stm32f0xx_hal_rcc.o(i.HAL_RCC_OscConfig)
    i.HAL_RTC_AlarmAEventCallback            0x0800187c   Section        0  main.o(i.HAL_RTC_AlarmAEventCallback)
    i.HAL_RTC_AlarmIRQHandler                0x080018bc   Section        0  stm32f0xx_hal_rtc.o(i.HAL_RTC_AlarmIRQHandler)
    i.HAL_RTC_Init                           0x080018f4   Section        0  stm32f0xx_hal_rtc.o(i.HAL_RTC_Init)
    i.HAL_RTC_MspInit                        0x080019a8   Section        0  stm32f0xx_hal_msp.o(i.HAL_RTC_MspInit)
    i.HAL_RTC_SetAlarm_IT                    0x080019d8   Section        0  stm32f0xx_hal_rtc.o(i.HAL_RTC_SetAlarm_IT)
    i.HAL_RTC_SetDate                        0x08001b04   Section        0  stm32f0xx_hal_rtc.o(i.HAL_RTC_SetDate)
    i.HAL_RTC_SetTime                        0x08001bcc   Section        0  stm32f0xx_hal_rtc.o(i.HAL_RTC_SetTime)
    i.HAL_RTC_WaitForSynchro                 0x08001cb0   Section        0  stm32f0xx_hal_rtc.o(i.HAL_RTC_WaitForSynchro)
    i.HAL_SPI_Init                           0x08001ce4   Section        0  stm32f0xx_hal_spi.o(i.HAL_SPI_Init)
    i.HAL_SPI_MspInit                        0x08001d9c   Section        0  stm32f0xx_hal_msp.o(i.HAL_SPI_MspInit)
    i.HAL_SPI_TransmitReceive                0x08001de0   Section        0  stm32f0xx_hal_spi.o(i.HAL_SPI_TransmitReceive)
    i.HAL_SYSTICK_CLKSourceConfig            0x08002028   Section        0  stm32f0xx_hal_cortex.o(i.HAL_SYSTICK_CLKSourceConfig)
    i.HAL_SYSTICK_Callback                   0x08002040   Section        0  stm32f0xx_hal_cortex.o(i.HAL_SYSTICK_Callback)
    i.HAL_SYSTICK_Config                     0x08002044   Section        0  stm32f0xx_hal_cortex.o(i.HAL_SYSTICK_Config)
    i.HAL_SYSTICK_IRQHandler                 0x08002074   Section        0  stm32f0xx_hal_cortex.o(i.HAL_SYSTICK_IRQHandler)
    i.HAL_TIMEx_BreakCallback                0x0800207c   Section        0  stm32f0xx_hal_tim_ex.o(i.HAL_TIMEx_BreakCallback)
    i.HAL_TIMEx_CommutationCallback          0x0800207e   Section        0  stm32f0xx_hal_tim_ex.o(i.HAL_TIMEx_CommutationCallback)
    i.HAL_TIMEx_MasterConfigSynchronization  0x08002080   Section        0  stm32f0xx_hal_tim_ex.o(i.HAL_TIMEx_MasterConfigSynchronization)
    i.HAL_TIM_Base_Init                      0x080020c8   Section        0  stm32f0xx_hal_tim.o(i.HAL_TIM_Base_Init)
    i.HAL_TIM_Base_MspInit                   0x080020fc   Section        0  stm32f0xx_hal_msp.o(i.HAL_TIM_Base_MspInit)
    i.HAL_TIM_Base_Start                     0x0800214c   Section        0  stm32f0xx_hal_tim.o(i.HAL_TIM_Base_Start)
    i.HAL_TIM_Base_Start_IT                  0x08002164   Section        0  stm32f0xx_hal_tim.o(i.HAL_TIM_Base_Start_IT)
    i.HAL_TIM_ConfigClockSource              0x0800217a   Section        0  stm32f0xx_hal_tim.o(i.HAL_TIM_ConfigClockSource)
    i.HAL_TIM_IC_CaptureCallback             0x08002268   Section        0  stm32f0xx_hal_tim.o(i.HAL_TIM_IC_CaptureCallback)
    i.HAL_TIM_IRQHandler                     0x0800226a   Section        0  stm32f0xx_hal_tim.o(i.HAL_TIM_IRQHandler)
    i.HAL_TIM_MspPostInit                    0x080023cc   Section        0  stm32f0xx_hal_msp.o(i.HAL_TIM_MspPostInit)
    i.HAL_TIM_OC_DelayElapsedCallback        0x080023f8   Section        0  stm32f0xx_hal_tim.o(i.HAL_TIM_OC_DelayElapsedCallback)
    i.HAL_TIM_PWM_ConfigChannel              0x080023fa   Section        0  stm32f0xx_hal_tim.o(i.HAL_TIM_PWM_ConfigChannel)
    i.HAL_TIM_PWM_Init                       0x080024ca   Section        0  stm32f0xx_hal_tim.o(i.HAL_TIM_PWM_Init)
    i.HAL_TIM_PWM_MspInit                    0x080024fe   Section        0  stm32f0xx_hal_tim.o(i.HAL_TIM_PWM_MspInit)
    i.HAL_TIM_PWM_PulseFinishedCallback      0x08002500   Section        0  stm32f0xx_hal_tim.o(i.HAL_TIM_PWM_PulseFinishedCallback)
    i.HAL_TIM_PWM_Start                      0x08002504   Section        0  stm32f0xx_hal_tim.o(i.HAL_TIM_PWM_Start)
    i.HAL_TIM_PeriodElapsedCallback          0x08002548   Section        0  main.o(i.HAL_TIM_PeriodElapsedCallback)
    i.HAL_TIM_TriggerCallback                0x0800255c   Section        0  stm32f0xx_hal_tim.o(i.HAL_TIM_TriggerCallback)
    i.HAL_UART_MspInit                       0x08002560   Section        0  stm32f0xx_hal_msp.o(i.HAL_UART_MspInit)
    i.HAL_UART_Transmit                      0x080025a8   Section        0  stm32f0xx_hal_uart.o(i.HAL_UART_Transmit)
    i.HardFault_Handler                      0x08002670   Section        0  stm32f0xx_it.o(i.HardFault_Handler)
    i.I2C_Flush_TXDR                         0x08002672   Section        0  stm32f0xx_hal_i2c.o(i.I2C_Flush_TXDR)
    I2C_Flush_TXDR                           0x08002673   Thumb Code    34  stm32f0xx_hal_i2c.o(i.I2C_Flush_TXDR)
    i.I2C_IsAcknowledgeFailed                0x08002694   Section        0  stm32f0xx_hal_i2c.o(i.I2C_IsAcknowledgeFailed)
    I2C_IsAcknowledgeFailed                  0x08002695   Thumb Code   110  stm32f0xx_hal_i2c.o(i.I2C_IsAcknowledgeFailed)
    i.I2C_RequestMemoryRead                  0x08002708   Section        0  stm32f0xx_hal_i2c.o(i.I2C_RequestMemoryRead)
    I2C_RequestMemoryRead                    0x08002709   Thumb Code   106  stm32f0xx_hal_i2c.o(i.I2C_RequestMemoryRead)
    i.I2C_RequestMemoryWrite                 0x08002772   Section        0  stm32f0xx_hal_i2c.o(i.I2C_RequestMemoryWrite)
    I2C_RequestMemoryWrite                   0x08002773   Thumb Code   106  stm32f0xx_hal_i2c.o(i.I2C_RequestMemoryWrite)
    i.I2C_TransferConfig                     0x080027dc   Section        0  stm32f0xx_hal_i2c.o(i.I2C_TransferConfig)
    I2C_TransferConfig                       0x080027dd   Thumb Code    30  stm32f0xx_hal_i2c.o(i.I2C_TransferConfig)
    i.I2C_WaitOnFlagUntilTimeout             0x08002800   Section        0  stm32f0xx_hal_i2c.o(i.I2C_WaitOnFlagUntilTimeout)
    I2C_WaitOnFlagUntilTimeout               0x08002801   Thumb Code    72  stm32f0xx_hal_i2c.o(i.I2C_WaitOnFlagUntilTimeout)
    i.I2C_WaitOnSTOPFlagUntilTimeout         0x08002848   Section        0  stm32f0xx_hal_i2c.o(i.I2C_WaitOnSTOPFlagUntilTimeout)
    I2C_WaitOnSTOPFlagUntilTimeout           0x08002849   Thumb Code    78  stm32f0xx_hal_i2c.o(i.I2C_WaitOnSTOPFlagUntilTimeout)
    i.I2C_WaitOnTXISFlagUntilTimeout         0x08002896   Section        0  stm32f0xx_hal_i2c.o(i.I2C_WaitOnTXISFlagUntilTimeout)
    I2C_WaitOnTXISFlagUntilTimeout           0x08002897   Thumb Code    82  stm32f0xx_hal_i2c.o(i.I2C_WaitOnTXISFlagUntilTimeout)
    i.MX_ADC_Init                            0x080028e8   Section        0  main.o(i.MX_ADC_Init)
    MX_ADC_Init                              0x080028e9   Thumb Code   102  main.o(i.MX_ADC_Init)
    i.MX_GPIO_Init                           0x08002958   Section        0  main.o(i.MX_GPIO_Init)
    MX_GPIO_Init                             0x08002959   Thumb Code   152  main.o(i.MX_GPIO_Init)
    i.MX_I2C1_Init                           0x080029f8   Section        0  main.o(i.MX_I2C1_Init)
    MX_I2C1_Init                             0x080029f9   Thumb Code    70  main.o(i.MX_I2C1_Init)
    i.MX_RTC_Init                            0x08002a4c   Section        0  main.o(i.MX_RTC_Init)
    MX_RTC_Init                              0x08002a4d   Thumb Code   146  main.o(i.MX_RTC_Init)
    i.MX_SPI1_Init                           0x08002aec   Section        0  main.o(i.MX_SPI1_Init)
    MX_SPI1_Init                             0x08002aed   Thumb Code    66  main.o(i.MX_SPI1_Init)
    i.MX_TIM2_Init                           0x08002b38   Section        0  main.o(i.MX_TIM2_Init)
    MX_TIM2_Init                             0x08002b39   Thumb Code   126  main.o(i.MX_TIM2_Init)
    i.MX_USART2_UART_Init                    0x08002bbc   Section        0  main.o(i.MX_USART2_UART_Init)
    MX_USART2_UART_Init                      0x08002bbd   Thumb Code    46  main.o(i.MX_USART2_UART_Init)
    i.NMI_Handler                            0x08002bf4   Section        0  stm32f0xx_it.o(i.NMI_Handler)
    i.NVIC_SetPriority                       0x08002bf8   Section        0  stm32f0xx_hal_cortex.o(i.NVIC_SetPriority)
    NVIC_SetPriority                         0x08002bf9   Thumb Code    60  stm32f0xx_hal_cortex.o(i.NVIC_SetPriority)
    i.PendSV_Handler                         0x08002c3c   Section        0  stm32f0xx_it.o(i.PendSV_Handler)
    i.RTC_Bcd2ToByte                         0x08002c3e   Section        0  stm32f0xx_hal_rtc.o(i.RTC_Bcd2ToByte)
    i.RTC_ByteToBcd2                         0x08002c4e   Section        0  stm32f0xx_hal_rtc.o(i.RTC_ByteToBcd2)
    i.RTC_EnterInitMode                      0x08002c64   Section        0  stm32f0xx_hal_rtc.o(i.RTC_EnterInitMode)
    i.RTC_IRQHandler                         0x08002c9c   Section        0  stm32f0xx_it.o(i.RTC_IRQHandler)
    i.SPI_EndRxTxTransaction                 0x08002cac   Section        0  stm32f0xx_hal_spi.o(i.SPI_EndRxTxTransaction)
    SPI_EndRxTxTransaction                   0x08002cad   Thumb Code    76  stm32f0xx_hal_spi.o(i.SPI_EndRxTxTransaction)
    i.SPI_WaitFifoStateUntilTimeout          0x08002cf8   Section        0  stm32f0xx_hal_spi.o(i.SPI_WaitFifoStateUntilTimeout)
    SPI_WaitFifoStateUntilTimeout            0x08002cf9   Thumb Code   150  stm32f0xx_hal_spi.o(i.SPI_WaitFifoStateUntilTimeout)
    i.SPI_WaitFlagStateUntilTimeout          0x08002d8e   Section        0  stm32f0xx_hal_spi.o(i.SPI_WaitFlagStateUntilTimeout)
    SPI_WaitFlagStateUntilTimeout            0x08002d8f   Thumb Code   140  stm32f0xx_hal_spi.o(i.SPI_WaitFlagStateUntilTimeout)
    i.SVC_Handler                            0x08002e1a   Section        0  stm32f0xx_it.o(i.SVC_Handler)
    i.SysTick_Handler                        0x08002e1c   Section        0  stm32f0xx_it.o(i.SysTick_Handler)
    i.SystemClock_Config                     0x08002e28   Section        0  main.o(i.SystemClock_Config)
    i.SystemInit                             0x08002ea4   Section        0  system_stm32f0xx.o(i.SystemInit)
    i.TIM17_IRQHandler                       0x08002f00   Section        0  stm32f0xx_it.o(i.TIM17_IRQHandler)
    i.TIM_Base_SetConfig                     0x08002f10   Section        0  stm32f0xx_hal_tim.o(i.TIM_Base_SetConfig)
    i.TIM_CCxChannelCmd                      0x08002f94   Section        0  stm32f0xx_hal_tim.o(i.TIM_CCxChannelCmd)
    i.TIM_ETR_SetConfig                      0x08002faa   Section        0  stm32f0xx_hal_tim.o(i.TIM_ETR_SetConfig)
    i.TIM_ITRx_SetConfig                     0x08002fc0   Section        0  stm32f0xx_hal_tim.o(i.TIM_ITRx_SetConfig)
    TIM_ITRx_SetConfig                       0x08002fc1   Thumb Code    16  stm32f0xx_hal_tim.o(i.TIM_ITRx_SetConfig)
    i.TIM_OC1_SetConfig                      0x08002fd0   Section        0  stm32f0xx_hal_tim.o(i.TIM_OC1_SetConfig)
    TIM_OC1_SetConfig                        0x08002fd1   Thumb Code   108  stm32f0xx_hal_tim.o(i.TIM_OC1_SetConfig)
    i.TIM_OC2_SetConfig                      0x08003048   Section        0  stm32f0xx_hal_tim.o(i.TIM_OC2_SetConfig)
    i.TIM_OC3_SetConfig                      0x080030bc   Section        0  stm32f0xx_hal_tim.o(i.TIM_OC3_SetConfig)
    TIM_OC3_SetConfig                        0x080030bd   Thumb Code   106  stm32f0xx_hal_tim.o(i.TIM_OC3_SetConfig)
    i.TIM_OC4_SetConfig                      0x08003134   Section        0  stm32f0xx_hal_tim.o(i.TIM_OC4_SetConfig)
    TIM_OC4_SetConfig                        0x08003135   Thumb Code    84  stm32f0xx_hal_tim.o(i.TIM_OC4_SetConfig)
    i.TIM_TI1_ConfigInputStage               0x08003194   Section        0  stm32f0xx_hal_tim.o(i.TIM_TI1_ConfigInputStage)
    TIM_TI1_ConfigInputStage                 0x08003195   Thumb Code    34  stm32f0xx_hal_tim.o(i.TIM_TI1_ConfigInputStage)
    i.TIM_TI2_ConfigInputStage               0x080031b6   Section        0  stm32f0xx_hal_tim.o(i.TIM_TI2_ConfigInputStage)
    TIM_TI2_ConfigInputStage                 0x080031b7   Thumb Code    38  stm32f0xx_hal_tim.o(i.TIM_TI2_ConfigInputStage)
    i.UART_AdvFeatureConfig                  0x080031dc   Section        0  stm32f0xx_hal_uart.o(i.UART_AdvFeatureConfig)
    i.UART_CheckIdleState                    0x080032a8   Section        0  stm32f0xx_hal_uart.o(i.UART_CheckIdleState)
    i.UART_SetConfig                         0x08003310   Section        0  stm32f0xx_hal_uart.o(i.UART_SetConfig)
    i.UART_WaitOnFlagUntilTimeout            0x08003440   Section        0  stm32f0xx_hal_uart.o(i.UART_WaitOnFlagUntilTimeout)
    i.VL53L0X_init                           0x080034a4   Section        0  vl53l0x.o(i.VL53L0X_init)
    i.__0printf$1                            0x080038a4   Section        0  printf1.o(i.__0printf$1)
    i.__ARM_clz                              0x080038c4   Section        0  depilogue.o(i.__ARM_clz)
    i.__scatterload_copy                     0x080038f2   Section       14  handlers.o(i.__scatterload_copy)
    i.__scatterload_null                     0x08003900   Section        2  handlers.o(i.__scatterload_null)
    i.__scatterload_zeroinit                 0x08003902   Section       14  handlers.o(i.__scatterload_zeroinit)
    i._printf_core                           0x08003910   Section        0  printf1.o(i._printf_core)
    _printf_core                             0x08003911   Thumb Code   332  printf1.o(i._printf_core)
    i.animation_init                         0x08003a60   Section        0  animation.o(i.animation_init)
    i.animation_update                       0x08003a90   Section        0  animation.o(i.animation_update)
    i.build_packet_stat                      0x08003adc   Section        0  helpers.o(i.build_packet_stat)
    i.build_packet_trig                      0x08003b04   Section        0  helpers.o(i.build_packet_trig)
    i.button_update                          0x08003b20   Section        0  sleepybutton.o(i.button_update)
    i.check_battery                          0x08003b54   Section        0  helpers.o(i.check_battery)
    i.decodeTimeout                          0x08003ba0   Section        0  vl53l0x.o(i.decodeTimeout)
    decodeTimeout                            0x08003ba1   Thumb Code    12  vl53l0x.o(i.decodeTimeout)
    i.encodeTimeout                          0x08003bac   Section        0  vl53l0x.o(i.encodeTimeout)
    encodeTimeout                            0x08003bad   Thumb Code    30  vl53l0x.o(i.encodeTimeout)
    i.fputc                                  0x08003bcc   Section        0  main.o(i.fputc)
    i.getMeasurementTimingBudget             0x08003be4   Section        0  vl53l0x.o(i.getMeasurementTimingBudget)
    i.getSequenceStepEnables                 0x08003c68   Section        0  vl53l0x.o(i.getSequenceStepEnables)
    i.getSequenceStepTimeouts                0x08003c90   Section        0  vl53l0x.o(i.getSequenceStepTimeouts)
    i.getSpadInfo                            0x08003cf0   Section        0  vl53l0x.o(i.getSpadInfo)
    i.getVcselPulsePeriod                    0x08003ddc   Section        0  vl53l0x.o(i.getVcselPulsePeriod)
    i.get_baseline                           0x08003dfc   Section        0  helpers.o(i.get_baseline)
    i.get_trigger_threshold                  0x08003e9c   Section        0  helpers.o(i.get_trigger_threshold)
    i.main                                   0x08003ebc   Section        0  main.o(i.main)
    i.nrf24_ce_digitalWrite                  0x080040cc   Section        0  radiopinfunctions.o(i.nrf24_ce_digitalWrite)
    i.nrf24_config                           0x080040e8   Section        0  nrf24.o(i.nrf24_config)
    i.nrf24_configRegister                   0x08004160   Section        0  nrf24.o(i.nrf24_configRegister)
    i.nrf24_csn_digitalWrite                 0x08004184   Section        0  radiopinfunctions.o(i.nrf24_csn_digitalWrite)
    i.nrf24_getStatus                        0x080041a0   Section        0  nrf24.o(i.nrf24_getStatus)
    i.nrf24_init                             0x080041ba   Section        0  nrf24.o(i.nrf24_init)
    i.nrf24_isSending                        0x080041ca   Section        0  nrf24.o(i.nrf24_isSending)
    i.nrf24_lastMessageStatus                0x080041de   Section        0  nrf24.o(i.nrf24_lastMessageStatus)
    i.nrf24_powerUpRx                        0x080041f8   Section        0  nrf24.o(i.nrf24_powerUpRx)
    i.nrf24_powerUpTx                        0x0800422a   Section        0  nrf24.o(i.nrf24_powerUpTx)
    i.nrf24_readRegister                     0x0800423e   Section        0  nrf24.o(i.nrf24_readRegister)
    i.nrf24_retransmissionCount              0x08004266   Section        0  nrf24.o(i.nrf24_retransmissionCount)
    i.nrf24_rx_address                       0x0800427c   Section        0  nrf24.o(i.nrf24_rx_address)
    i.nrf24_send                             0x08004298   Section        0  nrf24.o(i.nrf24_send)
    i.nrf24_transferSync                     0x080042e0   Section        0  nrf24.o(i.nrf24_transferSync)
    i.nrf24_transmitSync                     0x080042fe   Section        0  nrf24.o(i.nrf24_transmitSync)
    i.nrf24_tx_address                       0x08004318   Section        0  nrf24.o(i.nrf24_tx_address)
    i.nrf24_writeRegister                    0x08004332   Section        0  nrf24.o(i.nrf24_writeRegister)
    i.performSingleRefCalibration            0x0800435c   Section        0  vl53l0x.o(i.performSingleRefCalibration)
    i.readMulti                              0x080043b0   Section        0  vl53l0x.o(i.readMulti)
    i.readRangeContinuousMillimeters         0x080043d4   Section        0  vl53l0x.o(i.readRangeContinuousMillimeters)
    i.readRangeSingleMillimeters             0x08004424   Section        0  vl53l0x.o(i.readRangeSingleMillimeters)
    i.readReg                                0x080044a8   Section        0  vl53l0x.o(i.readReg)
    i.readReg16Bit                           0x080044d4   Section        0  vl53l0x.o(i.readReg16Bit)
    i.send_packet                            0x08004508   Section        0  helpers.o(i.send_packet)
    i.setMeasurementTimingBudget             0x08004558   Section        0  vl53l0x.o(i.setMeasurementTimingBudget)
    i.setSignalRateLimit                     0x08004614   Section        0  vl53l0x.o(i.setSignalRateLimit)
    i.spi_transfer                           0x08004644   Section        0  nrf24.o(i.spi_transfer)
    i.start_animation                        0x08004668   Section        0  animation.o(i.start_animation)
    i.timeoutMclksToMicroseconds             0x08004674   Section        0  vl53l0x.o(i.timeoutMclksToMicroseconds)
    timeoutMclksToMicroseconds               0x08004675   Thumb Code    38  vl53l0x.o(i.timeoutMclksToMicroseconds)
    i.timeoutMicrosecondsToMclks             0x080046a0   Section        0  vl53l0x.o(i.timeoutMicrosecondsToMclks)
    timeoutMicrosecondsToMclks               0x080046a1   Thumb Code    38  vl53l0x.o(i.timeoutMicrosecondsToMclks)
    i.tof_calibrate                          0x080046cc   Section        0  helpers.o(i.tof_calibrate)
    i.tx_test                                0x08004724   Section        0  helpers.o(i.tx_test)
    i.writeMulti                             0x080047a8   Section        0  vl53l0x.o(i.writeMulti)
    i.writeReg                               0x080047cc   Section        0  vl53l0x.o(i.writeReg)
    i.writeReg16Bit                          0x080047f8   Section        0  vl53l0x.o(i.writeReg16Bit)
    .constdata                               0x08004828   Section       61  animation.o(.constdata)
    breathing_lookup                         0x08004828   Data          51  animation.o(.constdata)
    faskblink_lookup                         0x0800485b   Data          10  animation.o(.constdata)
    .constdata                               0x08004865   Section       16  system_stm32f0xx.o(.constdata)
    .constdata                               0x08004875   Section        8  system_stm32f0xx.o(.constdata)
    .data                                    0x20000000   Section       12  vl53l0x.o(.data)
    .data                                    0x2000000c   Section        1  nrf24.o(.data)
    .data                                    0x2000000e   Section        8  helpers.o(.data)
    .data                                    0x20000018   Section       16  animation.o(.data)
    .data                                    0x20000028   Section        8  sleepybutton.o(.data)
    .data                                    0x20000030   Section       36  main.o(.data)
    .data                                    0x20000054   Section        4  stm32f0xx_hal.o(.data)
    .data                                    0x20000058   Section        4  system_stm32f0xx.o(.data)
    .data                                    0x2000005c   Section        4  stdout.o(.data)
    .bss                                     0x20000060   Section       32  helpers.o(.bss)
    .bss                                     0x20000080   Section      524  main.o(.bss)
    STACK                                    0x20000290   Section     1024  startup_stm32f042x6.o(STACK)

    Global Symbols

    Symbol Name                              Value     Ov Type        Size  Object(Section)

    BuildAttributes$$THM_ISAv3M$S$PE$A:L22$X:L11$S22$IEEE1$IW$USESV6$~STKCKD$USESV7$~SHL$OTIME$ROPI$EBA8$MICROLIB$REQ8$PRES8$EABIv2 0x00000000   Number         0  anon$$obj.o ABSOLUTE
    __ARM_use_no_argv                        0x00000000   Number         0  main.o ABSOLUTE
    _printf_a                                0x00000000   Number         0  stubs.o ABSOLUTE
    _printf_c                                0x00000000   Number         0  stubs.o ABSOLUTE
    _printf_charcount                        0x00000000   Number         0  stubs.o ABSOLUTE
    _printf_d                                0x00000000   Number         0  stubs.o ABSOLUTE
    _printf_e                                0x00000000   Number         0  stubs.o ABSOLUTE
    _printf_f                                0x00000000   Number         0  stubs.o ABSOLUTE
    _printf_flags                            0x00000000   Number         0  stubs.o ABSOLUTE
    _printf_fp_dec                           0x00000000   Number         0  stubs.o ABSOLUTE
    _printf_fp_hex                           0x00000000   Number         0  stubs.o ABSOLUTE
    _printf_g                                0x00000000   Number         0  stubs.o ABSOLUTE
    _printf_i                                0x00000000   Number         0  stubs.o ABSOLUTE
    _printf_int_dec                          0x00000000   Number         0  stubs.o ABSOLUTE
    _printf_l                                0x00000000   Number         0  stubs.o ABSOLUTE
    _printf_lc                               0x00000000   Number         0  stubs.o ABSOLUTE
    _printf_ll                               0x00000000   Number         0  stubs.o ABSOLUTE
    _printf_lld                              0x00000000   Number         0  stubs.o ABSOLUTE
    _printf_lli                              0x00000000   Number         0  stubs.o ABSOLUTE
    _printf_llo                              0x00000000   Number         0  stubs.o ABSOLUTE
    _printf_llu                              0x00000000   Number         0  stubs.o ABSOLUTE
    _printf_llx                              0x00000000   Number         0  stubs.o ABSOLUTE
    _printf_longlong_dec                     0x00000000   Number         0  stubs.o ABSOLUTE
    _printf_longlong_hex                     0x00000000   Number         0  stubs.o ABSOLUTE
    _printf_longlong_oct                     0x00000000   Number         0  stubs.o ABSOLUTE
    _printf_ls                               0x00000000   Number         0  stubs.o ABSOLUTE
    _printf_mbtowc                           0x00000000   Number         0  stubs.o ABSOLUTE
    _printf_n                                0x00000000   Number         0  stubs.o ABSOLUTE
    _printf_o                                0x00000000   Number         0  stubs.o ABSOLUTE
    _printf_p                                0x00000000   Number         0  stubs.o ABSOLUTE
    _printf_percent                          0x00000000   Number         0  stubs.o ABSOLUTE
    _printf_pre_padding                      0x00000000   Number         0  stubs.o ABSOLUTE
    _printf_return_value                     0x00000000   Number         0  stubs.o ABSOLUTE
    _printf_s                                0x00000000   Number         0  stubs.o ABSOLUTE
    _printf_sizespec                         0x00000000   Number         0  stubs.o ABSOLUTE
    _printf_str                              0x00000000   Number         0  stubs.o ABSOLUTE
    _printf_truncate_signed                  0x00000000   Number         0  stubs.o ABSOLUTE
    _printf_truncate_unsigned                0x00000000   Number         0  stubs.o ABSOLUTE
    _printf_u                                0x00000000   Number         0  stubs.o ABSOLUTE
    _printf_wc                               0x00000000   Number         0  stubs.o ABSOLUTE
    _printf_wctomb                           0x00000000   Number         0  stubs.o ABSOLUTE
    _printf_widthprec                        0x00000000   Number         0  stubs.o ABSOLUTE
    _printf_x                                0x00000000   Number         0  stubs.o ABSOLUTE
    __cpp_initialize__aeabi_                  - Undefined Weak Reference
    __cxa_finalize                            - Undefined Weak Reference
    __decompress                              - Undefined Weak Reference
    _clock_init                               - Undefined Weak Reference
    _microlib_exit                            - Undefined Weak Reference
    __Vectors_Size                           0x000000c0   Number         0  startup_stm32f042x6.o ABSOLUTE
    __Vectors                                0x08000000   Data           4  startup_stm32f042x6.o(RESET)
    __Vectors_End                            0x080000c0   Data           0  startup_stm32f042x6.o(RESET)
    __main                                   0x080000c1   Thumb Code     0  entry.o(.ARM.Collect$$$$00000000)
    _main_stk                                0x080000c1   Thumb Code     0  entry2.o(.ARM.Collect$$$$00000001)
    _main_scatterload                        0x080000c5   Thumb Code     0  entry5.o(.ARM.Collect$$$$00000004)
    __main_after_scatterload                 0x080000c9   Thumb Code     0  entry5.o(.ARM.Collect$$$$00000004)
    _main_clock                              0x080000c9   Thumb Code     0  entry7b.o(.ARM.Collect$$$$00000008)
    _main_cpp_init                           0x080000c9   Thumb Code     0  entry8b.o(.ARM.Collect$$$$0000000A)
    _main_init                               0x080000c9   Thumb Code     0  entry9a.o(.ARM.Collect$$$$0000000B)
    __rt_final_cpp                           0x080000d1   Thumb Code     0  entry10a.o(.ARM.Collect$$$$0000000D)
    __rt_final_exit                          0x080000d1   Thumb Code     0  entry11a.o(.ARM.Collect$$$$0000000F)
    Reset_Handler                            0x080000d5   Thumb Code    38  startup_stm32f042x6.o(.text)
    ADC1_IRQHandler                          0x08000105   Thumb Code     0  startup_stm32f042x6.o(.text)
    CEC_CAN_IRQHandler                       0x08000105   Thumb Code     0  startup_stm32f042x6.o(.text)
    DMA1_Channel1_IRQHandler                 0x08000105   Thumb Code     0  startup_stm32f042x6.o(.text)
    DMA1_Channel2_3_IRQHandler               0x08000105   Thumb Code     0  startup_stm32f042x6.o(.text)
    DMA1_Channel4_5_IRQHandler               0x08000105   Thumb Code     0  startup_stm32f042x6.o(.text)
    EXTI0_1_IRQHandler                       0x08000105   Thumb Code     0  startup_stm32f042x6.o(.text)
    EXTI2_3_IRQHandler                       0x08000105   Thumb Code     0  startup_stm32f042x6.o(.text)
    EXTI4_15_IRQHandler                      0x08000105   Thumb Code     0  startup_stm32f042x6.o(.text)
    FLASH_IRQHandler                         0x08000105   Thumb Code     0  startup_stm32f042x6.o(.text)
    I2C1_IRQHandler                          0x08000105   Thumb Code     0  startup_stm32f042x6.o(.text)
    PVD_VDDIO2_IRQHandler                    0x08000105   Thumb Code     0  startup_stm32f042x6.o(.text)
    RCC_CRS_IRQHandler                       0x08000105   Thumb Code     0  startup_stm32f042x6.o(.text)
    SPI1_IRQHandler                          0x08000105   Thumb Code     0  startup_stm32f042x6.o(.text)
    SPI2_IRQHandler                          0x08000105   Thumb Code     0  startup_stm32f042x6.o(.text)
    TIM14_IRQHandler                         0x08000105   Thumb Code     0  startup_stm32f042x6.o(.text)
    TIM16_IRQHandler                         0x08000105   Thumb Code     0  startup_stm32f042x6.o(.text)
    TIM1_BRK_UP_TRG_COM_IRQHandler           0x08000105   Thumb Code     0  startup_stm32f042x6.o(.text)
    TIM1_CC_IRQHandler                       0x08000105   Thumb Code     0  startup_stm32f042x6.o(.text)
    TIM2_IRQHandler                          0x08000105   Thumb Code     0  startup_stm32f042x6.o(.text)
    TIM3_IRQHandler                          0x08000105   Thumb Code     0  startup_stm32f042x6.o(.text)
    TSC_IRQHandler                           0x08000105   Thumb Code     0  startup_stm32f042x6.o(.text)
    USART1_IRQHandler                        0x08000105   Thumb Code     0  startup_stm32f042x6.o(.text)
    USART2_IRQHandler                        0x08000105   Thumb Code     0  startup_stm32f042x6.o(.text)
    USB_IRQHandler                           0x08000105   Thumb Code     0  startup_stm32f042x6.o(.text)
    WWDG_IRQHandler                          0x08000105   Thumb Code     0  startup_stm32f042x6.o(.text)
    __aeabi_uidiv                            0x0800012d   Thumb Code     0  uidiv.o(.text)
    __aeabi_uidivmod                         0x0800012d   Thumb Code    44  uidiv.o(.text)
    __aeabi_llsr                             0x08000159   Thumb Code    34  llushr.o(.text)
    _ll_ushift_r                             0x08000159   Thumb Code     0  llushr.o(.text)
    __aeabi_memset                           0x0800017b   Thumb Code    14  memseta.o(.text)
    __aeabi_memset4                          0x0800017b   Thumb Code     0  memseta.o(.text)
    __aeabi_memset8                          0x0800017b   Thumb Code     0  memseta.o(.text)
    __aeabi_memclr                           0x08000189   Thumb Code     4  memseta.o(.text)
    __aeabi_memclr4                          0x08000189   Thumb Code     0  memseta.o(.text)
    __aeabi_memclr8                          0x08000189   Thumb Code     0  memseta.o(.text)
    _memset$wrapper                          0x0800018d   Thumb Code    18  memseta.o(.text)
    __ARM_scalbnf                            0x0800019f   Thumb Code    24  fscalb.o(.text)
    scalbnf                                  0x0800019f   Thumb Code     0  fscalb.o(.text)
    __aeabi_dmul                             0x080001b9   Thumb Code   202  dmul.o(.text)
    __aeabi_ui2d                             0x08000289   Thumb Code    24  dfltui.o(.text)
    __aeabi_f2uiz                            0x080002a5   Thumb Code    40  ffixui.o(.text)
    __aeabi_d2uiz                            0x080002cd   Thumb Code    50  dfixui.o(.text)
    __I$use$fp                               0x08000309   Thumb Code     0  iusefp.o(.text)
    _double_round                            0x08000309   Thumb Code    26  depilogue.o(.text)
    _double_epilogue                         0x08000323   Thumb Code   164  depilogue.o(.text)
    __scatterload                            0x080003c9   Thumb Code    28  init.o(.text)
    __scatterload_rt2                        0x080003c9   Thumb Code     0  init.o(.text)
    __aeabi_llsl                             0x080003ed   Thumb Code    32  llshl.o(.text)
    _ll_shift_l                              0x080003ed   Thumb Code     0  llshl.o(.text)
    HAL_ADC_ConfigChannel                    0x08000549   Thumb Code   284  stm32f0xx_hal_adc.o(i.HAL_ADC_ConfigChannel)
    HAL_ADC_GetValue                         0x08000675   Thumb Code     6  stm32f0xx_hal_adc.o(i.HAL_ADC_GetValue)
    HAL_ADC_Init                             0x0800067d   Thumb Code   364  stm32f0xx_hal_adc.o(i.HAL_ADC_Init)
    HAL_ADC_MspDeInit                        0x080007f1   Thumb Code    32  stm32f0xx_hal_msp.o(i.HAL_ADC_MspDeInit)
    HAL_ADC_MspInit                          0x08000819   Thumb Code    54  stm32f0xx_hal_msp.o(i.HAL_ADC_MspInit)
    HAL_ADC_PollForConversion                0x08000859   Thumb Code   190  stm32f0xx_hal_adc.o(i.HAL_ADC_PollForConversion)
    HAL_ADC_Start                            0x08000919   Thumb Code    86  stm32f0xx_hal_adc.o(i.HAL_ADC_Start)
    HAL_ADC_Stop                             0x08000975   Thumb Code    62  stm32f0xx_hal_adc.o(i.HAL_ADC_Stop)
    HAL_Delay                                0x080009b3   Thumb Code    28  stm32f0xx_hal.o(i.HAL_Delay)
    HAL_GPIO_DeInit                          0x080009d1   Thumb Code   182  stm32f0xx_hal_gpio.o(i.HAL_GPIO_DeInit)
    HAL_GPIO_Init                            0x08000a99   Thumb Code   294  stm32f0xx_hal_gpio.o(i.HAL_GPIO_Init)
    HAL_GPIO_ReadPin                         0x08000bd5   Thumb Code    10  stm32f0xx_hal_gpio.o(i.HAL_GPIO_ReadPin)
    HAL_GPIO_WritePin                        0x08000bdf   Thumb Code    12  stm32f0xx_hal_gpio.o(i.HAL_GPIO_WritePin)
    HAL_GetTick                              0x08000bed   Thumb Code     6  stm32f0xx_hal.o(i.HAL_GetTick)
    HAL_HalfDuplex_Init                      0x08000bf9   Thumb Code   118  stm32f0xx_hal_uart.o(i.HAL_HalfDuplex_Init)
    HAL_I2CEx_ConfigAnalogFilter             0x08000c6f   Thumb Code    74  stm32f0xx_hal_i2c_ex.o(i.HAL_I2CEx_ConfigAnalogFilter)
    HAL_I2CEx_ConfigDigitalFilter            0x08000cb9   Thumb Code    72  stm32f0xx_hal_i2c_ex.o(i.HAL_I2CEx_ConfigDigitalFilter)
    HAL_I2C_Init                             0x08000d01   Thumb Code   176  stm32f0xx_hal_i2c.o(i.HAL_I2C_Init)
    HAL_I2C_Mem_Read                         0x08000db5   Thumb Code   340  stm32f0xx_hal_i2c.o(i.HAL_I2C_Mem_Read)
    HAL_I2C_Mem_Write                        0x08000f0d   Thumb Code   334  stm32f0xx_hal_i2c.o(i.HAL_I2C_Mem_Write)
    HAL_I2C_MspInit                          0x08001061   Thumb Code    58  stm32f0xx_hal_msp.o(i.HAL_I2C_MspInit)
    HAL_IncTick                              0x080010a9   Thumb Code    10  stm32f0xx_hal.o(i.HAL_IncTick)
    HAL_Init                                 0x080010b9   Thumb Code    26  stm32f0xx_hal.o(i.HAL_Init)
    HAL_InitTick                             0x080010d9   Thumb Code    34  stm32f0xx_hal.o(i.HAL_InitTick)
    HAL_MspInit                              0x080010fd   Thumb Code    64  stm32f0xx_hal_msp.o(i.HAL_MspInit)
    HAL_NVIC_EnableIRQ                       0x08001141   Thumb Code    14  stm32f0xx_hal_cortex.o(i.HAL_NVIC_EnableIRQ)
    HAL_NVIC_SetPriority                     0x08001155   Thumb Code     8  stm32f0xx_hal_cortex.o(i.HAL_NVIC_SetPriority)
    HAL_PWR_EnterSTOPMode                    0x0800115d   Thumb Code    44  stm32f0xx_hal_pwr.o(i.HAL_PWR_EnterSTOPMode)
    HAL_RCCEx_PeriphCLKConfig                0x08001191   Thumb Code   254  stm32f0xx_hal_rcc_ex.o(i.HAL_RCCEx_PeriphCLKConfig)
    HAL_RCC_ClockConfig                      0x0800129d   Thumb Code   320  stm32f0xx_hal_rcc.o(i.HAL_RCC_ClockConfig)
    HAL_RCC_GetHCLKFreq                      0x080013f1   Thumb Code     6  stm32f0xx_hal_rcc.o(i.HAL_RCC_GetHCLKFreq)
    HAL_RCC_GetPCLK1Freq                     0x080013fd   Thumb Code    20  stm32f0xx_hal_rcc.o(i.HAL_RCC_GetPCLK1Freq)
    HAL_RCC_GetSysClockFreq                  0x0800141d   Thumb Code    90  stm32f0xx_hal_rcc.o(i.HAL_RCC_GetSysClockFreq)
    HAL_RCC_OscConfig                        0x080014a5   Thumb Code   966  stm32f0xx_hal_rcc.o(i.HAL_RCC_OscConfig)
    HAL_RTC_AlarmAEventCallback              0x0800187d   Thumb Code    50  main.o(i.HAL_RTC_AlarmAEventCallback)
    HAL_RTC_AlarmIRQHandler                  0x080018bd   Thumb Code    52  stm32f0xx_hal_rtc.o(i.HAL_RTC_AlarmIRQHandler)
    HAL_RTC_Init                             0x080018f5   Thumb Code   174  stm32f0xx_hal_rtc.o(i.HAL_RTC_Init)
    HAL_RTC_MspInit                          0x080019a9   Thumb Code    40  stm32f0xx_hal_msp.o(i.HAL_RTC_MspInit)
    HAL_RTC_SetAlarm_IT                      0x080019d9   Thumb Code   296  stm32f0xx_hal_rtc.o(i.HAL_RTC_SetAlarm_IT)
    HAL_RTC_SetDate                          0x08001b05   Thumb Code   194  stm32f0xx_hal_rtc.o(i.HAL_RTC_SetDate)
    HAL_RTC_SetTime                          0x08001bcd   Thumb Code   222  stm32f0xx_hal_rtc.o(i.HAL_RTC_SetTime)
    HAL_RTC_WaitForSynchro                   0x08001cb1   Thumb Code    52  stm32f0xx_hal_rtc.o(i.HAL_RTC_WaitForSynchro)
    HAL_SPI_Init                             0x08001ce5   Thumb Code   184  stm32f0xx_hal_spi.o(i.HAL_SPI_Init)
    HAL_SPI_MspInit                          0x08001d9d   Thumb Code    60  stm32f0xx_hal_msp.o(i.HAL_SPI_MspInit)
    HAL_SPI_TransmitReceive                  0x08001de1   Thumb Code   584  stm32f0xx_hal_spi.o(i.HAL_SPI_TransmitReceive)
    HAL_SYSTICK_CLKSourceConfig              0x08002029   Thumb Code    20  stm32f0xx_hal_cortex.o(i.HAL_SYSTICK_CLKSourceConfig)
    HAL_SYSTICK_Callback                     0x08002041   Thumb Code     2  stm32f0xx_hal_cortex.o(i.HAL_SYSTICK_Callback)
    HAL_SYSTICK_Config                       0x08002045   Thumb Code    38  stm32f0xx_hal_cortex.o(i.HAL_SYSTICK_Config)
    HAL_SYSTICK_IRQHandler                   0x08002075   Thumb Code     8  stm32f0xx_hal_cortex.o(i.HAL_SYSTICK_IRQHandler)
    HAL_TIMEx_BreakCallback                  0x0800207d   Thumb Code     2  stm32f0xx_hal_tim_ex.o(i.HAL_TIMEx_BreakCallback)
    HAL_TIMEx_CommutationCallback            0x0800207f   Thumb Code     2  stm32f0xx_hal_tim_ex.o(i.HAL_TIMEx_CommutationCallback)
    HAL_TIMEx_MasterConfigSynchronization    0x08002081   Thumb Code    72  stm32f0xx_hal_tim_ex.o(i.HAL_TIMEx_MasterConfigSynchronization)
    HAL_TIM_Base_Init                        0x080020c9   Thumb Code    52  stm32f0xx_hal_tim.o(i.HAL_TIM_Base_Init)
    HAL_TIM_Base_MspInit                     0x080020fd   Thumb Code    70  stm32f0xx_hal_msp.o(i.HAL_TIM_Base_MspInit)
    HAL_TIM_Base_Start                       0x0800214d   Thumb Code    24  stm32f0xx_hal_tim.o(i.HAL_TIM_Base_Start)
    HAL_TIM_Base_Start_IT                    0x08002165   Thumb Code    22  stm32f0xx_hal_tim.o(i.HAL_TIM_Base_Start_IT)
    HAL_TIM_ConfigClockSource                0x0800217b   Thumb Code   238  stm32f0xx_hal_tim.o(i.HAL_TIM_ConfigClockSource)
    HAL_TIM_IC_CaptureCallback               0x08002269   Thumb Code     2  stm32f0xx_hal_tim.o(i.HAL_TIM_IC_CaptureCallback)
    HAL_TIM_IRQHandler                       0x0800226b   Thumb Code   354  stm32f0xx_hal_tim.o(i.HAL_TIM_IRQHandler)
    HAL_TIM_MspPostInit                      0x080023cd   Thumb Code    44  stm32f0xx_hal_msp.o(i.HAL_TIM_MspPostInit)
    HAL_TIM_OC_DelayElapsedCallback          0x080023f9   Thumb Code     2  stm32f0xx_hal_tim.o(i.HAL_TIM_OC_DelayElapsedCallback)
    HAL_TIM_PWM_ConfigChannel                0x080023fb   Thumb Code   208  stm32f0xx_hal_tim.o(i.HAL_TIM_PWM_ConfigChannel)
    HAL_TIM_PWM_Init                         0x080024cb   Thumb Code    52  stm32f0xx_hal_tim.o(i.HAL_TIM_PWM_Init)
    HAL_TIM_PWM_MspInit                      0x080024ff   Thumb Code     2  stm32f0xx_hal_tim.o(i.HAL_TIM_PWM_MspInit)
    HAL_TIM_PWM_PulseFinishedCallback        0x08002501   Thumb Code     2  stm32f0xx_hal_tim.o(i.HAL_TIM_PWM_PulseFinishedCallback)
    HAL_TIM_PWM_Start                        0x08002505   Thumb Code    56  stm32f0xx_hal_tim.o(i.HAL_TIM_PWM_Start)
    HAL_TIM_PeriodElapsedCallback            0x08002549   Thumb Code    16  main.o(i.HAL_TIM_PeriodElapsedCallback)
    HAL_TIM_TriggerCallback                  0x0800255d   Thumb Code     2  stm32f0xx_hal_tim.o(i.HAL_TIM_TriggerCallback)
    HAL_UART_MspInit                         0x08002561   Thumb Code    62  stm32f0xx_hal_msp.o(i.HAL_UART_MspInit)
    HAL_UART_Transmit                        0x080025a9   Thumb Code   200  stm32f0xx_hal_uart.o(i.HAL_UART_Transmit)
    HardFault_Handler                        0x08002671   Thumb Code     2  stm32f0xx_it.o(i.HardFault_Handler)
    NMI_Handler                              0x08002bf5   Thumb Code     2  stm32f0xx_it.o(i.NMI_Handler)
    PendSV_Handler                           0x08002c3d   Thumb Code     2  stm32f0xx_it.o(i.PendSV_Handler)
    RTC_Bcd2ToByte                           0x08002c3f   Thumb Code    16  stm32f0xx_hal_rtc.o(i.RTC_Bcd2ToByte)
    RTC_ByteToBcd2                           0x08002c4f   Thumb Code    22  stm32f0xx_hal_rtc.o(i.RTC_ByteToBcd2)
    RTC_EnterInitMode                        0x08002c65   Thumb Code    56  stm32f0xx_hal_rtc.o(i.RTC_EnterInitMode)
    RTC_IRQHandler                           0x08002c9d   Thumb Code    10  stm32f0xx_it.o(i.RTC_IRQHandler)
    SVC_Handler                              0x08002e1b   Thumb Code     2  stm32f0xx_it.o(i.SVC_Handler)
    SysTick_Handler                          0x08002e1d   Thumb Code    12  stm32f0xx_it.o(i.SysTick_Handler)
    SystemClock_Config                       0x08002e29   Thumb Code   120  main.o(i.SystemClock_Config)
    SystemInit                               0x08002ea5   Thumb Code    78  system_stm32f0xx.o(i.SystemInit)
    TIM17_IRQHandler                         0x08002f01   Thumb Code    10  stm32f0xx_it.o(i.TIM17_IRQHandler)
    TIM_Base_SetConfig                       0x08002f11   Thumb Code   112  stm32f0xx_hal_tim.o(i.TIM_Base_SetConfig)
    TIM_CCxChannelCmd                        0x08002f95   Thumb Code    22  stm32f0xx_hal_tim.o(i.TIM_CCxChannelCmd)
    TIM_ETR_SetConfig                        0x08002fab   Thumb Code    22  stm32f0xx_hal_tim.o(i.TIM_ETR_SetConfig)
    TIM_OC2_SetConfig                        0x08003049   Thumb Code   104  stm32f0xx_hal_tim.o(i.TIM_OC2_SetConfig)
    UART_AdvFeatureConfig                    0x080031dd   Thumb Code   202  stm32f0xx_hal_uart.o(i.UART_AdvFeatureConfig)
    UART_CheckIdleState                      0x080032a9   Thumb Code    96  stm32f0xx_hal_uart.o(i.UART_CheckIdleState)
    UART_SetConfig                           0x08003311   Thumb Code   280  stm32f0xx_hal_uart.o(i.UART_SetConfig)
    UART_WaitOnFlagUntilTimeout              0x08003441   Thumb Code    98  stm32f0xx_hal_uart.o(i.UART_WaitOnFlagUntilTimeout)
    VL53L0X_init                             0x080034a5   Thumb Code  1018  vl53l0x.o(i.VL53L0X_init)
    __0printf$1                              0x080038a5   Thumb Code    24  printf1.o(i.__0printf$1)
    __1printf$1                              0x080038a5   Thumb Code     0  printf1.o(i.__0printf$1)
    __2printf                                0x080038a5   Thumb Code     0  printf1.o(i.__0printf$1)
    __ARM_clz                                0x080038c5   Thumb Code    46  depilogue.o(i.__ARM_clz)
    __scatterload_copy                       0x080038f3   Thumb Code    14  handlers.o(i.__scatterload_copy)
    __scatterload_null                       0x08003901   Thumb Code     2  handlers.o(i.__scatterload_null)
    __scatterload_zeroinit                   0x08003903   Thumb Code    14  handlers.o(i.__scatterload_zeroinit)
    animation_init                           0x08003a61   Thumb Code    42  animation.o(i.animation_init)
    animation_update                         0x08003a91   Thumb Code    66  animation.o(i.animation_update)
    build_packet_stat                        0x08003add   Thumb Code    32  helpers.o(i.build_packet_stat)
    build_packet_trig                        0x08003b05   Thumb Code    24  helpers.o(i.build_packet_trig)
    button_update                            0x08003b21   Thumb Code    48  sleepybutton.o(i.button_update)
    check_battery                            0x08003b55   Thumb Code    72  helpers.o(i.check_battery)
    fputc                                    0x08003bcd   Thumb Code    18  main.o(i.fputc)
    getMeasurementTimingBudget               0x08003be5   Thumb Code   110  vl53l0x.o(i.getMeasurementTimingBudget)
    getSequenceStepEnables                   0x08003c69   Thumb Code    40  vl53l0x.o(i.getSequenceStepEnables)
    getSequenceStepTimeouts                  0x08003c91   Thumb Code    96  vl53l0x.o(i.getSequenceStepTimeouts)
    getSpadInfo                              0x08003cf1   Thumb Code   232  vl53l0x.o(i.getSpadInfo)
    getVcselPulsePeriod                      0x08003ddd   Thumb Code    32  vl53l0x.o(i.getVcselPulsePeriod)
    get_baseline                             0x08003dfd   Thumb Code    82  helpers.o(i.get_baseline)
    get_trigger_threshold                    0x08003e9d   Thumb Code    22  helpers.o(i.get_trigger_threshold)
    main                                     0x08003ebd   Thumb Code   382  main.o(i.main)
    nrf24_ce_digitalWrite                    0x080040cd   Thumb Code    26  radiopinfunctions.o(i.nrf24_ce_digitalWrite)
    nrf24_config                             0x080040e9   Thumb Code   116  nrf24.o(i.nrf24_config)
    nrf24_configRegister                     0x08004161   Thumb Code    36  nrf24.o(i.nrf24_configRegister)
    nrf24_csn_digitalWrite                   0x08004185   Thumb Code    24  radiopinfunctions.o(i.nrf24_csn_digitalWrite)
    nrf24_getStatus                          0x080041a1   Thumb Code    26  nrf24.o(i.nrf24_getStatus)
    nrf24_init                               0x080041bb   Thumb Code    16  nrf24.o(i.nrf24_init)
    nrf24_isSending                          0x080041cb   Thumb Code    20  nrf24.o(i.nrf24_isSending)
    nrf24_lastMessageStatus                  0x080041df   Thumb Code    26  nrf24.o(i.nrf24_lastMessageStatus)
    nrf24_powerUpRx                          0x080041f9   Thumb Code    50  nrf24.o(i.nrf24_powerUpRx)
    nrf24_powerUpTx                          0x0800422b   Thumb Code    20  nrf24.o(i.nrf24_powerUpTx)
    nrf24_readRegister                       0x0800423f   Thumb Code    40  nrf24.o(i.nrf24_readRegister)
    nrf24_retransmissionCount                0x08004267   Thumb Code    22  nrf24.o(i.nrf24_retransmissionCount)
    nrf24_rx_address                         0x0800427d   Thumb Code    28  nrf24.o(i.nrf24_rx_address)
    nrf24_send                               0x08004299   Thumb Code    68  nrf24.o(i.nrf24_send)
    nrf24_transferSync                       0x080042e1   Thumb Code    30  nrf24.o(i.nrf24_transferSync)
    nrf24_transmitSync                       0x080042ff   Thumb Code    26  nrf24.o(i.nrf24_transmitSync)
    nrf24_tx_address                         0x08004319   Thumb Code    26  nrf24.o(i.nrf24_tx_address)
    nrf24_writeRegister                      0x08004333   Thumb Code    40  nrf24.o(i.nrf24_writeRegister)
    performSingleRefCalibration              0x0800435d   Thumb Code    78  vl53l0x.o(i.performSingleRefCalibration)
    readMulti                                0x080043b1   Thumb Code    26  vl53l0x.o(i.readMulti)
    readRangeContinuousMillimeters           0x080043d5   Thumb Code    72  vl53l0x.o(i.readRangeContinuousMillimeters)
    readRangeSingleMillimeters               0x08004425   Thumb Code   122  vl53l0x.o(i.readRangeSingleMillimeters)
    readReg                                  0x080044a9   Thumb Code    36  vl53l0x.o(i.readReg)
    readReg16Bit                             0x080044d5   Thumb Code    44  vl53l0x.o(i.readReg16Bit)
    send_packet                              0x08004509   Thumb Code    48  helpers.o(i.send_packet)
    setMeasurementTimingBudget               0x08004559   Thumb Code   164  vl53l0x.o(i.setMeasurementTimingBudget)
    setSignalRateLimit                       0x08004615   Thumb Code    42  vl53l0x.o(i.setSignalRateLimit)
    spi_transfer                             0x08004645   Thumb Code    32  nrf24.o(i.spi_transfer)
    start_animation                          0x08004669   Thumb Code     6  animation.o(i.start_animation)
    tof_calibrate                            0x080046cd   Thumb Code    62  helpers.o(i.tof_calibrate)
    tx_test                                  0x08004725   Thumb Code   106  helpers.o(i.tx_test)
    writeMulti                               0x080047a9   Thumb Code    26  vl53l0x.o(i.writeMulti)
    writeReg                                 0x080047cd   Thumb Code    34  vl53l0x.o(i.writeReg)
    writeReg16Bit                            0x080047f9   Thumb Code    38  vl53l0x.o(i.writeReg16Bit)
    AHBPrescTable                            0x08004865   Data          16  system_stm32f0xx.o(.constdata)
    APBPrescTable                            0x08004875   Data           8  system_stm32f0xx.o(.constdata)
    Region$$Table$$Base                      0x08004880   Number         0  anon$$obj.o(Region$$Table)
    Region$$Table$$Limit                     0x080048a0   Number         0  anon$$obj.o(Region$$Table)
    address                                  0x20000000   Data           1  vl53l0x.o(.data)
    did_timeout                              0x20000001   Data           1  vl53l0x.o(.data)
    stop_variable                            0x20000002   Data           1  vl53l0x.o(.data)
    last_status                              0x20000003   Data           1  vl53l0x.o(.data)
    io_timeout                               0x20000004   Data           2  vl53l0x.o(.data)
    timeout_start_ms                         0x20000006   Data           2  vl53l0x.o(.data)
    measurement_timing_budget_us             0x20000008   Data           4  vl53l0x.o(.data)
    payload_len                              0x2000000c   Data           1  nrf24.o(.data)
    stat_packet_count                        0x2000000e   Data           2  helpers.o(.data)
    test_data                                0x20000010   Data           6  helpers.o(.data)
    current_animation                        0x20000018   Data           1  animation.o(.data)
    frame_timer                              0x2000001c   Data           4  animation.o(.data)
    pwm_timer                                0x20000020   Data           4  animation.o(.data)
    curr_frame                               0x20000024   Data           4  animation.o(.data)
    curr_state                               0x20000028   Data           1  sleepybutton.o(.data)
    timestamp                                0x2000002c   Data           4  sleepybutton.o(.data)
    current_state                            0x20000030   Data           1  main.o(.data)
    button_result                            0x20000031   Data           1  main.o(.data)
    new_stat_packet                          0x20000032   Data           1  main.o(.data)
    baseline                                 0x20000034   Data           2  main.o(.data)
    diff_threshold                           0x20000036   Data           2  main.o(.data)
    this_reading                             0x20000038   Data           2  main.o(.data)
    diff                                     0x2000003a   Data           2  main.o(.data)
    wakeup_count                             0x2000003c   Data           4  main.o(.data)
    vbat_mV                                  0x20000040   Data           4  main.o(.data)
    rx_address                               0x20000044   Data           5  main.o(.data)
    tx_address                               0x20000049   Data           5  main.o(.data)
    data_array                               0x2000004e   Data           6  main.o(.data)
    uwTick                                   0x20000054   Data           4  stm32f0xx_hal.o(.data)
    SystemCoreClock                          0x20000058   Data           4  system_stm32f0xx.o(.data)
    __stdout                                 0x2000005c   Data           4  stdout.o(.data)
    baseline_data                            0x20000060   Data          32  helpers.o(.bss)
    hadc                                     0x20000080   Data          76  main.o(.bss)
    hi2c1                                    0x200000cc   Data          76  main.o(.bss)
    hrtc                                     0x20000118   Data          32  main.o(.bss)
    hspi1                                    0x20000138   Data         100  main.o(.bss)
    htim2                                    0x2000019c   Data          64  main.o(.bss)
    htim17                                   0x200001dc   Data          64  main.o(.bss)
    huart2                                   0x2000021c   Data         112  main.o(.bss)
    __initial_sp                             0x20000690   Data           0  startup_stm32f042x6.o(STACK)



==============================================================================

Memory Map of the image

  Image Entry point : 0x080000c1

  Load Region LR_IROM1 (Base: 0x08000000, Size: 0x00004900, Max: 0x00008000, ABSOLUTE)

    Execution Region ER_IROM1 (Exec base: 0x08000000, Load base: 0x08000000, Size: 0x000048a0, Max: 0x00008000, ABSOLUTE)

    Exec Addr    Load Addr    Size         Type   Attr      Idx    E Section Name        Object

    0x08000000   0x08000000   0x000000c0   Data   RO            3    RESET               startup_stm32f042x6.o
    0x080000c0   0x080000c0   0x00000000   Code   RO         4427  * .ARM.Collect$$$$00000000  mc_p.l(entry.o)
    0x080000c0   0x080000c0   0x00000004   Code   RO         4709    .ARM.Collect$$$$00000001  mc_p.l(entry2.o)
    0x080000c4   0x080000c4   0x00000004   Code   RO         4712    .ARM.Collect$$$$00000004  mc_p.l(entry5.o)
    0x080000c8   0x080000c8   0x00000000   Code   RO         4714    .ARM.Collect$$$$00000008  mc_p.l(entry7b.o)
    0x080000c8   0x080000c8   0x00000000   Code   RO         4716    .ARM.Collect$$$$0000000A  mc_p.l(entry8b.o)
    0x080000c8   0x080000c8   0x00000008   Code   RO         4717    .ARM.Collect$$$$0000000B  mc_p.l(entry9a.o)
    0x080000d0   0x080000d0   0x00000000   Code   RO         4719    .ARM.Collect$$$$0000000D  mc_p.l(entry10a.o)
    0x080000d0   0x080000d0   0x00000000   Code   RO         4721    .ARM.Collect$$$$0000000F  mc_p.l(entry11a.o)
    0x080000d0   0x080000d0   0x00000004   Code   RO         4710    .ARM.Collect$$$$00002712  mc_p.l(entry2.o)
    0x080000d4   0x080000d4   0x00000058   Code   RO            4    .text               startup_stm32f042x6.o
    0x0800012c   0x0800012c   0x0000002c   Code   RO         4430    .text               mc_p.l(uidiv.o)
    0x08000158   0x08000158   0x00000022   Code   RO         4432    .text               mc_p.l(llushr.o)
    0x0800017a   0x0800017a   0x00000024   Code   RO         4434    .text               mc_p.l(memseta.o)
    0x0800019e   0x0800019e   0x00000018   Code   RO         4697    .text               mf_p.l(fscalb.o)
    0x080001b6   0x080001b6   0x00000002   PAD
    0x080001b8   0x080001b8   0x000000d0   Code   RO         4699    .text               mf_p.l(dmul.o)
    0x08000288   0x08000288   0x0000001c   Code   RO         4703    .text               mf_p.l(dfltui.o)
    0x080002a4   0x080002a4   0x00000028   Code   RO         4705    .text               mf_p.l(ffixui.o)
    0x080002cc   0x080002cc   0x0000003c   Code   RO         4707    .text               mf_p.l(dfixui.o)
    0x08000308   0x08000308   0x00000000   Code   RO         4726    .text               mc_p.l(iusefp.o)
    0x08000308   0x08000308   0x000000be   Code   RO         4729    .text               mf_p.l(depilogue.o)
    0x080003c6   0x080003c6   0x00000002   PAD
    0x080003c8   0x080003c8   0x00000024   Code   RO         4741    .text               mc_p.l(init.o)
    0x080003ec   0x080003ec   0x00000020   Code   RO         4743    .text               mc_p.l(llshl.o)
    0x0800040c   0x0800040c   0x00000052   Code   RO          898    i.ADC_ConversionStop  stm32f0xx_hal_adc.o
    0x0800045e   0x0800045e   0x00000066   Code   RO          902    i.ADC_Disable       stm32f0xx_hal_adc.o
    0x080004c4   0x080004c4   0x00000084   Code   RO          903    i.ADC_Enable        stm32f0xx_hal_adc.o
    0x08000548   0x08000548   0x0000012c   Code   RO          905    i.HAL_ADC_ConfigChannel  stm32f0xx_hal_adc.o
    0x08000674   0x08000674   0x00000006   Code   RO          912    i.HAL_ADC_GetValue  stm32f0xx_hal_adc.o
    0x0800067a   0x0800067a   0x00000002   PAD
    0x0800067c   0x0800067c   0x00000174   Code   RO          914    i.HAL_ADC_Init      stm32f0xx_hal_adc.o
    0x080007f0   0x080007f0   0x00000028   Code   RO          800    i.HAL_ADC_MspDeInit  stm32f0xx_hal_msp.o
    0x08000818   0x08000818   0x00000040   Code   RO          801    i.HAL_ADC_MspInit   stm32f0xx_hal_msp.o
    0x08000858   0x08000858   0x000000be   Code   RO          918    i.HAL_ADC_PollForConversion  stm32f0xx_hal_adc.o
    0x08000916   0x08000916   0x00000002   PAD
    0x08000918   0x08000918   0x0000005c   Code   RO          920    i.HAL_ADC_Start     stm32f0xx_hal_adc.o
    0x08000974   0x08000974   0x0000003e   Code   RO          923    i.HAL_ADC_Stop      stm32f0xx_hal_adc.o
    0x080009b2   0x080009b2   0x0000001c   Code   RO         3687    i.HAL_Delay         stm32f0xx_hal.o
    0x080009ce   0x080009ce   0x00000002   PAD
    0x080009d0   0x080009d0   0x000000c8   Code   RO         3819    i.HAL_GPIO_DeInit   stm32f0xx_hal_gpio.o
    0x08000a98   0x08000a98   0x0000013c   Code   RO         3822    i.HAL_GPIO_Init     stm32f0xx_hal_gpio.o
    0x08000bd4   0x08000bd4   0x0000000a   Code   RO         3824    i.HAL_GPIO_ReadPin  stm32f0xx_hal_gpio.o
    0x08000bde   0x08000bde   0x0000000c   Code   RO         3826    i.HAL_GPIO_WritePin  stm32f0xx_hal_gpio.o
    0x08000bea   0x08000bea   0x00000002   PAD
    0x08000bec   0x08000bec   0x0000000c   Code   RO         3691    i.HAL_GetTick       stm32f0xx_hal.o
    0x08000bf8   0x08000bf8   0x00000076   Code   RO         3106    i.HAL_HalfDuplex_Init  stm32f0xx_hal_uart.o
    0x08000c6e   0x08000c6e   0x0000004a   Code   RO         1518    i.HAL_I2CEx_ConfigAnalogFilter  stm32f0xx_hal_i2c_ex.o
    0x08000cb8   0x08000cb8   0x00000048   Code   RO         1519    i.HAL_I2CEx_ConfigDigitalFilter  stm32f0xx_hal_i2c_ex.o
    0x08000d00   0x08000d00   0x000000b4   Code   RO         1105    i.HAL_I2C_Init      stm32f0xx_hal_i2c.o
    0x08000db4   0x08000db4   0x00000158   Code   RO         1121    i.HAL_I2C_Mem_Read  stm32f0xx_hal_i2c.o
    0x08000f0c   0x08000f0c   0x00000154   Code   RO         1124    i.HAL_I2C_Mem_Write  stm32f0xx_hal_i2c.o
    0x08001060   0x08001060   0x00000048   Code   RO          803    i.HAL_I2C_MspInit   stm32f0xx_hal_msp.o
    0x080010a8   0x080010a8   0x00000010   Code   RO         3695    i.HAL_IncTick       stm32f0xx_hal.o
    0x080010b8   0x080010b8   0x00000020   Code   RO         3696    i.HAL_Init          stm32f0xx_hal.o
    0x080010d8   0x080010d8   0x00000022   Code   RO         3697    i.HAL_InitTick      stm32f0xx_hal.o
    0x080010fa   0x080010fa   0x00000002   PAD
    0x080010fc   0x080010fc   0x00000044   Code   RO          804    i.HAL_MspInit       stm32f0xx_hal_msp.o
    0x08001140   0x08001140   0x00000014   Code   RO         3979    i.HAL_NVIC_EnableIRQ  stm32f0xx_hal_cortex.o
    0x08001154   0x08001154   0x00000008   Code   RO         3983    i.HAL_NVIC_SetPriority  stm32f0xx_hal_cortex.o
    0x0800115c   0x0800115c   0x00000034   Code   RO         4082    i.HAL_PWR_EnterSTOPMode  stm32f0xx_hal_pwr.o
    0x08001190   0x08001190   0x0000010c   Code   RO         3607    i.HAL_RCCEx_PeriphCLKConfig  stm32f0xx_hal_rcc_ex.o
    0x0800129c   0x0800129c   0x00000154   Code   RO         3505    i.HAL_RCC_ClockConfig  stm32f0xx_hal_rcc.o
    0x080013f0   0x080013f0   0x0000000c   Code   RO         3510    i.HAL_RCC_GetHCLKFreq  stm32f0xx_hal_rcc.o
    0x080013fc   0x080013fc   0x00000020   Code   RO         3512    i.HAL_RCC_GetPCLK1Freq  stm32f0xx_hal_rcc.o
    0x0800141c   0x0800141c   0x00000088   Code   RO         3513    i.HAL_RCC_GetSysClockFreq  stm32f0xx_hal_rcc.o
    0x080014a4   0x080014a4   0x000003d8   Code   RO         3516    i.HAL_RCC_OscConfig  stm32f0xx_hal_rcc.o
    0x0800187c   0x0800187c   0x00000040   Code   RO          640    i.HAL_RTC_AlarmAEventCallback  main.o
    0x080018bc   0x080018bc   0x00000038   Code   RO         1595    i.HAL_RTC_AlarmIRQHandler  stm32f0xx_hal_rtc.o
    0x080018f4   0x080018f4   0x000000b4   Code   RO         1602    i.HAL_RTC_Init      stm32f0xx_hal_rtc.o
    0x080019a8   0x080019a8   0x00000030   Code   RO          806    i.HAL_RTC_MspInit   stm32f0xx_hal_msp.o
    0x080019d8   0x080019d8   0x0000012c   Code   RO         1607    i.HAL_RTC_SetAlarm_IT  stm32f0xx_hal_rtc.o
    0x08001b04   0x08001b04   0x000000c8   Code   RO         1608    i.HAL_RTC_SetDate   stm32f0xx_hal_rtc.o
    0x08001bcc   0x08001bcc   0x000000e4   Code   RO         1609    i.HAL_RTC_SetTime   stm32f0xx_hal_rtc.o
    0x08001cb0   0x08001cb0   0x00000034   Code   RO         1610    i.HAL_RTC_WaitForSynchro  stm32f0xx_hal_rtc.o
    0x08001ce4   0x08001ce4   0x000000b8   Code   RO         1896    i.HAL_SPI_Init      stm32f0xx_hal_spi.o
    0x08001d9c   0x08001d9c   0x00000044   Code   RO          808    i.HAL_SPI_MspInit   stm32f0xx_hal_msp.o
    0x08001de0   0x08001de0   0x00000248   Code   RO         1905    i.HAL_SPI_TransmitReceive  stm32f0xx_hal_spi.o
    0x08002028   0x08002028   0x00000018   Code   RO         3985    i.HAL_SYSTICK_CLKSourceConfig  stm32f0xx_hal_cortex.o
    0x08002040   0x08002040   0x00000002   Code   RO         3986    i.HAL_SYSTICK_Callback  stm32f0xx_hal_cortex.o
    0x08002042   0x08002042   0x00000002   PAD
    0x08002044   0x08002044   0x00000030   Code   RO         3987    i.HAL_SYSTICK_Config  stm32f0xx_hal_cortex.o
    0x08002074   0x08002074   0x00000008   Code   RO         3988    i.HAL_SYSTICK_IRQHandler  stm32f0xx_hal_cortex.o
    0x0800207c   0x0800207c   0x00000002   Code   RO         2869    i.HAL_TIMEx_BreakCallback  stm32f0xx_hal_tim_ex.o
    0x0800207e   0x0800207e   0x00000002   Code   RO         2870    i.HAL_TIMEx_CommutationCallback  stm32f0xx_hal_tim_ex.o
    0x08002080   0x08002080   0x00000048   Code   RO         2886    i.HAL_TIMEx_MasterConfigSynchronization  stm32f0xx_hal_tim_ex.o
    0x080020c8   0x080020c8   0x00000034   Code   RO         2230    i.HAL_TIM_Base_Init  stm32f0xx_hal_tim.o
    0x080020fc   0x080020fc   0x00000050   Code   RO          810    i.HAL_TIM_Base_MspInit  stm32f0xx_hal_msp.o
    0x0800214c   0x0800214c   0x00000018   Code   RO         2233    i.HAL_TIM_Base_Start  stm32f0xx_hal_tim.o
    0x08002164   0x08002164   0x00000016   Code   RO         2235    i.HAL_TIM_Base_Start_IT  stm32f0xx_hal_tim.o
    0x0800217a   0x0800217a   0x000000ee   Code   RO         2239    i.HAL_TIM_ConfigClockSource  stm32f0xx_hal_tim.o
    0x08002268   0x08002268   0x00000002   Code   RO         2261    i.HAL_TIM_IC_CaptureCallback  stm32f0xx_hal_tim.o
    0x0800226a   0x0800226a   0x00000162   Code   RO         2274    i.HAL_TIM_IRQHandler  stm32f0xx_hal_tim.o
    0x080023cc   0x080023cc   0x0000002c   Code   RO          811    i.HAL_TIM_MspPostInit  stm32f0xx_hal_msp.o
    0x080023f8   0x080023f8   0x00000002   Code   RO         2277    i.HAL_TIM_OC_DelayElapsedCallback  stm32f0xx_hal_tim.o
    0x080023fa   0x080023fa   0x000000d0   Code   RO         2298    i.HAL_TIM_PWM_ConfigChannel  stm32f0xx_hal_tim.o
    0x080024ca   0x080024ca   0x00000034   Code   RO         2301    i.HAL_TIM_PWM_Init  stm32f0xx_hal_tim.o
    0x080024fe   0x080024fe   0x00000002   Code   RO         2303    i.HAL_TIM_PWM_MspInit  stm32f0xx_hal_tim.o
    0x08002500   0x08002500   0x00000002   Code   RO         2304    i.HAL_TIM_PWM_PulseFinishedCallback  stm32f0xx_hal_tim.o
    0x08002502   0x08002502   0x00000002   PAD
    0x08002504   0x08002504   0x00000044   Code   RO         2305    i.HAL_TIM_PWM_Start  stm32f0xx_hal_tim.o
    0x08002548   0x08002548   0x00000014   Code   RO          641    i.HAL_TIM_PeriodElapsedCallback  main.o
    0x0800255c   0x0800255c   0x00000002   Code   RO         2315    i.HAL_TIM_TriggerCallback  stm32f0xx_hal_tim.o
    0x0800255e   0x0800255e   0x00000002   PAD
    0x08002560   0x08002560   0x00000048   Code   RO          813    i.HAL_UART_MspInit  stm32f0xx_hal_msp.o
    0x080025a8   0x080025a8   0x000000c8   Code   RO         3136    i.HAL_UART_Transmit  stm32f0xx_hal_uart.o
    0x08002670   0x08002670   0x00000002   Code   RO          740    i.HardFault_Handler  stm32f0xx_it.o
    0x08002672   0x08002672   0x00000022   Code   RO         1147    i.I2C_Flush_TXDR    stm32f0xx_hal_i2c.o
    0x08002694   0x08002694   0x00000074   Code   RO         1155    i.I2C_IsAcknowledgeFailed  stm32f0xx_hal_i2c.o
    0x08002708   0x08002708   0x0000006a   Code   RO         1158    i.I2C_RequestMemoryRead  stm32f0xx_hal_i2c.o
    0x08002772   0x08002772   0x0000006a   Code   RO         1159    i.I2C_RequestMemoryWrite  stm32f0xx_hal_i2c.o
    0x080027dc   0x080027dc   0x00000024   Code   RO         1162    i.I2C_TransferConfig  stm32f0xx_hal_i2c.o
    0x08002800   0x08002800   0x00000048   Code   RO         1163    i.I2C_WaitOnFlagUntilTimeout  stm32f0xx_hal_i2c.o
    0x08002848   0x08002848   0x0000004e   Code   RO         1165    i.I2C_WaitOnSTOPFlagUntilTimeout  stm32f0xx_hal_i2c.o
    0x08002896   0x08002896   0x00000052   Code   RO         1166    i.I2C_WaitOnTXISFlagUntilTimeout  stm32f0xx_hal_i2c.o
    0x080028e8   0x080028e8   0x00000070   Code   RO          642    i.MX_ADC_Init       main.o
    0x08002958   0x08002958   0x000000a0   Code   RO          643    i.MX_GPIO_Init      main.o
    0x080029f8   0x080029f8   0x00000054   Code   RO          644    i.MX_I2C1_Init      main.o
    0x08002a4c   0x08002a4c   0x000000a0   Code   RO          645    i.MX_RTC_Init       main.o
    0x08002aec   0x08002aec   0x0000004c   Code   RO          646    i.MX_SPI1_Init      main.o
    0x08002b38   0x08002b38   0x00000084   Code   RO          647    i.MX_TIM2_Init      main.o
    0x08002bbc   0x08002bbc   0x00000038   Code   RO          648    i.MX_USART2_UART_Init  main.o
    0x08002bf4   0x08002bf4   0x00000002   Code   RO          741    i.NMI_Handler       stm32f0xx_it.o
    0x08002bf6   0x08002bf6   0x00000002   PAD
    0x08002bf8   0x08002bf8   0x00000044   Code   RO         3989    i.NVIC_SetPriority  stm32f0xx_hal_cortex.o
    0x08002c3c   0x08002c3c   0x00000002   Code   RO          742    i.PendSV_Handler    stm32f0xx_it.o
    0x08002c3e   0x08002c3e   0x00000010   Code   RO         1611    i.RTC_Bcd2ToByte    stm32f0xx_hal_rtc.o
    0x08002c4e   0x08002c4e   0x00000016   Code   RO         1612    i.RTC_ByteToBcd2    stm32f0xx_hal_rtc.o
    0x08002c64   0x08002c64   0x00000038   Code   RO         1613    i.RTC_EnterInitMode  stm32f0xx_hal_rtc.o
    0x08002c9c   0x08002c9c   0x00000010   Code   RO          743    i.RTC_IRQHandler    stm32f0xx_it.o
    0x08002cac   0x08002cac   0x0000004c   Code   RO         1934    i.SPI_EndRxTxTransaction  stm32f0xx_hal_spi.o
    0x08002cf8   0x08002cf8   0x00000096   Code   RO         1939    i.SPI_WaitFifoStateUntilTimeout  stm32f0xx_hal_spi.o
    0x08002d8e   0x08002d8e   0x0000008c   Code   RO         1940    i.SPI_WaitFlagStateUntilTimeout  stm32f0xx_hal_spi.o
    0x08002e1a   0x08002e1a   0x00000002   Code   RO          744    i.SVC_Handler       stm32f0xx_it.o
    0x08002e1c   0x08002e1c   0x0000000c   Code   RO          745    i.SysTick_Handler   stm32f0xx_it.o
    0x08002e28   0x08002e28   0x0000007c   Code   RO          649    i.SystemClock_Config  main.o
    0x08002ea4   0x08002ea4   0x0000005c   Code   RO         4396    i.SystemInit        system_stm32f0xx.o
    0x08002f00   0x08002f00   0x00000010   Code   RO          746    i.TIM17_IRQHandler  stm32f0xx_it.o
    0x08002f10   0x08002f10   0x00000084   Code   RO         2316    i.TIM_Base_SetConfig  stm32f0xx_hal_tim.o
    0x08002f94   0x08002f94   0x00000016   Code   RO         2317    i.TIM_CCxChannelCmd  stm32f0xx_hal_tim.o
    0x08002faa   0x08002faa   0x00000016   Code   RO         2323    i.TIM_ETR_SetConfig  stm32f0xx_hal_tim.o
    0x08002fc0   0x08002fc0   0x00000010   Code   RO         2324    i.TIM_ITRx_SetConfig  stm32f0xx_hal_tim.o
    0x08002fd0   0x08002fd0   0x00000078   Code   RO         2325    i.TIM_OC1_SetConfig  stm32f0xx_hal_tim.o
    0x08003048   0x08003048   0x00000074   Code   RO         2326    i.TIM_OC2_SetConfig  stm32f0xx_hal_tim.o
    0x080030bc   0x080030bc   0x00000078   Code   RO         2327    i.TIM_OC3_SetConfig  stm32f0xx_hal_tim.o
    0x08003134   0x08003134   0x00000060   Code   RO         2328    i.TIM_OC4_SetConfig  stm32f0xx_hal_tim.o
    0x08003194   0x08003194   0x00000022   Code   RO         2330    i.TIM_TI1_ConfigInputStage  stm32f0xx_hal_tim.o
    0x080031b6   0x080031b6   0x00000026   Code   RO         2332    i.TIM_TI2_ConfigInputStage  stm32f0xx_hal_tim.o
    0x080031dc   0x080031dc   0x000000ca   Code   RO         3141    i.UART_AdvFeatureConfig  stm32f0xx_hal_uart.o
    0x080032a6   0x080032a6   0x00000002   PAD
    0x080032a8   0x080032a8   0x00000068   Code   RO         3142    i.UART_CheckIdleState  stm32f0xx_hal_uart.o
    0x08003310   0x08003310   0x00000130   Code   RO         3157    i.UART_SetConfig    stm32f0xx_hal_uart.o
    0x08003440   0x08003440   0x00000062   Code   RO         3159    i.UART_WaitOnFlagUntilTimeout  stm32f0xx_hal_uart.o
    0x080034a2   0x080034a2   0x00000002   PAD
    0x080034a4   0x080034a4   0x00000400   Code   RO           12    i.VL53L0X_init      vl53l0x.o
    0x080038a4   0x080038a4   0x00000020   Code   RO         4481    i.__0printf$1       mc_p.l(printf1.o)
    0x080038c4   0x080038c4   0x0000002e   Code   RO         4731    i.__ARM_clz         mf_p.l(depilogue.o)
    0x080038f2   0x080038f2   0x0000000e   Code   RO         4749    i.__scatterload_copy  mc_p.l(handlers.o)
    0x08003900   0x08003900   0x00000002   Code   RO         4750    i.__scatterload_null  mc_p.l(handlers.o)
    0x08003902   0x08003902   0x0000000e   Code   RO         4751    i.__scatterload_zeroinit  mc_p.l(handlers.o)
    0x08003910   0x08003910   0x00000150   Code   RO         4488    i._printf_core      mc_p.l(printf1.o)
    0x08003a60   0x08003a60   0x00000030   Code   RO          578    i.animation_init    animation.o
    0x08003a90   0x08003a90   0x0000004c   Code   RO          579    i.animation_update  animation.o
    0x08003adc   0x08003adc   0x00000028   Code   RO          496    i.build_packet_stat  helpers.o
    0x08003b04   0x08003b04   0x0000001c   Code   RO          497    i.build_packet_trig  helpers.o
    0x08003b20   0x08003b20   0x00000034   Code   RO          614    i.button_update     sleepybutton.o
    0x08003b54   0x08003b54   0x0000004c   Code   RO          498    i.check_battery     helpers.o
    0x08003ba0   0x08003ba0   0x0000000c   Code   RO           13    i.decodeTimeout     vl53l0x.o
    0x08003bac   0x08003bac   0x0000001e   Code   RO           14    i.encodeTimeout     vl53l0x.o
    0x08003bca   0x08003bca   0x00000002   PAD
    0x08003bcc   0x08003bcc   0x00000018   Code   RO          651    i.fputc             main.o
    0x08003be4   0x08003be4   0x00000084   Code   RO           15    i.getMeasurementTimingBudget  vl53l0x.o
    0x08003c68   0x08003c68   0x00000028   Code   RO           16    i.getSequenceStepEnables  vl53l0x.o
    0x08003c90   0x08003c90   0x00000060   Code   RO           17    i.getSequenceStepTimeouts  vl53l0x.o
    0x08003cf0   0x08003cf0   0x000000ec   Code   RO           19    i.getSpadInfo       vl53l0x.o
    0x08003ddc   0x08003ddc   0x00000020   Code   RO           20    i.getVcselPulsePeriod  vl53l0x.o
    0x08003dfc   0x08003dfc   0x000000a0   Code   RO          499    i.get_baseline      helpers.o
    0x08003e9c   0x08003e9c   0x00000020   Code   RO          500    i.get_trigger_threshold  helpers.o
    0x08003ebc   0x08003ebc   0x00000210   Code   RO          652    i.main              main.o
    0x080040cc   0x080040cc   0x0000001a   Code   RO          317    i.nrf24_ce_digitalWrite  radiopinfunctions.o
    0x080040e6   0x080040e6   0x00000002   PAD
    0x080040e8   0x080040e8   0x00000078   Code   RO          349    i.nrf24_config      nrf24.o
    0x08004160   0x08004160   0x00000024   Code   RO          350    i.nrf24_configRegister  nrf24.o
    0x08004184   0x08004184   0x0000001c   Code   RO          318    i.nrf24_csn_digitalWrite  radiopinfunctions.o
    0x080041a0   0x080041a0   0x0000001a   Code   RO          353    i.nrf24_getStatus   nrf24.o
    0x080041ba   0x080041ba   0x00000010   Code   RO          354    i.nrf24_init        nrf24.o
    0x080041ca   0x080041ca   0x00000014   Code   RO          355    i.nrf24_isSending   nrf24.o
    0x080041de   0x080041de   0x0000001a   Code   RO          356    i.nrf24_lastMessageStatus  nrf24.o
    0x080041f8   0x080041f8   0x00000032   Code   RO          360    i.nrf24_powerUpRx   nrf24.o
    0x0800422a   0x0800422a   0x00000014   Code   RO          361    i.nrf24_powerUpTx   nrf24.o
    0x0800423e   0x0800423e   0x00000028   Code   RO          362    i.nrf24_readRegister  nrf24.o
    0x08004266   0x08004266   0x00000016   Code   RO          363    i.nrf24_retransmissionCount  nrf24.o
    0x0800427c   0x0800427c   0x0000001c   Code   RO          365    i.nrf24_rx_address  nrf24.o
    0x08004298   0x08004298   0x00000048   Code   RO          366    i.nrf24_send        nrf24.o
    0x080042e0   0x080042e0   0x0000001e   Code   RO          367    i.nrf24_transferSync  nrf24.o
    0x080042fe   0x080042fe   0x0000001a   Code   RO          368    i.nrf24_transmitSync  nrf24.o
    0x08004318   0x08004318   0x0000001a   Code   RO          369    i.nrf24_tx_address  nrf24.o
    0x08004332   0x08004332   0x00000028   Code   RO          370    i.nrf24_writeRegister  nrf24.o
    0x0800435a   0x0800435a   0x00000002   PAD
    0x0800435c   0x0800435c   0x00000054   Code   RO           21    i.performSingleRefCalibration  vl53l0x.o
    0x080043b0   0x080043b0   0x00000024   Code   RO           22    i.readMulti         vl53l0x.o
    0x080043d4   0x080043d4   0x00000050   Code   RO           23    i.readRangeContinuousMillimeters  vl53l0x.o
    0x08004424   0x08004424   0x00000084   Code   RO           24    i.readRangeSingleMillimeters  vl53l0x.o
    0x080044a8   0x080044a8   0x0000002c   Code   RO           25    i.readReg           vl53l0x.o
    0x080044d4   0x080044d4   0x00000034   Code   RO           26    i.readReg16Bit      vl53l0x.o
    0x08004508   0x08004508   0x00000050   Code   RO          501    i.send_packet       helpers.o
    0x08004558   0x08004558   0x000000bc   Code   RO           29    i.setMeasurementTimingBudget  vl53l0x.o
    0x08004614   0x08004614   0x00000030   Code   RO           30    i.setSignalRateLimit  vl53l0x.o
    0x08004644   0x08004644   0x00000024   Code   RO          371    i.spi_transfer      nrf24.o
    0x08004668   0x08004668   0x0000000c   Code   RO          580    i.start_animation   animation.o
    0x08004674   0x08004674   0x0000002c   Code   RO           34    i.timeoutMclksToMicroseconds  vl53l0x.o
    0x080046a0   0x080046a0   0x0000002c   Code   RO           35    i.timeoutMicrosecondsToMclks  vl53l0x.o
    0x080046cc   0x080046cc   0x00000058   Code   RO          502    i.tof_calibrate     helpers.o
    0x08004724   0x08004724   0x00000084   Code   RO          503    i.tx_test           helpers.o
    0x080047a8   0x080047a8   0x00000024   Code   RO           37    i.writeMulti        vl53l0x.o
    0x080047cc   0x080047cc   0x0000002c   Code   RO           38    i.writeReg          vl53l0x.o
    0x080047f8   0x080047f8   0x00000030   Code   RO           39    i.writeReg16Bit     vl53l0x.o
    0x08004828   0x08004828   0x0000003d   Data   RO          581    .constdata          animation.o
    0x08004865   0x08004865   0x00000010   Data   RO         4397    .constdata          system_stm32f0xx.o
    0x08004875   0x08004875   0x00000008   Data   RO         4398    .constdata          system_stm32f0xx.o
    0x0800487d   0x0800487d   0x00000003   PAD
    0x08004880   0x08004880   0x00000020   Data   RO         4747    Region$$Table       anon$$obj.o


    Execution Region RW_IRAM1 (Exec base: 0x20000000, Load base: 0x080048a0, Size: 0x00000690, Max: 0x00001800, ABSOLUTE)

    Exec Addr    Load Addr    Size         Type   Attr      Idx    E Section Name        Object

    0x20000000   0x080048a0   0x0000000c   Data   RW           41    .data               vl53l0x.o
    0x2000000c   0x080048ac   0x00000001   Data   RW          372    .data               nrf24.o
    0x2000000d   0x080048ad   0x00000001   PAD
    0x2000000e   0x080048ae   0x00000008   Data   RW          505    .data               helpers.o
    0x20000016   0x080048b6   0x00000002   PAD
    0x20000018   0x080048b8   0x00000010   Data   RW          582    .data               animation.o
    0x20000028   0x080048c8   0x00000008   Data   RW          615    .data               sleepybutton.o
    0x20000030   0x080048d0   0x00000024   Data   RW          655    .data               main.o
    0x20000054   0x080048f4   0x00000004   Data   RW         3702    .data               stm32f0xx_hal.o
    0x20000058   0x080048f8   0x00000004   Data   RW         4399    .data               system_stm32f0xx.o
    0x2000005c   0x080048fc   0x00000004   Data   RW         4723    .data               mc_p.l(stdout.o)
    0x20000060        -       0x00000020   Zero   RW          504    .bss                helpers.o
    0x20000080        -       0x0000020c   Zero   RW          653    .bss                main.o
    0x2000028c   0x08004900   0x00000004   PAD
    0x20000290        -       0x00000400   Zero   RW            1    STACK               startup_stm32f042x6.o


==============================================================================

Image component sizes


      Code (inc. data)   RO Data    RW Data    ZI Data      Debug   Object Name

       136         22         61         16          0       2195   animation.o
       636        188          0          8         32       5475   helpers.o
      1540        246          0         36        524       9022   main.o
       634         12          0          1          0       9406   nrf24.o
        54          4          0          0          0       1049   radiopinfunctions.o
        52          4          0          8          0        955   sleepybutton.o
        88         38        192          0       1024        644   startup_stm32f042x6.o
       122         18          0          4          0       3603   stm32f0xx_hal.o
      1338         42          0          0          0       7801   stm32f0xx_hal_adc.o
       178         28          0          0          0      10499   stm32f0xx_hal_cortex.o
       538         40          0          0          0       3689   stm32f0xx_hal_gpio.o
      1494         26          0          0          0      11722   stm32f0xx_hal_i2c.o
       146          0          0          0          0       1895   stm32f0xx_hal_i2c_ex.o
       556         72          0          0          0       5578   stm32f0xx_hal_msp.o
        52          8          0          0          0        624   stm32f0xx_hal_pwr.o
      1504        102          0          0          0       5149   stm32f0xx_hal_rcc.o
       268         14          0          0          0       1484   stm32f0xx_hal_rcc_ex.o
      1110         26          0          0          0       7372   stm32f0xx_hal_rtc.o
      1134          0          0          0          0       5761   stm32f0xx_hal_spi.o
      1744         82          0          0          0      16003   stm32f0xx_hal_tim.o
        76          0          0          0          0       2302   stm32f0xx_hal_tim_ex.o
      1026         32          0          0          0       5953   stm32f0xx_hal_uart.o
        52         12          0          0          0       2963   stm32f0xx_it.o
        92         14         24          4          0       1135   system_stm32f0xx.o
      2482        154          0         12          0     508050   vl53l0x.o

    ----------------------------------------------------------------------
     17080       1184        312         92       1584     630329   Object Totals
         0          0         32          0          0          0   (incl. Generated)
        28          0          3          3          4          0   (incl. Padding)

    ----------------------------------------------------------------------

      Code (inc. data)   RO Data    RW Data    ZI Data      Debug   Library Member Name

         0          0          0          0          0          0   entry.o
         0          0          0          0          0          0   entry10a.o
         0          0          0          0          0          0   entry11a.o
         8          4          0          0          0          0   entry2.o
         4          0          0          0          0          0   entry5.o
         0          0          0          0          0          0   entry7b.o
         0          0          0          0          0          0   entry8b.o
         8          4          0          0          0          0   entry9a.o
        30          0          0          0          0          0   handlers.o
        36          8          0          0          0         68   init.o
         0          0          0          0          0          0   iusefp.o
        32          0          0          0          0         68   llshl.o
        34          0          0          0          0         68   llushr.o
        36          0          0          0          0        100   memseta.o
       368         12          0          0          0        168   printf1.o
         0          0          0          4          0          0   stdout.o
        44          0          0          0          0         72   uidiv.o
       236          0          0          0          0        216   depilogue.o
        60         10          0          0          0         68   dfixui.o
        28          4          0          0          0         68   dfltui.o
       208          6          0          0          0         88   dmul.o
        40          0          0          0          0         60   ffixui.o
        24          0          0          0          0         60   fscalb.o

    ----------------------------------------------------------------------
      1200         48          0          4          0       1104   Library Totals
         4          0          0          0          0          0   (incl. Padding)

    ----------------------------------------------------------------------

      Code (inc. data)   RO Data    RW Data    ZI Data      Debug   Library Name

       600         28          0          4          0        544   mc_p.l
       596         20          0          0          0        560   mf_p.l

    ----------------------------------------------------------------------
      1200         48          0          4          0       1104   Library Totals

    ----------------------------------------------------------------------

==============================================================================


      Code (inc. data)   RO Data    RW Data    ZI Data      Debug   

     18280       1232        312         96       1584     623665   Grand Totals
     18280       1232        312         96       1584     623665   ELF Image Totals
     18280       1232        312         96          0          0   ROM Totals

==============================================================================

    Total RO  Size (Code + RO Data)                18592 (  18.16kB)
    Total RW  Size (RW Data + ZI Data)              1680 (   1.64kB)
    Total ROM Size (Code + RO Data + RW Data)      18688 (  18.25kB)

==============================================================================

